Component: ARM Compiler 5.06 update 3 (build 300) Tool: armlink [4d35c9]

==============================================================================

Section Cross References

    main.o(i.TaskDelayedInit) refers to list.o(i.ListInit) for ListInit
    main.o(i.TaskDelayedInit) refers to main.o(.bss) for listTaskDelay
    main.o(i.TaskHighestReady) refers to bitmap.o(i.BitmapGetFirstSet) for BitmapGetFirstSet
    main.o(i.TaskHighestReady) refers to list.o(i.ListFirst) for ListFirst
    main.o(i.TaskHighestReady) refers to main.o(.data) for taskPrioBitmap
    main.o(i.TaskHighestReady) refers to main.o(.bss) for listTaskTable
    main.o(i.TaskSched) refers to main.o(i.TaskEnterCritical) for TaskEnterCritical
    main.o(i.TaskSched) refers to main.o(i.TaskExitCritical) for TaskExitCritical
    main.o(i.TaskSched) refers to main.o(i.TaskHighestReady) for TaskHighestReady
    main.o(i.TaskSched) refers to switch.o(i.TaskSwitch) for TaskSwitch
    main.o(i.TaskSched) refers to main.o(.data) for schedLockCount
    main.o(i.TaskSchedDisable) refers to main.o(i.TaskEnterCritical) for TaskEnterCritical
    main.o(i.TaskSchedDisable) refers to main.o(i.TaskExitCritical) for TaskExitCritical
    main.o(i.TaskSchedDisable) refers to main.o(.data) for schedLockCount
    main.o(i.TaskSchedEnable) refers to main.o(i.TaskEnterCritical) for TaskEnterCritical
    main.o(i.TaskSchedEnable) refers to main.o(i.TaskSched) for TaskSched
    main.o(i.TaskSchedEnable) refers to main.o(i.TaskExitCritical) for TaskExitCritical
    main.o(i.TaskSchedEnable) refers to main.o(.data) for schedLockCount
    main.o(i.TaskSchedInit) refers to bitmap.o(i.BitmapInit) for BitmapInit
    main.o(i.TaskSchedInit) refers to list.o(i.ListInit) for ListInit
    main.o(i.TaskSchedInit) refers to main.o(.data) for schedLockCount
    main.o(i.TaskSchedInit) refers to main.o(.bss) for listTaskTable
    main.o(i.TaskSchedRdy) refers to list.o(i.ListAddFirst) for ListAddFirst
    main.o(i.TaskSchedRdy) refers to bitmap.o(i.BitmapSet) for BitmapSet
    main.o(i.TaskSchedRdy) refers to main.o(.bss) for listTaskTable
    main.o(i.TaskSchedRdy) refers to main.o(.data) for taskPrioBitmap
    main.o(i.TaskSchedRemove) refers to list.o(i.ListRemove) for ListRemove
    main.o(i.TaskSchedRemove) refers to list.o(i.ListCount) for ListCount
    main.o(i.TaskSchedRemove) refers to bitmap.o(i.BitmapClear) for BitmapClear
    main.o(i.TaskSchedRemove) refers to main.o(.bss) for listTaskTable
    main.o(i.TaskSchedRemove) refers to main.o(.data) for taskPrioBitmap
    main.o(i.TaskSchedUnRdy) refers to list.o(i.ListRemove) for ListRemove
    main.o(i.TaskSchedUnRdy) refers to list.o(i.ListCount) for ListCount
    main.o(i.TaskSchedUnRdy) refers to bitmap.o(i.BitmapClear) for BitmapClear
    main.o(i.TaskSchedUnRdy) refers to main.o(.bss) for listTaskTable
    main.o(i.TaskSchedUnRdy) refers to main.o(.data) for taskPrioBitmap
    main.o(i.TaskSystemTickHandler) refers to main.o(i.TaskEnterCritical) for TaskEnterCritical
    main.o(i.TaskSystemTickHandler) refers to main.o(i.TimeTaskWakeUp) for TimeTaskWakeUp
    main.o(i.TaskSystemTickHandler) refers to main.o(i.TaskSchedRdy) for TaskSchedRdy
    main.o(i.TaskSystemTickHandler) refers to list.o(i.ListRemoveFirst) for ListRemoveFirst
    main.o(i.TaskSystemTickHandler) refers to list.o(i.ListAddLast) for ListAddLast
    main.o(i.TaskSystemTickHandler) refers to main.o(i.TaskExitCritical) for TaskExitCritical
    main.o(i.TaskSystemTickHandler) refers to main.o(i.TaskSched) for TaskSched
    main.o(i.TaskSystemTickHandler) refers to main.o(.bss) for listTaskDelay
    main.o(i.TaskSystemTickHandler) refers to main.o(.data) for curTask
    main.o(i.TimeTaskRemove) refers to list.o(i.ListRemove) for ListRemove
    main.o(i.TimeTaskRemove) refers to main.o(.bss) for listTaskDelay
    main.o(i.TimeTaskWait) refers to list.o(i.ListAddFirst) for ListAddFirst
    main.o(i.TimeTaskWait) refers to list.o(i.ListInsertAfter) for ListInsertAfter
    main.o(i.TimeTaskWait) refers to main.o(.bss) for listTaskDelay
    main.o(i.TimeTaskWakeUp) refers to list.o(i.ListRemove) for ListRemove
    main.o(i.TimeTaskWakeUp) refers to main.o(.bss) for listTaskDelay
    main.o(i.main) refers to main.o(i.TaskSchedInit) for TaskSchedInit
    main.o(i.main) refers to list.o(i.ListInit) for ListInit
    main.o(i.main) refers to app.o(i.InitApp) for InitApp
    main.o(i.main) refers to task.o(i.TaskInit) for TaskInit
    main.o(i.main) refers to main.o(i.TaskHighestReady) for TaskHighestReady
    main.o(i.main) refers to switch.o(i.TaskRun) for TaskRun
    main.o(i.main) refers to main.o(.bss) for listTaskDelay
    main.o(i.main) refers to main.o(i.IdleTask) for IdleTask
    main.o(i.main) refers to main.o(.data) for idleTask
    switch.o(.emb_text) refers to main.o(.data) for curTask
    bitmap.o(i.BitmapGetFirstSet) refers to bitmap.o(i.BitmapPosCount) for BitmapPosCount
    bitmap.o(i.BitmapGetFirstSet) refers to bitmap.o(.constdata) for quickFindTable
    list.o(i.ListRemoveAll) refers to list.o(i.ListInit) for ListInit
    list.o(i.ListRemoveFirst) refers to list.o(i.ListInit) for ListInit
    task.o(i.TaskDeleteSelf) refers to main.o(i.TaskEnterCritical) for TaskEnterCritical
    task.o(i.TaskDeleteSelf) refers to main.o(i.TaskSchedRemove) for TaskSchedRemove
    task.o(i.TaskDeleteSelf) refers to main.o(i.TaskSched) for TaskSched
    task.o(i.TaskDeleteSelf) refers to main.o(i.TaskExitCritical) for TaskExitCritical
    task.o(i.TaskDeleteSelf) refers to main.o(.data) for curTask
    task.o(i.TaskForceDelete) refers to main.o(i.TaskEnterCritical) for TaskEnterCritical
    task.o(i.TaskForceDelete) refers to main.o(i.TimeTaskRemove) for TimeTaskRemove
    task.o(i.TaskForceDelete) refers to main.o(i.TaskSchedRemove) for TaskSchedRemove
    task.o(i.TaskForceDelete) refers to main.o(i.TaskSched) for TaskSched
    task.o(i.TaskForceDelete) refers to main.o(i.TaskExitCritical) for TaskExitCritical
    task.o(i.TaskForceDelete) refers to main.o(.data) for curTask
    task.o(i.TaskGetInfo) refers to main.o(i.TaskEnterCritical) for TaskEnterCritical
    task.o(i.TaskGetInfo) refers to main.o(i.TaskExitCritical) for TaskExitCritical
    task.o(i.TaskInit) refers to list.o(i.NodeInit) for NodeInit
    task.o(i.TaskInit) refers to main.o(i.TaskSchedRdy) for TaskSchedRdy
    task.o(i.TaskIsRequestDeleted) refers to main.o(i.TaskEnterCritical) for TaskEnterCritical
    task.o(i.TaskIsRequestDeleted) refers to main.o(i.TaskExitCritical) for TaskExitCritical
    task.o(i.TaskIsRequestDeleted) refers to main.o(.data) for curTask
    task.o(i.TaskRequestDelete) refers to main.o(i.TaskEnterCritical) for TaskEnterCritical
    task.o(i.TaskRequestDelete) refers to main.o(i.TaskExitCritical) for TaskExitCritical
    task.o(i.TaskSuspend) refers to main.o(i.TaskEnterCritical) for TaskEnterCritical
    task.o(i.TaskSuspend) refers to main.o(i.TaskSchedUnRdy) for TaskSchedUnRdy
    task.o(i.TaskSuspend) refers to main.o(i.TaskSched) for TaskSched
    task.o(i.TaskSuspend) refers to main.o(i.TaskExitCritical) for TaskExitCritical
    task.o(i.TaskSuspend) refers to main.o(.data) for curTask
    task.o(i.TaskWakeUp) refers to main.o(i.TaskEnterCritical) for TaskEnterCritical
    task.o(i.TaskWakeUp) refers to main.o(i.TaskSchedRdy) for TaskSchedRdy
    task.o(i.TaskWakeUp) refers to main.o(i.TaskSched) for TaskSched
    task.o(i.TaskWakeUp) refers to main.o(i.TaskExitCritical) for TaskExitCritical
    time.o(i.OSdelay) refers to main.o(i.TaskEnterCritical) for TaskEnterCritical
    time.o(i.OSdelay) refers to main.o(i.TimeTaskWait) for TimeTaskWait
    time.o(i.OSdelay) refers to main.o(i.TaskSchedUnRdy) for TaskSchedUnRdy
    time.o(i.OSdelay) refers to main.o(i.TaskExitCritical) for TaskExitCritical
    time.o(i.OSdelay) refers to main.o(i.TaskSched) for TaskSched
    time.o(i.OSdelay) refers to main.o(.data) for curTask
    cpu.o(i.SysTickInit) refers to system_armcm3.o(.data) for SystemCoreClock
    cpu.o(i.SysTick_Handler) refers to main.o(i.TaskSystemTickHandler) for TaskSystemTickHandler
    app.o(i.InitApp) refers to task.o(i.TaskInit) for TaskInit
    app.o(i.InitApp) refers to app.o(.bss) for task1Env
    app.o(i.InitApp) refers to app.o(i.Task1) for Task1
    app.o(i.InitApp) refers to app.o(i.Task2) for Task2
    app.o(i.InitApp) refers to app.o(i.Task3) for Task3
    app.o(i.Task1) refers to cpu.o(i.SysTickInit) for SysTickInit
    app.o(i.Task1) refers to list.o(i.ListInit) for ListInit
    app.o(i.Task1) refers to list.o(i.NodeInit) for NodeInit
    app.o(i.Task1) refers to list.o(i.ListAddFirst) for ListAddFirst
    app.o(i.Task1) refers to list.o(i.ListRemoveFirst) for ListRemoveFirst
    app.o(i.Task1) refers to time.o(i.OSdelay) for OSdelay
    app.o(i.Task1) refers to app.o(.bss) for testSigleList
    app.o(i.Task1) refers to app.o(.data) for task1Flag
    app.o(i.Task2) refers to time.o(i.OSdelay) for OSdelay
    app.o(i.Task2) refers to app.o(.data) for task2Flag
    app.o(i.Task3) refers to time.o(i.OSdelay) for OSdelay
    app.o(i.Task3) refers to app.o(.data) for task3Flag
    startup_armcm3.o(STACK) refers (Special) to heapauxi.o(.text) for __use_two_region_memory
    startup_armcm3.o(HEAP) refers (Special) to heapauxi.o(.text) for __use_two_region_memory
    startup_armcm3.o(RESET) refers (Special) to heapauxi.o(.text) for __use_two_region_memory
    startup_armcm3.o(RESET) refers to startup_armcm3.o(STACK) for __initial_sp
    startup_armcm3.o(RESET) refers to startup_armcm3.o(.text) for Reset_Handler
    startup_armcm3.o(RESET) refers to switch.o(.emb_text) for PendSV_Handler
    startup_armcm3.o(RESET) refers to cpu.o(i.SysTick_Handler) for SysTick_Handler
    startup_armcm3.o(.text) refers (Special) to heapauxi.o(.text) for __use_two_region_memory
    startup_armcm3.o(.text) refers to system_armcm3.o(i.SystemInit) for SystemInit
    startup_armcm3.o(.text) refers to __main.o(!!!main) for __main
    startup_armcm3.o(.text) refers to startup_armcm3.o(HEAP) for Heap_Mem
    startup_armcm3.o(.text) refers to startup_armcm3.o(STACK) for Stack_Mem
    system_armcm3.o(i.SystemCoreClockUpdate) refers to system_armcm3.o(.data) for SystemCoreClock
    system_armcm3.o(i.SystemInit) refers to system_armcm3.o(.data) for SystemCoreClock
    __main.o(!!!main) refers to __rtentry.o(.ARM.Collect$$rtentry$$00000000) for __rt_entry
    __rtentry.o(.ARM.Collect$$rtentry$$00000000) refers (Special) to __rtentry2.o(.ARM.Collect$$rtentry$$0000000A) for __rt_entry_li
    __rtentry.o(.ARM.Collect$$rtentry$$00000000) refers (Special) to __rtentry2.o(.ARM.Collect$$rtentry$$0000000D) for __rt_entry_main
    __rtentry.o(.ARM.Collect$$rtentry$$00000000) refers (Special) to __rtentry2.o(.ARM.Collect$$rtentry$$0000000C) for __rt_entry_postli_1
    __rtentry.o(.ARM.Collect$$rtentry$$00000000) refers (Special) to __rtentry2.o(.ARM.Collect$$rtentry$$00000009) for __rt_entry_postsh_1
    __rtentry.o(.ARM.Collect$$rtentry$$00000000) refers (Special) to __rtentry2.o(.ARM.Collect$$rtentry$$00000002) for __rt_entry_presh_1
    __rtentry.o(.ARM.Collect$$rtentry$$00000000) refers (Special) to __rtentry4.o(.ARM.Collect$$rtentry$$00000004) for __rt_entry_sh
    __rtentry2.o(.ARM.Collect$$rtentry$$00000008) refers to boardinit2.o(.text) for _platform_post_stackheap_init
    __rtentry2.o(.ARM.Collect$$rtentry$$0000000A) refers to libinit.o(.ARM.Collect$$libinit$$00000000) for __rt_lib_init
    __rtentry2.o(.ARM.Collect$$rtentry$$0000000B) refers to boardinit3.o(.text) for _platform_post_lib_init
    __rtentry2.o(.ARM.Collect$$rtentry$$0000000D) refers to main.o(i.main) for main
    __rtentry2.o(.ARM.Collect$$rtentry$$0000000D) refers to exit.o(.text) for exit
    __rtentry2.o(.ARM.exidx) refers to __rtentry2.o(.ARM.Collect$$rtentry$$00000001) for .ARM.Collect$$rtentry$$00000001
    __rtentry2.o(.ARM.exidx) refers to __rtentry2.o(.ARM.Collect$$rtentry$$00000008) for .ARM.Collect$$rtentry$$00000008
    __rtentry2.o(.ARM.exidx) refers to __rtentry2.o(.ARM.Collect$$rtentry$$0000000A) for .ARM.Collect$$rtentry$$0000000A
    __rtentry2.o(.ARM.exidx) refers to __rtentry2.o(.ARM.Collect$$rtentry$$0000000B) for .ARM.Collect$$rtentry$$0000000B
    __rtentry2.o(.ARM.exidx) refers to __rtentry2.o(.ARM.Collect$$rtentry$$0000000D) for .ARM.Collect$$rtentry$$0000000D
    __rtentry4.o(.ARM.Collect$$rtentry$$00000004) refers to sys_stackheap_outer.o(.text) for __user_setup_stackheap
    __rtentry4.o(.ARM.exidx) refers to __rtentry4.o(.ARM.Collect$$rtentry$$00000004) for .ARM.Collect$$rtentry$$00000004
    sys_stackheap_outer.o(.text) refers to libspace.o(.text) for __user_perproc_libspace
    sys_stackheap_outer.o(.text) refers to startup_armcm3.o(.text) for __user_initial_stackheap
    exit.o(.text) refers to rtexit.o(.ARM.Collect$$rtexit$$00000000) for __rt_exit
    libinit.o(.ARM.Collect$$libinit$$00000000) refers (Special) to libinit2.o(.ARM.Collect$$libinit$$0000002E) for __rt_lib_init_alloca_1
    libinit.o(.ARM.Collect$$libinit$$00000000) refers (Special) to libinit2.o(.ARM.Collect$$libinit$$0000002C) for __rt_lib_init_argv_1
    libinit.o(.ARM.Collect$$libinit$$00000000) refers (Special) to libinit2.o(.ARM.Collect$$libinit$$0000001B) for __rt_lib_init_atexit_1
    libinit.o(.ARM.Collect$$libinit$$00000000) refers (Special) to libinit2.o(.ARM.Collect$$libinit$$00000021) for __rt_lib_init_clock_1
    libinit.o(.ARM.Collect$$libinit$$00000000) refers (Special) to libinit2.o(.ARM.Collect$$libinit$$00000032) for __rt_lib_init_cpp_1
    libinit.o(.ARM.Collect$$libinit$$00000000) refers (Special) to libinit2.o(.ARM.Collect$$libinit$$00000030) for __rt_lib_init_exceptions_1
    libinit.o(.ARM.Collect$$libinit$$00000000) refers (Special) to libinit2.o(.ARM.Collect$$libinit$$00000002) for __rt_lib_init_fp_1
    libinit.o(.ARM.Collect$$libinit$$00000000) refers (Special) to libinit2.o(.ARM.Collect$$libinit$$0000001F) for __rt_lib_init_fp_trap_1
    libinit.o(.ARM.Collect$$libinit$$00000000) refers (Special) to libinit2.o(.ARM.Collect$$libinit$$00000023) for __rt_lib_init_getenv_1
    libinit.o(.ARM.Collect$$libinit$$00000000) refers (Special) to libinit2.o(.ARM.Collect$$libinit$$0000000A) for __rt_lib_init_heap_1
    libinit.o(.ARM.Collect$$libinit$$00000000) refers (Special) to libinit2.o(.ARM.Collect$$libinit$$00000011) for __rt_lib_init_lc_collate_1
    libinit.o(.ARM.Collect$$libinit$$00000000) refers (Special) to libinit2.o(.ARM.Collect$$libinit$$00000013) for __rt_lib_init_lc_ctype_1
    libinit.o(.ARM.Collect$$libinit$$00000000) refers (Special) to libinit2.o(.ARM.Collect$$libinit$$00000015) for __rt_lib_init_lc_monetary_1
    libinit.o(.ARM.Collect$$libinit$$00000000) refers (Special) to libinit2.o(.ARM.Collect$$libinit$$00000017) for __rt_lib_init_lc_numeric_1
    libinit.o(.ARM.Collect$$libinit$$00000000) refers (Special) to libinit2.o(.ARM.Collect$$libinit$$00000019) for __rt_lib_init_lc_time_1
    libinit.o(.ARM.Collect$$libinit$$00000000) refers (Special) to libinit2.o(.ARM.Collect$$libinit$$00000004) for __rt_lib_init_preinit_1
    libinit.o(.ARM.Collect$$libinit$$00000000) refers (Special) to libinit2.o(.ARM.Collect$$libinit$$0000000E) for __rt_lib_init_rand_1
    libinit.o(.ARM.Collect$$libinit$$00000000) refers (Special) to libinit2.o(.ARM.Collect$$libinit$$00000033) for __rt_lib_init_return
    libinit.o(.ARM.Collect$$libinit$$00000000) refers (Special) to libinit2.o(.ARM.Collect$$libinit$$0000001D) for __rt_lib_init_signal_1
    libinit.o(.ARM.Collect$$libinit$$00000000) refers (Special) to libinit2.o(.ARM.Collect$$libinit$$00000025) for __rt_lib_init_stdio_1
    libinit.o(.ARM.Collect$$libinit$$00000000) refers (Special) to libinit2.o(.ARM.Collect$$libinit$$0000000C) for __rt_lib_init_user_alloc_1
    libspace.o(.text) refers to libspace.o(.bss) for __libspace_start
    rtexit.o(.ARM.Collect$$rtexit$$00000000) refers (Special) to rtexit2.o(.ARM.Collect$$rtexit$$00000004) for __rt_exit_exit
    rtexit.o(.ARM.Collect$$rtexit$$00000000) refers (Special) to rtexit2.o(.ARM.Collect$$rtexit$$00000003) for __rt_exit_ls
    rtexit.o(.ARM.Collect$$rtexit$$00000000) refers (Special) to rtexit2.o(.ARM.Collect$$rtexit$$00000002) for __rt_exit_prels_1
    rtexit.o(.ARM.exidx) refers (Special) to rtexit2.o(.ARM.Collect$$rtexit$$00000004) for __rt_exit_exit
    rtexit.o(.ARM.exidx) refers (Special) to rtexit2.o(.ARM.Collect$$rtexit$$00000003) for __rt_exit_ls
    rtexit.o(.ARM.exidx) refers (Special) to rtexit2.o(.ARM.Collect$$rtexit$$00000002) for __rt_exit_prels_1
    rtexit.o(.ARM.exidx) refers to rtexit.o(.ARM.Collect$$rtexit$$00000000) for .ARM.Collect$$rtexit$$00000000
    libinit2.o(.ARM.Collect$$libinit$$00000010) refers to libinit2.o(.ARM.Collect$$libinit$$0000000F) for .ARM.Collect$$libinit$$0000000F
    libinit2.o(.ARM.Collect$$libinit$$00000012) refers to libinit2.o(.ARM.Collect$$libinit$$0000000F) for .ARM.Collect$$libinit$$0000000F
    libinit2.o(.ARM.Collect$$libinit$$00000014) refers to libinit2.o(.ARM.Collect$$libinit$$0000000F) for .ARM.Collect$$libinit$$0000000F
    libinit2.o(.ARM.Collect$$libinit$$00000016) refers to libinit2.o(.ARM.Collect$$libinit$$0000000F) for .ARM.Collect$$libinit$$0000000F
    libinit2.o(.ARM.Collect$$libinit$$00000018) refers to libinit2.o(.ARM.Collect$$libinit$$0000000F) for .ARM.Collect$$libinit$$0000000F
    libinit2.o(.ARM.Collect$$libinit$$00000026) refers to argv_veneer.o(.emb_text) for __ARM_argv_veneer
    libinit2.o(.ARM.Collect$$libinit$$00000027) refers to argv_veneer.o(.emb_text) for __ARM_argv_veneer
    rtexit2.o(.ARM.Collect$$rtexit$$00000003) refers to libshutdown.o(.ARM.Collect$$libshutdown$$00000000) for __rt_lib_shutdown
    rtexit2.o(.ARM.Collect$$rtexit$$00000004) refers to sys_exit.o(.text) for _sys_exit
    rtexit2.o(.ARM.exidx) refers to rtexit2.o(.ARM.Collect$$rtexit$$00000001) for .ARM.Collect$$rtexit$$00000001
    rtexit2.o(.ARM.exidx) refers to rtexit2.o(.ARM.Collect$$rtexit$$00000003) for .ARM.Collect$$rtexit$$00000003
    rtexit2.o(.ARM.exidx) refers to rtexit2.o(.ARM.Collect$$rtexit$$00000004) for .ARM.Collect$$rtexit$$00000004
    argv_veneer.o(.emb_text) refers to no_argv.o(.text) for __ARM_get_argv
    sys_exit.o(.text) refers (Special) to use_no_semi.o(.text) for __I$use$semihosting
    sys_exit.o(.text) refers (Special) to indicate_semi.o(.text) for __semihosting_library_function
    _get_argv_nomalloc.o(.text) refers (Special) to hrguard.o(.text) for __heap_region$guard
    _get_argv_nomalloc.o(.text) refers to defsig_rtmem_outer.o(.text) for __rt_SIGRTMEM
    _get_argv_nomalloc.o(.text) refers to sys_command.o(.text) for _sys_command_string
    libshutdown.o(.ARM.Collect$$libshutdown$$00000000) refers (Special) to libshutdown2.o(.ARM.Collect$$libshutdown$$00000002) for __rt_lib_shutdown_cpp_1
    libshutdown.o(.ARM.Collect$$libshutdown$$00000000) refers (Special) to libshutdown2.o(.ARM.Collect$$libshutdown$$00000007) for __rt_lib_shutdown_fp_trap_1
    libshutdown.o(.ARM.Collect$$libshutdown$$00000000) refers (Special) to libshutdown2.o(.ARM.Collect$$libshutdown$$0000000F) for __rt_lib_shutdown_heap_1
    libshutdown.o(.ARM.Collect$$libshutdown$$00000000) refers (Special) to libshutdown2.o(.ARM.Collect$$libshutdown$$00000010) for __rt_lib_shutdown_return
    libshutdown.o(.ARM.Collect$$libshutdown$$00000000) refers (Special) to libshutdown2.o(.ARM.Collect$$libshutdown$$0000000A) for __rt_lib_shutdown_signal_1
    libshutdown.o(.ARM.Collect$$libshutdown$$00000000) refers (Special) to libshutdown2.o(.ARM.Collect$$libshutdown$$00000004) for __rt_lib_shutdown_stdio_1
    libshutdown.o(.ARM.Collect$$libshutdown$$00000000) refers (Special) to libshutdown2.o(.ARM.Collect$$libshutdown$$0000000C) for __rt_lib_shutdown_user_alloc_1
    sys_command.o(.text) refers (Special) to use_no_semi.o(.text) for __I$use$semihosting
    sys_command.o(.text) refers (Special) to indicate_semi.o(.text) for __semihosting_library_function
    defsig_rtmem_outer.o(.text) refers to defsig_rtmem_inner.o(.text) for __rt_SIGRTMEM_inner
    defsig_rtmem_outer.o(.text) refers to defsig_exit.o(.text) for __sig_exit
    defsig_rtmem_formal.o(.text) refers to rt_raise.o(.text) for __rt_raise
    rt_raise.o(.text) refers to __raise.o(.text) for __raise
    rt_raise.o(.text) refers to sys_exit.o(.text) for _sys_exit
    defsig_exit.o(.text) refers to sys_exit.o(.text) for _sys_exit
    defsig_rtmem_inner.o(.text) refers to defsig_general.o(.text) for __default_signal_display
    __raise.o(.text) refers to defsig.o(CL$$defsig) for __default_signal_handler
    defsig_general.o(.text) refers to sys_wrch.o(.text) for _ttywrch
    sys_wrch.o(.text) refers (Special) to use_no_semi.o(.text) for __I$use$semihosting
    sys_wrch.o(.text) refers (Special) to indicate_semi.o(.text) for __semihosting_library_function
    defsig.o(CL$$defsig) refers to defsig_rtmem_inner.o(.text) for __rt_SIGRTMEM_inner
    defsig_abrt_inner.o(.text) refers to defsig_general.o(.text) for __default_signal_display
    defsig_fpe_inner.o(.text) refers to defsig_general.o(.text) for __default_signal_display
    defsig_rtred_inner.o(.text) refers to defsig_general.o(.text) for __default_signal_display
    defsig_stak_inner.o(.text) refers to defsig_general.o(.text) for __default_signal_display
    defsig_pvfn_inner.o(.text) refers to defsig_general.o(.text) for __default_signal_display
    defsig_cppl_inner.o(.text) refers to defsig_general.o(.text) for __default_signal_display
    defsig_segv_inner.o(.text) refers to defsig_general.o(.text) for __default_signal_display
    defsig_other.o(.text) refers to defsig_general.o(.text) for __default_signal_display


==============================================================================

Removing Unused input sections from the image.

    Removing main.o(.rev16_text), (4 bytes).
    Removing main.o(.revsh_text), (4 bytes).
    Removing main.o(.rrx_text), (6 bytes).
    Removing main.o(i.TaskDelayedInit), (16 bytes).
    Removing main.o(i.TaskSchedDisable), (40 bytes).
    Removing main.o(i.TaskSchedEnable), (44 bytes).
    Removing main.o(i.TaskSchedRemove), (60 bytes).
    Removing main.o(i.TimeTaskRemove), (20 bytes).
    Removing switch.o(.rev16_text), (4 bytes).
    Removing switch.o(.revsh_text), (4 bytes).
    Removing switch.o(.rrx_text), (6 bytes).
    Removing list.o(i.ListLast), (14 bytes).
    Removing list.o(i.ListPost), (16 bytes).
    Removing list.o(i.ListRemoveAll), (32 bytes).
    Removing task.o(i.TaskDeleteSelf), (56 bytes).
    Removing task.o(i.TaskForceDelete), (76 bytes).
    Removing task.o(i.TaskGetInfo), (40 bytes).
    Removing task.o(i.TaskIsRequestDeleted), (32 bytes).
    Removing task.o(i.TaskRequestDelete), (24 bytes).
    Removing task.o(i.TaskSetCleanCallFunc), (6 bytes).
    Removing task.o(i.TaskSuspend), (68 bytes).
    Removing task.o(i.TaskWakeUp), (52 bytes).
    Removing cpu.o(.rev16_text), (4 bytes).
    Removing cpu.o(.revsh_text), (4 bytes).
    Removing cpu.o(.rrx_text), (6 bytes).
    Removing system_armcm3.o(.rev16_text), (4 bytes).
    Removing system_armcm3.o(.revsh_text), (4 bytes).
    Removing system_armcm3.o(.rrx_text), (6 bytes).
    Removing system_armcm3.o(i.SystemCoreClockUpdate), (16 bytes).

29 unused section(s) (total 668 bytes) removed from the image.

==============================================================================

Image Symbol Table

    Local Symbols

    Symbol Name                              Value     Ov Type        Size  Object(Section)

    RESET                                    0x00000000   Section      192  startup_armcm3.o(RESET)
    ../clib/angel/boardlib.s                 0x00000000   Number         0  boardinit3.o ABSOLUTE
    ../clib/angel/boardlib.s                 0x00000000   Number         0  boardinit2.o ABSOLUTE
    ../clib/angel/boardlib.s                 0x00000000   Number         0  boardinit1.o ABSOLUTE
    ../clib/angel/boardlib.s                 0x00000000   Number         0  boardshut.o ABSOLUTE
    ../clib/angel/handlers.s                 0x00000000   Number         0  __scatter_zi.o ABSOLUTE
    ../clib/angel/handlers.s                 0x00000000   Number         0  __scatter_copy.o ABSOLUTE
    ../clib/angel/kernel.s                   0x00000000   Number         0  rtexit2.o ABSOLUTE
    ../clib/angel/kernel.s                   0x00000000   Number         0  __rtentry4.o ABSOLUTE
    ../clib/angel/kernel.s                   0x00000000   Number         0  rtexit.o ABSOLUTE
    ../clib/angel/kernel.s                   0x00000000   Number         0  __rtentry2.o ABSOLUTE
    ../clib/angel/kernel.s                   0x00000000   Number         0  __rtentry.o ABSOLUTE
    ../clib/angel/rt.s                       0x00000000   Number         0  rt_raise.o ABSOLUTE
    ../clib/angel/scatter.s                  0x00000000   Number         0  __scatter.o ABSOLUTE
    ../clib/angel/startup.s                  0x00000000   Number         0  __main.o ABSOLUTE
    ../clib/angel/sys.s                      0x00000000   Number         0  sys_stackheap_outer.o ABSOLUTE
    ../clib/angel/sys.s                      0x00000000   Number         0  libspace.o ABSOLUTE
    ../clib/angel/sys.s                      0x00000000   Number         0  use_no_semi.o ABSOLUTE
    ../clib/angel/sys.s                      0x00000000   Number         0  indicate_semi.o ABSOLUTE
    ../clib/angel/sysapp.c                   0x00000000   Number         0  sys_command.o ABSOLUTE
    ../clib/angel/sysapp.c                   0x00000000   Number         0  sys_wrch.o ABSOLUTE
    ../clib/angel/sysapp.c                   0x00000000   Number         0  sys_exit.o ABSOLUTE
    ../clib/armsys.c                         0x00000000   Number         0  _get_argv_nomalloc.o ABSOLUTE
    ../clib/armsys.c                         0x00000000   Number         0  argv_veneer.o ABSOLUTE
    ../clib/armsys.c                         0x00000000   Number         0  argv_veneer.o ABSOLUTE
    ../clib/armsys.c                         0x00000000   Number         0  no_argv.o ABSOLUTE
    ../clib/heapalloc.c                      0x00000000   Number         0  hrguard.o ABSOLUTE
    ../clib/heapaux.c                        0x00000000   Number         0  heapauxi.o ABSOLUTE
    ../clib/libinit.s                        0x00000000   Number         0  libshutdown.o ABSOLUTE
    ../clib/libinit.s                        0x00000000   Number         0  libinit2.o ABSOLUTE
    ../clib/libinit.s                        0x00000000   Number         0  libshutdown2.o ABSOLUTE
    ../clib/libinit.s                        0x00000000   Number         0  libinit.o ABSOLUTE
    ../clib/signal.c                         0x00000000   Number         0  defsig_segv_inner.o ABSOLUTE
    ../clib/signal.c                         0x00000000   Number         0  defsig_general.o ABSOLUTE
    ../clib/signal.c                         0x00000000   Number         0  defsig_abrt_inner.o ABSOLUTE
    ../clib/signal.c                         0x00000000   Number         0  defsig_other.o ABSOLUTE
    ../clib/signal.c                         0x00000000   Number         0  defsig_fpe_inner.o ABSOLUTE
    ../clib/signal.c                         0x00000000   Number         0  defsig_cppl_inner.o ABSOLUTE
    ../clib/signal.c                         0x00000000   Number         0  defsig_rtred_inner.o ABSOLUTE
    ../clib/signal.c                         0x00000000   Number         0  defsig_pvfn_inner.o ABSOLUTE
    ../clib/signal.c                         0x00000000   Number         0  defsig_rtmem_outer.o ABSOLUTE
    ../clib/signal.c                         0x00000000   Number         0  defsig_exit.o ABSOLUTE
    ../clib/signal.c                         0x00000000   Number         0  defsig_stak_inner.o ABSOLUTE
    ../clib/signal.c                         0x00000000   Number         0  defsig_rtmem_inner.o ABSOLUTE
    ../clib/signal.c                         0x00000000   Number         0  __raise.o ABSOLUTE
    ../clib/signal.c                         0x00000000   Number         0  defsig_rtmem_formal.o ABSOLUTE
    ../clib/signal.s                         0x00000000   Number         0  defsig.o ABSOLUTE
    ../clib/stdlib.c                         0x00000000   Number         0  exit.o ABSOLUTE
    ../fplib/fpinit.s                        0x00000000   Number         0  fpinit.o ABSOLUTE
    Bitmap.c                                 0x00000000   Number         0  bitmap.o ABSOLUTE
    RTE\Device\ARMCM3\startup_ARMCM3.s       0x00000000   Number         0  startup_armcm3.o ABSOLUTE
    RTE\Device\ARMCM3\system_ARMCM3.c        0x00000000   Number         0  system_armcm3.o ABSOLUTE
    RTE\\Device\\ARMCM3\\system_ARMCM3.c     0x00000000   Number         0  system_armcm3.o ABSOLUTE
    app.c                                    0x00000000   Number         0  app.o ABSOLUTE
    cpu.c                                    0x00000000   Number         0  cpu.o ABSOLUTE
    cpu.c                                    0x00000000   Number         0  cpu.o ABSOLUTE
    dc.s                                     0x00000000   Number         0  dc.o ABSOLUTE
    list.c                                   0x00000000   Number         0  list.o ABSOLUTE
    main.c                                   0x00000000   Number         0  main.o ABSOLUTE
    main.c                                   0x00000000   Number         0  main.o ABSOLUTE
    switch.c                                 0x00000000   Number         0  switch.o ABSOLUTE
    switch.c                                 0x00000000   Number         0  switch.o ABSOLUTE
    task.c                                   0x00000000   Number         0  task.o ABSOLUTE
    time.c                                   0x00000000   Number         0  time.o ABSOLUTE
    !!!main                                  0x000000c0   Section        8  __main.o(!!!main)
    !!!scatter                               0x000000c8   Section       52  __scatter.o(!!!scatter)
    !!handler_copy                           0x000000fc   Section       26  __scatter_copy.o(!!handler_copy)
    !!handler_zi                             0x00000118   Section       28  __scatter_zi.o(!!handler_zi)
    .ARM.Collect$$libinit$$00000000          0x00000134   Section        2  libinit.o(.ARM.Collect$$libinit$$00000000)
    .ARM.Collect$$libinit$$00000002          0x00000136   Section        0  libinit2.o(.ARM.Collect$$libinit$$00000002)
    .ARM.Collect$$libinit$$00000004          0x00000136   Section        0  libinit2.o(.ARM.Collect$$libinit$$00000004)
    .ARM.Collect$$libinit$$0000000A          0x00000136   Section        0  libinit2.o(.ARM.Collect$$libinit$$0000000A)
    .ARM.Collect$$libinit$$0000000C          0x00000136   Section        0  libinit2.o(.ARM.Collect$$libinit$$0000000C)
    .ARM.Collect$$libinit$$0000000E          0x00000136   Section        0  libinit2.o(.ARM.Collect$$libinit$$0000000E)
    .ARM.Collect$$libinit$$00000011          0x00000136   Section        0  libinit2.o(.ARM.Collect$$libinit$$00000011)
    .ARM.Collect$$libinit$$00000013          0x00000136   Section        0  libinit2.o(.ARM.Collect$$libinit$$00000013)
    .ARM.Collect$$libinit$$00000015          0x00000136   Section        0  libinit2.o(.ARM.Collect$$libinit$$00000015)
    .ARM.Collect$$libinit$$00000017          0x00000136   Section        0  libinit2.o(.ARM.Collect$$libinit$$00000017)
    .ARM.Collect$$libinit$$00000019          0x00000136   Section        0  libinit2.o(.ARM.Collect$$libinit$$00000019)
    .ARM.Collect$$libinit$$0000001B          0x00000136   Section        0  libinit2.o(.ARM.Collect$$libinit$$0000001B)
    .ARM.Collect$$libinit$$0000001D          0x00000136   Section        0  libinit2.o(.ARM.Collect$$libinit$$0000001D)
    .ARM.Collect$$libinit$$0000001F          0x00000136   Section        0  libinit2.o(.ARM.Collect$$libinit$$0000001F)
    .ARM.Collect$$libinit$$00000021          0x00000136   Section        0  libinit2.o(.ARM.Collect$$libinit$$00000021)
    .ARM.Collect$$libinit$$00000023          0x00000136   Section        0  libinit2.o(.ARM.Collect$$libinit$$00000023)
    .ARM.Collect$$libinit$$00000025          0x00000136   Section        0  libinit2.o(.ARM.Collect$$libinit$$00000025)
    .ARM.Collect$$libinit$$0000002C          0x00000136   Section        0  libinit2.o(.ARM.Collect$$libinit$$0000002C)
    .ARM.Collect$$libinit$$0000002E          0x00000136   Section        0  libinit2.o(.ARM.Collect$$libinit$$0000002E)
    .ARM.Collect$$libinit$$00000030          0x00000136   Section        0  libinit2.o(.ARM.Collect$$libinit$$00000030)
    .ARM.Collect$$libinit$$00000032          0x00000136   Section        0  libinit2.o(.ARM.Collect$$libinit$$00000032)
    .ARM.Collect$$libinit$$00000033          0x00000136   Section        2  libinit2.o(.ARM.Collect$$libinit$$00000033)
    .ARM.Collect$$libshutdown$$00000000      0x00000138   Section        2  libshutdown.o(.ARM.Collect$$libshutdown$$00000000)
    .ARM.Collect$$libshutdown$$00000002      0x0000013a   Section        0  libshutdown2.o(.ARM.Collect$$libshutdown$$00000002)
    .ARM.Collect$$libshutdown$$00000004      0x0000013a   Section        0  libshutdown2.o(.ARM.Collect$$libshutdown$$00000004)
    .ARM.Collect$$libshutdown$$00000007      0x0000013a   Section        0  libshutdown2.o(.ARM.Collect$$libshutdown$$00000007)
    .ARM.Collect$$libshutdown$$0000000A      0x0000013a   Section        0  libshutdown2.o(.ARM.Collect$$libshutdown$$0000000A)
    .ARM.Collect$$libshutdown$$0000000C      0x0000013a   Section        0  libshutdown2.o(.ARM.Collect$$libshutdown$$0000000C)
    .ARM.Collect$$libshutdown$$0000000F      0x0000013a   Section        0  libshutdown2.o(.ARM.Collect$$libshutdown$$0000000F)
    .ARM.Collect$$libshutdown$$00000010      0x0000013a   Section        2  libshutdown2.o(.ARM.Collect$$libshutdown$$00000010)
    .ARM.Collect$$rtentry$$00000000          0x0000013c   Section        0  __rtentry.o(.ARM.Collect$$rtentry$$00000000)
    .ARM.Collect$$rtentry$$00000002          0x0000013c   Section        0  __rtentry2.o(.ARM.Collect$$rtentry$$00000002)
    .ARM.Collect$$rtentry$$00000004          0x0000013c   Section        6  __rtentry4.o(.ARM.Collect$$rtentry$$00000004)
    .ARM.Collect$$rtentry$$00000009          0x00000142   Section        0  __rtentry2.o(.ARM.Collect$$rtentry$$00000009)
    .ARM.Collect$$rtentry$$0000000A          0x00000142   Section        4  __rtentry2.o(.ARM.Collect$$rtentry$$0000000A)
    .ARM.Collect$$rtentry$$0000000C          0x00000146   Section        0  __rtentry2.o(.ARM.Collect$$rtentry$$0000000C)
    .ARM.Collect$$rtentry$$0000000D          0x00000146   Section        8  __rtentry2.o(.ARM.Collect$$rtentry$$0000000D)
    .ARM.Collect$$rtexit$$00000000           0x0000014e   Section        2  rtexit.o(.ARM.Collect$$rtexit$$00000000)
    .ARM.Collect$$rtexit$$00000002           0x00000150   Section        0  rtexit2.o(.ARM.Collect$$rtexit$$00000002)
    .ARM.Collect$$rtexit$$00000003           0x00000150   Section        4  rtexit2.o(.ARM.Collect$$rtexit$$00000003)
    .ARM.Collect$$rtexit$$00000004           0x00000154   Section        6  rtexit2.o(.ARM.Collect$$rtexit$$00000004)
    .emb_text                                0x0000015c   Section       48  switch.o(.emb_text)
    .text                                    0x0000018c   Section       64  startup_armcm3.o(.text)
    .text                                    0x000001cc   Section        0  heapauxi.o(.text)
    .text                                    0x000001d2   Section       74  sys_stackheap_outer.o(.text)
    .text                                    0x0000021c   Section        0  exit.o(.text)
    .text                                    0x00000230   Section        8  libspace.o(.text)
    .text                                    0x00000238   Section        0  sys_exit.o(.text)
    .text                                    0x00000244   Section        2  use_no_semi.o(.text)
    .text                                    0x00000246   Section        0  indicate_semi.o(.text)
    i.BitmapClear                            0x00000246   Section        0  bitmap.o(i.BitmapClear)
    i.BitmapGetFirstSet                      0x00000254   Section        0  bitmap.o(i.BitmapGetFirstSet)
    i.BitmapInit                             0x000002b0   Section        0  bitmap.o(i.BitmapInit)
    i.BitmapPosCount                         0x000002b6   Section        0  bitmap.o(i.BitmapPosCount)
    i.BitmapSet                              0x000002ba   Section        0  bitmap.o(i.BitmapSet)
    i.IdleTask                               0x000002c6   Section        0  main.o(i.IdleTask)
    i.InitApp                                0x000002cc   Section        0  app.o(i.InitApp)
    i.ListAddFirst                           0x0000032c   Section        0  list.o(i.ListAddFirst)
    i.ListAddLast                            0x00000340   Section        0  list.o(i.ListAddLast)
    i.ListCount                              0x00000356   Section        0  list.o(i.ListCount)
    i.ListFirst                              0x0000035c   Section        0  list.o(i.ListFirst)
    i.ListInit                               0x0000036a   Section        0  list.o(i.ListInit)
    i.ListInsertAfter                        0x00000376   Section        0  list.o(i.ListInsertAfter)
    i.ListRemove                             0x00000384   Section        0  list.o(i.ListRemove)
    i.ListRemoveFirst                        0x0000039c   Section        0  list.o(i.ListRemoveFirst)
    i.NodeInit                               0x000003cc   Section        0  list.o(i.NodeInit)
    i.OSdelay                                0x000003d0   Section        0  time.o(i.OSdelay)
    i.SysTickInit                            0x000003fc   Section        0  cpu.o(i.SysTickInit)
    i.SysTick_Handler                        0x00000454   Section        0  cpu.o(i.SysTick_Handler)
    i.SystemInit                             0x0000045c   Section        0  system_armcm3.o(i.SystemInit)
    i.Task1                                  0x0000046c   Section        0  app.o(i.Task1)
    i.Task2                                  0x000004d0   Section        0  app.o(i.Task2)
    i.Task3                                  0x000004f0   Section        0  app.o(i.Task3)
    i.TaskEnterCritical                      0x00000510   Section        0  main.o(i.TaskEnterCritical)
    i.TaskExitCritical                       0x0000051c   Section        0  main.o(i.TaskExitCritical)
    i.TaskHighestReady                       0x00000528   Section        0  main.o(i.TaskHighestReady)
    i.TaskInit                               0x00000550   Section        0  task.o(i.TaskInit)
    i.TaskRun                                0x00000610   Section        0  switch.o(i.TaskRun)
    i.TaskSched                              0x0000062c   Section        0  main.o(i.TaskSched)
    i.TaskSchedInit                          0x00000670   Section        0  main.o(i.TaskSchedInit)
    i.TaskSchedRdy                           0x000006a4   Section        0  main.o(i.TaskSchedRdy)
    i.TaskSchedUnRdy                         0x000006cc   Section        0  main.o(i.TaskSchedUnRdy)
    i.TaskSwitch                             0x00000708   Section        0  switch.o(i.TaskSwitch)
    i.TaskSystemTickHandler                  0x00000718   Section        0  main.o(i.TaskSystemTickHandler)
    i.TimeTaskWait                           0x000007d8   Section        0  main.o(i.TimeTaskWait)
    i.TimeTaskWakeUp                         0x00000854   Section        0  main.o(i.TimeTaskWakeUp)
    i.main                                   0x00000870   Section        0  main.o(i.main)
    .constdata                               0x000008c0   Section      256  bitmap.o(.constdata)
    quickFindTable                           0x000008c0   Data         256  bitmap.o(.constdata)
    .data                                    0x20000000   Section       24  main.o(.data)
    .data                                    0x20000018   Section       12  app.o(.data)
    .data                                    0x20000024   Section        4  system_armcm3.o(.data)
    .bss                                     0x20000028   Section     4536  main.o(.bss)
    .bss                                     0x200011e0   Section    12452  app.o(.bss)
    .bss                                     0x20004284   Section       96  libspace.o(.bss)
    HEAP                                     0x200042e8   Section     3072  startup_armcm3.o(HEAP)
    Heap_Mem                                 0x200042e8   Data        3072  startup_armcm3.o(HEAP)
    STACK                                    0x20004ee8   Section     1024  startup_armcm3.o(STACK)
    Stack_Mem                                0x20004ee8   Data        1024  startup_armcm3.o(STACK)
    __initial_sp                             0x200052e8   Data           0  startup_armcm3.o(STACK)

    Global Symbols

    Symbol Name                              Value     Ov Type        Size  Object(Section)

    BuildAttributes$$THM_ISAv4$P$D$K$B$S$PE$A:L22UL41UL21$X:L11$S22US41US21$IEEE1$IW$USESV6$~STKCKD$USESV7$~SHL$OSPACE$ROPI$EBA8$UX$STANDARDLIB$REQ8$PRES8$EABIv2 0x00000000   Number         0  anon$$obj.o ABSOLUTE
    __ARM_use_no_argv                        0x00000000   Number         0  main.o ABSOLUTE
    __Vectors                                0x00000000   Data           4  startup_armcm3.o(RESET)
    __ARM_exceptions_init                     - Undefined Weak Reference
    __alloca_initialize                       - Undefined Weak Reference
    __arm_preinit_                            - Undefined Weak Reference
    __cpp_initialize__aeabi_                  - Undefined Weak Reference
    __cxa_finalize                            - Undefined Weak Reference
    __rt_locale                               - Undefined Weak Reference
    __sigvec_lookup                           - Undefined Weak Reference
    _atexit_init                              - Undefined Weak Reference
    _call_atexit_fns                          - Undefined Weak Reference
    _clock_init                               - Undefined Weak Reference
    _fp_trap_init                             - Undefined Weak Reference
    _fp_trap_shutdown                         - Undefined Weak Reference
    _get_lc_collate                           - Undefined Weak Reference
    _get_lc_ctype                             - Undefined Weak Reference
    _get_lc_monetary                          - Undefined Weak Reference
    _get_lc_numeric                           - Undefined Weak Reference
    _get_lc_time                              - Undefined Weak Reference
    _getenv_init                              - Undefined Weak Reference
    _handle_redirection                       - Undefined Weak Reference
    _init_alloc                               - Undefined Weak Reference
    _init_user_alloc                          - Undefined Weak Reference
    _initio                                   - Undefined Weak Reference
    _rand_init                                - Undefined Weak Reference
    _signal_finish                            - Undefined Weak Reference
    _signal_init                              - Undefined Weak Reference
    _terminate_alloc                          - Undefined Weak Reference
    _terminate_user_alloc                     - Undefined Weak Reference
    _terminateio                              - Undefined Weak Reference
    __Vectors_End                            0x000000c0   Data           0  startup_armcm3.o(RESET)
    __Vectors_Size                           0x000000c0   Number         0  startup_armcm3.o ABSOLUTE
    __main                                   0x000000c1   Thumb Code     8  __main.o(!!!main)
    __scatterload                            0x000000c9   Thumb Code     0  __scatter.o(!!!scatter)
    __scatterload_rt2                        0x000000c9   Thumb Code    44  __scatter.o(!!!scatter)
    __scatterload_rt2_thumb_only             0x000000c9   Thumb Code     0  __scatter.o(!!!scatter)
    __scatterload_null                       0x000000d7   Thumb Code     0  __scatter.o(!!!scatter)
    __scatterload_copy                       0x000000fd   Thumb Code    26  __scatter_copy.o(!!handler_copy)
    __scatterload_zeroinit                   0x00000119   Thumb Code    28  __scatter_zi.o(!!handler_zi)
    __rt_lib_init                            0x00000135   Thumb Code     0  libinit.o(.ARM.Collect$$libinit$$00000000)
    __rt_lib_init_alloca_1                   0x00000137   Thumb Code     0  libinit2.o(.ARM.Collect$$libinit$$0000002E)
    __rt_lib_init_argv_1                     0x00000137   Thumb Code     0  libinit2.o(.ARM.Collect$$libinit$$0000002C)
    __rt_lib_init_atexit_1                   0x00000137   Thumb Code     0  libinit2.o(.ARM.Collect$$libinit$$0000001B)
    __rt_lib_init_clock_1                    0x00000137   Thumb Code     0  libinit2.o(.ARM.Collect$$libinit$$00000021)
    __rt_lib_init_cpp_1                      0x00000137   Thumb Code     0  libinit2.o(.ARM.Collect$$libinit$$00000032)
    __rt_lib_init_exceptions_1               0x00000137   Thumb Code     0  libinit2.o(.ARM.Collect$$libinit$$00000030)
    __rt_lib_init_fp_1                       0x00000137   Thumb Code     0  libinit2.o(.ARM.Collect$$libinit$$00000002)
    __rt_lib_init_fp_trap_1                  0x00000137   Thumb Code     0  libinit2.o(.ARM.Collect$$libinit$$0000001F)
    __rt_lib_init_getenv_1                   0x00000137   Thumb Code     0  libinit2.o(.ARM.Collect$$libinit$$00000023)
    __rt_lib_init_heap_1                     0x00000137   Thumb Code     0  libinit2.o(.ARM.Collect$$libinit$$0000000A)
    __rt_lib_init_lc_collate_1               0x00000137   Thumb Code     0  libinit2.o(.ARM.Collect$$libinit$$00000011)
    __rt_lib_init_lc_ctype_1                 0x00000137   Thumb Code     0  libinit2.o(.ARM.Collect$$libinit$$00000013)
    __rt_lib_init_lc_monetary_1              0x00000137   Thumb Code     0  libinit2.o(.ARM.Collect$$libinit$$00000015)
    __rt_lib_init_lc_numeric_1               0x00000137   Thumb Code     0  libinit2.o(.ARM.Collect$$libinit$$00000017)
    __rt_lib_init_lc_time_1                  0x00000137   Thumb Code     0  libinit2.o(.ARM.Collect$$libinit$$00000019)
    __rt_lib_init_preinit_1                  0x00000137   Thumb Code     0  libinit2.o(.ARM.Collect$$libinit$$00000004)
    __rt_lib_init_rand_1                     0x00000137   Thumb Code     0  libinit2.o(.ARM.Collect$$libinit$$0000000E)
    __rt_lib_init_return                     0x00000137   Thumb Code     0  libinit2.o(.ARM.Collect$$libinit$$00000033)
    __rt_lib_init_signal_1                   0x00000137   Thumb Code     0  libinit2.o(.ARM.Collect$$libinit$$0000001D)
    __rt_lib_init_stdio_1                    0x00000137   Thumb Code     0  libinit2.o(.ARM.Collect$$libinit$$00000025)
    __rt_lib_init_user_alloc_1               0x00000137   Thumb Code     0  libinit2.o(.ARM.Collect$$libinit$$0000000C)
    __rt_lib_shutdown                        0x00000139   Thumb Code     0  libshutdown.o(.ARM.Collect$$libshutdown$$00000000)
    __rt_lib_shutdown_cpp_1                  0x0000013b   Thumb Code     0  libshutdown2.o(.ARM.Collect$$libshutdown$$00000002)
    __rt_lib_shutdown_fp_trap_1              0x0000013b   Thumb Code     0  libshutdown2.o(.ARM.Collect$$libshutdown$$00000007)
    __rt_lib_shutdown_heap_1                 0x0000013b   Thumb Code     0  libshutdown2.o(.ARM.Collect$$libshutdown$$0000000F)
    __rt_lib_shutdown_return                 0x0000013b   Thumb Code     0  libshutdown2.o(.ARM.Collect$$libshutdown$$00000010)
    __rt_lib_shutdown_signal_1               0x0000013b   Thumb Code     0  libshutdown2.o(.ARM.Collect$$libshutdown$$0000000A)
    __rt_lib_shutdown_stdio_1                0x0000013b   Thumb Code     0  libshutdown2.o(.ARM.Collect$$libshutdown$$00000004)
    __rt_lib_shutdown_user_alloc_1           0x0000013b   Thumb Code     0  libshutdown2.o(.ARM.Collect$$libshutdown$$0000000C)
    __rt_entry                               0x0000013d   Thumb Code     0  __rtentry.o(.ARM.Collect$$rtentry$$00000000)
    __rt_entry_presh_1                       0x0000013d   Thumb Code     0  __rtentry2.o(.ARM.Collect$$rtentry$$00000002)
    __rt_entry_sh                            0x0000013d   Thumb Code     0  __rtentry4.o(.ARM.Collect$$rtentry$$00000004)
    __rt_entry_li                            0x00000143   Thumb Code     0  __rtentry2.o(.ARM.Collect$$rtentry$$0000000A)
    __rt_entry_postsh_1                      0x00000143   Thumb Code     0  __rtentry2.o(.ARM.Collect$$rtentry$$00000009)
    __rt_entry_main                          0x00000147   Thumb Code     0  __rtentry2.o(.ARM.Collect$$rtentry$$0000000D)
    __rt_entry_postli_1                      0x00000147   Thumb Code     0  __rtentry2.o(.ARM.Collect$$rtentry$$0000000C)
    __rt_exit                                0x0000014f   Thumb Code     0  rtexit.o(.ARM.Collect$$rtexit$$00000000)
    __rt_exit_ls                             0x00000151   Thumb Code     0  rtexit2.o(.ARM.Collect$$rtexit$$00000003)
    __rt_exit_prels_1                        0x00000151   Thumb Code     0  rtexit2.o(.ARM.Collect$$rtexit$$00000002)
    __rt_exit_exit                           0x00000155   Thumb Code     0  rtexit2.o(.ARM.Collect$$rtexit$$00000004)
    PendSV_Handler                           0x0000015d   Thumb Code    40  switch.o(.emb_text)
    Reset_Handler                            0x0000018d   Thumb Code     8  startup_armcm3.o(.text)
    NMI_Handler                              0x00000195   Thumb Code     2  startup_armcm3.o(.text)
    HardFault_Handler                        0x00000197   Thumb Code     2  startup_armcm3.o(.text)
    MemManage_Handler                        0x00000199   Thumb Code     2  startup_armcm3.o(.text)
    BusFault_Handler                         0x0000019b   Thumb Code     2  startup_armcm3.o(.text)
    UsageFault_Handler                       0x0000019d   Thumb Code     2  startup_armcm3.o(.text)
    SVC_Handler                              0x0000019f   Thumb Code     2  startup_armcm3.o(.text)
    DebugMon_Handler                         0x000001a1   Thumb Code     2  startup_armcm3.o(.text)
    AACI_IRQHandler                          0x000001a7   Thumb Code     0  startup_armcm3.o(.text)
    CAN_IRQHandler                           0x000001a7   Thumb Code     0  startup_armcm3.o(.text)
    CHLCD_IRQHandler                         0x000001a7   Thumb Code     0  startup_armcm3.o(.text)
    CLCD_IRQHandler                          0x000001a7   Thumb Code     0  startup_armcm3.o(.text)
    CPU_CLCD_IRQHandler                      0x000001a7   Thumb Code     0  startup_armcm3.o(.text)
    ENET_IRQHandler                          0x000001a7   Thumb Code     0  startup_armcm3.o(.text)
    FLEXRAY_IRQHandler                       0x000001a7   Thumb Code     0  startup_armcm3.o(.text)
    I2C_IRQHandler                           0x000001a7   Thumb Code     0  startup_armcm3.o(.text)
    LIN_IRQHandler                           0x000001a7   Thumb Code     0  startup_armcm3.o(.text)
    MCIA_IRQHandler                          0x000001a7   Thumb Code     0  startup_armcm3.o(.text)
    MCIB_IRQHandler                          0x000001a7   Thumb Code     0  startup_armcm3.o(.text)
    RTC_IRQHandler                           0x000001a7   Thumb Code     0  startup_armcm3.o(.text)
    SPI_IRQHandler                           0x000001a7   Thumb Code     0  startup_armcm3.o(.text)
    TIM0_IRQHandler                          0x000001a7   Thumb Code     0  startup_armcm3.o(.text)
    TIM2_IRQHandler                          0x000001a7   Thumb Code     0  startup_armcm3.o(.text)
    UART0_IRQHandler                         0x000001a7   Thumb Code     0  startup_armcm3.o(.text)
    UART1_IRQHandler                         0x000001a7   Thumb Code     0  startup_armcm3.o(.text)
    UART2_IRQHandler                         0x000001a7   Thumb Code     0  startup_armcm3.o(.text)
    UART3_IRQHandler                         0x000001a7   Thumb Code     0  startup_armcm3.o(.text)
    UART4_IRQHandler                         0x000001a7   Thumb Code     0  startup_armcm3.o(.text)
    USBDC_IRQHandler                         0x000001a7   Thumb Code     0  startup_armcm3.o(.text)
    USBHC_IRQHandler                         0x000001a7   Thumb Code     0  startup_armcm3.o(.text)
    WDT_IRQHandler                           0x000001a7   Thumb Code     0  startup_armcm3.o(.text)
    __user_initial_stackheap                 0x000001a9   Thumb Code    10  startup_armcm3.o(.text)
    __use_two_region_memory                  0x000001cd   Thumb Code     2  heapauxi.o(.text)
    __rt_heap_escrow$2region                 0x000001cf   Thumb Code     2  heapauxi.o(.text)
    __rt_heap_expand$2region                 0x000001d1   Thumb Code     2  heapauxi.o(.text)
    __user_setup_stackheap                   0x000001d3   Thumb Code    74  sys_stackheap_outer.o(.text)
    exit                                     0x0000021d   Thumb Code    18  exit.o(.text)
    __user_libspace                          0x00000231   Thumb Code     8  libspace.o(.text)
    __user_perproc_libspace                  0x00000231   Thumb Code     0  libspace.o(.text)
    __user_perthread_libspace                0x00000231   Thumb Code     0  libspace.o(.text)
    _sys_exit                                0x00000239   Thumb Code     8  sys_exit.o(.text)
    __I$use$semihosting                      0x00000245   Thumb Code     0  use_no_semi.o(.text)
    __use_no_semihosting_swi                 0x00000245   Thumb Code     2  use_no_semi.o(.text)
    BitmapClear                              0x00000247   Thumb Code    12  bitmap.o(i.BitmapClear)
    __semihosting_library_function           0x00000247   Thumb Code     0  indicate_semi.o(.text)
    BitmapGetFirstSet                        0x00000255   Thumb Code    86  bitmap.o(i.BitmapGetFirstSet)
    BitmapInit                               0x000002b1   Thumb Code     6  bitmap.o(i.BitmapInit)
    BitmapPosCount                           0x000002b7   Thumb Code     4  bitmap.o(i.BitmapPosCount)
    BitmapSet                                0x000002bb   Thumb Code    12  bitmap.o(i.BitmapSet)
    IdleTask                                 0x000002c7   Thumb Code     4  main.o(i.IdleTask)
    InitApp                                  0x000002cd   Thumb Code    58  app.o(i.InitApp)
    ListAddFirst                             0x0000032d   Thumb Code    20  list.o(i.ListAddFirst)
    ListAddLast                              0x00000341   Thumb Code    22  list.o(i.ListAddLast)
    ListCount                                0x00000357   Thumb Code     6  list.o(i.ListCount)
    ListFirst                                0x0000035d   Thumb Code    14  list.o(i.ListFirst)
    ListInit                                 0x0000036b   Thumb Code    12  list.o(i.ListInit)
    ListInsertAfter                          0x00000377   Thumb Code    14  list.o(i.ListInsertAfter)
    ListRemove                               0x00000385   Thumb Code    24  list.o(i.ListRemove)
    ListRemoveFirst                          0x0000039d   Thumb Code    48  list.o(i.ListRemoveFirst)
    NodeInit                                 0x000003cd   Thumb Code     4  list.o(i.NodeInit)
    OSdelay                                  0x000003d1   Thumb Code    40  time.o(i.OSdelay)
    SysTickInit                              0x000003fd   Thumb Code    74  cpu.o(i.SysTickInit)
    SysTick_Handler                          0x00000455   Thumb Code     8  cpu.o(i.SysTick_Handler)
    SystemInit                               0x0000045d   Thumb Code     8  system_armcm3.o(i.SystemInit)
    Task1                                    0x0000046d   Thumb Code    88  app.o(i.Task1)
    Task2                                    0x000004d1   Thumb Code    28  app.o(i.Task2)
    Task3                                    0x000004f1   Thumb Code    28  app.o(i.Task3)
    TaskEnterCritical                        0x00000511   Thumb Code    12  main.o(i.TaskEnterCritical)
    TaskExitCritical                         0x0000051d   Thumb Code    10  main.o(i.TaskExitCritical)
    TaskHighestReady                         0x00000529   Thumb Code    30  main.o(i.TaskHighestReady)
    TaskInit                                 0x00000551   Thumb Code   192  task.o(i.TaskInit)
    TaskRun                                  0x00000611   Thumb Code    24  switch.o(i.TaskRun)
    TaskSched                                0x0000062d   Thumb Code    56  main.o(i.TaskSched)
    TaskSchedInit                            0x00000671   Thumb Code    40  main.o(i.TaskSchedInit)
    TaskSchedRdy                             0x000006a5   Thumb Code    32  main.o(i.TaskSchedRdy)
    TaskSchedUnRdy                           0x000006cd   Thumb Code    50  main.o(i.TaskSchedUnRdy)
    TaskSwitch                               0x00000709   Thumb Code    10  switch.o(i.TaskSwitch)
    TaskSystemTickHandler                    0x00000719   Thumb Code   180  main.o(i.TaskSystemTickHandler)
    TimeTaskWait                             0x000007d9   Thumb Code   120  main.o(i.TimeTaskWait)
    TimeTaskWakeUp                           0x00000855   Thumb Code    24  main.o(i.TimeTaskWakeUp)
    main                                     0x00000871   Thumb Code    54  main.o(i.main)
    Region$$Table$$Base                      0x000009c0   Number         0  anon$$obj.o(Region$$Table)
    Region$$Table$$Limit                     0x000009e0   Number         0  anon$$obj.o(Region$$Table)
    tickCounter                              0x20000000   Data           4  main.o(.data)
    curTask                                  0x20000004   Data           4  main.o(.data)
    nxtTask                                  0x20000008   Data           4  main.o(.data)
    taskPrioBitmap                           0x2000000c   Data           4  main.o(.data)
    idleTask                                 0x20000010   Data           4  main.o(.data)
    schedLockCount                           0x20000014   Data           4  main.o(.data)
    task1Flag                                0x20000018   Data           4  app.o(.data)
    task2Flag                                0x2000001c   Data           4  app.o(.data)
    task3Flag                                0x20000020   Data           4  app.o(.data)
    SystemCoreClock                          0x20000024   Data           4  system_armcm3.o(.data)
    listTaskTable                            0x20000028   Data         384  main.o(.bss)
    tcbIdle                                  0x200001a8   Data          44  main.o(.bss)
    IdleEnv                                  0x200001d4   Data        4096  main.o(.bss)
    listTaskDelay                            0x200011d4   Data          12  main.o(.bss)
    task1                                    0x200011e0   Data          44  app.o(.bss)
    task2                                    0x2000120c   Data          44  app.o(.bss)
    task3                                    0x20001238   Data          44  app.o(.bss)
    task1Env                                 0x20001264   Data        4096  app.o(.bss)
    task2Env                                 0x20002264   Data        4096  app.o(.bss)
    task3Env                                 0x20003264   Data        4096  app.o(.bss)
    testSigleList                            0x20004264   Data          12  app.o(.bss)
    testNode                                 0x20004270   Data          20  app.o(.bss)
    __libspace_start                         0x20004284   Data          96  libspace.o(.bss)
    __temporary_stack_top$libspace           0x200042e4   Data           0  libspace.o(.bss)



==============================================================================

Memory Map of the image

  Image Entry point : 0x0000018d

  Load Region LR_1 (Base: 0x00000000, Size: 0x00000a08, Max: 0xffffffff, ABSOLUTE)

    Execution Region ER_RO (Base: 0x00000000, Size: 0x000009e0, Max: 0xffffffff, ABSOLUTE)

    Base Addr    Size         Type   Attr      Idx    E Section Name        Object

    0x00000000   0x000000c0   Data   RO          465    RESET               startup_armcm3.o
    0x000000c0   0x00000008   Code   RO          510  * !!!main             c_w.l(__main.o)
    0x000000c8   0x00000034   Code   RO          667    !!!scatter          c_w.l(__scatter.o)
    0x000000fc   0x0000001a   Code   RO          669    !!handler_copy      c_w.l(__scatter_copy.o)
    0x00000116   0x00000002   PAD
    0x00000118   0x0000001c   Code   RO          671    !!handler_zi        c_w.l(__scatter_zi.o)
    0x00000134   0x00000002   Code   RO          537    .ARM.Collect$$libinit$$00000000  c_w.l(libinit.o)
    0x00000136   0x00000000   Code   RO          544    .ARM.Collect$$libinit$$00000002  c_w.l(libinit2.o)
    0x00000136   0x00000000   Code   RO          546    .ARM.Collect$$libinit$$00000004  c_w.l(libinit2.o)
    0x00000136   0x00000000   Code   RO          549    .ARM.Collect$$libinit$$0000000A  c_w.l(libinit2.o)
    0x00000136   0x00000000   Code   RO          551    .ARM.Collect$$libinit$$0000000C  c_w.l(libinit2.o)
    0x00000136   0x00000000   Code   RO          553    .ARM.Collect$$libinit$$0000000E  c_w.l(libinit2.o)
    0x00000136   0x00000000   Code   RO          556    .ARM.Collect$$libinit$$00000011  c_w.l(libinit2.o)
    0x00000136   0x00000000   Code   RO          558    .ARM.Collect$$libinit$$00000013  c_w.l(libinit2.o)
    0x00000136   0x00000000   Code   RO          560    .ARM.Collect$$libinit$$00000015  c_w.l(libinit2.o)
    0x00000136   0x00000000   Code   RO          562    .ARM.Collect$$libinit$$00000017  c_w.l(libinit2.o)
    0x00000136   0x00000000   Code   RO          564    .ARM.Collect$$libinit$$00000019  c_w.l(libinit2.o)
    0x00000136   0x00000000   Code   RO          566    .ARM.Collect$$libinit$$0000001B  c_w.l(libinit2.o)
    0x00000136   0x00000000   Code   RO          568    .ARM.Collect$$libinit$$0000001D  c_w.l(libinit2.o)
    0x00000136   0x00000000   Code   RO          570    .ARM.Collect$$libinit$$0000001F  c_w.l(libinit2.o)
    0x00000136   0x00000000   Code   RO          572    .ARM.Collect$$libinit$$00000021  c_w.l(libinit2.o)
    0x00000136   0x00000000   Code   RO          574    .ARM.Collect$$libinit$$00000023  c_w.l(libinit2.o)
    0x00000136   0x00000000   Code   RO          576    .ARM.Collect$$libinit$$00000025  c_w.l(libinit2.o)
    0x00000136   0x00000000   Code   RO          580    .ARM.Collect$$libinit$$0000002C  c_w.l(libinit2.o)
    0x00000136   0x00000000   Code   RO          582    .ARM.Collect$$libinit$$0000002E  c_w.l(libinit2.o)
    0x00000136   0x00000000   Code   RO          584    .ARM.Collect$$libinit$$00000030  c_w.l(libinit2.o)
    0x00000136   0x00000000   Code   RO          586    .ARM.Collect$$libinit$$00000032  c_w.l(libinit2.o)
    0x00000136   0x00000002   Code   RO          587    .ARM.Collect$$libinit$$00000033  c_w.l(libinit2.o)
    0x00000138   0x00000002   Code   RO          607    .ARM.Collect$$libshutdown$$00000000  c_w.l(libshutdown.o)
    0x0000013a   0x00000000   Code   RO          620    .ARM.Collect$$libshutdown$$00000002  c_w.l(libshutdown2.o)
    0x0000013a   0x00000000   Code   RO          622    .ARM.Collect$$libshutdown$$00000004  c_w.l(libshutdown2.o)
    0x0000013a   0x00000000   Code   RO          625    .ARM.Collect$$libshutdown$$00000007  c_w.l(libshutdown2.o)
    0x0000013a   0x00000000   Code   RO          628    .ARM.Collect$$libshutdown$$0000000A  c_w.l(libshutdown2.o)
    0x0000013a   0x00000000   Code   RO          630    .ARM.Collect$$libshutdown$$0000000C  c_w.l(libshutdown2.o)
    0x0000013a   0x00000000   Code   RO          633    .ARM.Collect$$libshutdown$$0000000F  c_w.l(libshutdown2.o)
    0x0000013a   0x00000002   Code   RO          634    .ARM.Collect$$libshutdown$$00000010  c_w.l(libshutdown2.o)
    0x0000013c   0x00000000   Code   RO          512    .ARM.Collect$$rtentry$$00000000  c_w.l(__rtentry.o)
    0x0000013c   0x00000000   Code   RO          514    .ARM.Collect$$rtentry$$00000002  c_w.l(__rtentry2.o)
    0x0000013c   0x00000006   Code   RO          526    .ARM.Collect$$rtentry$$00000004  c_w.l(__rtentry4.o)
    0x00000142   0x00000000   Code   RO          516    .ARM.Collect$$rtentry$$00000009  c_w.l(__rtentry2.o)
    0x00000142   0x00000004   Code   RO          517    .ARM.Collect$$rtentry$$0000000A  c_w.l(__rtentry2.o)
    0x00000146   0x00000000   Code   RO          519    .ARM.Collect$$rtentry$$0000000C  c_w.l(__rtentry2.o)
    0x00000146   0x00000008   Code   RO          520    .ARM.Collect$$rtentry$$0000000D  c_w.l(__rtentry2.o)
    0x0000014e   0x00000002   Code   RO          541    .ARM.Collect$$rtexit$$00000000  c_w.l(rtexit.o)
    0x00000150   0x00000000   Code   RO          589    .ARM.Collect$$rtexit$$00000002  c_w.l(rtexit2.o)
    0x00000150   0x00000004   Code   RO          590    .ARM.Collect$$rtexit$$00000003  c_w.l(rtexit2.o)
    0x00000154   0x00000006   Code   RO          591    .ARM.Collect$$rtexit$$00000004  c_w.l(rtexit2.o)
    0x0000015a   0x00000002   PAD
    0x0000015c   0x00000030   Code   RO          167    .emb_text           switch.o
    0x0000018c   0x00000040   Code   RO          466  * .text               startup_armcm3.o
    0x000001cc   0x00000006   Code   RO          508    .text               c_w.l(heapauxi.o)
    0x000001d2   0x0000004a   Code   RO          528    .text               c_w.l(sys_stackheap_outer.o)
    0x0000021c   0x00000012   Code   RO          530    .text               c_w.l(exit.o)
    0x0000022e   0x00000002   PAD
    0x00000230   0x00000008   Code   RO          538    .text               c_w.l(libspace.o)
    0x00000238   0x0000000c   Code   RO          599    .text               c_w.l(sys_exit.o)
    0x00000244   0x00000002   Code   RO          610    .text               c_w.l(use_no_semi.o)
    0x00000246   0x00000000   Code   RO          612    .text               c_w.l(indicate_semi.o)
    0x00000246   0x0000000c   Code   RO          205    i.BitmapClear       bitmap.o
    0x00000252   0x00000002   PAD
    0x00000254   0x0000005c   Code   RO          206    i.BitmapGetFirstSet  bitmap.o
    0x000002b0   0x00000006   Code   RO          207    i.BitmapInit        bitmap.o
    0x000002b6   0x00000004   Code   RO          208    i.BitmapPosCount    bitmap.o
    0x000002ba   0x0000000c   Code   RO          209    i.BitmapSet         bitmap.o
    0x000002c6   0x00000004   Code   RO            4    i.IdleTask          main.o
    0x000002ca   0x00000002   PAD
    0x000002cc   0x00000060   Code   RO          429    i.InitApp           app.o
    0x0000032c   0x00000014   Code   RO          242    i.ListAddFirst      list.o
    0x00000340   0x00000016   Code   RO          243    i.ListAddLast       list.o
    0x00000356   0x00000006   Code   RO          244    i.ListCount         list.o
    0x0000035c   0x0000000e   Code   RO          245    i.ListFirst         list.o
    0x0000036a   0x0000000c   Code   RO          246    i.ListInit          list.o
    0x00000376   0x0000000e   Code   RO          247    i.ListInsertAfter   list.o
    0x00000384   0x00000018   Code   RO          250    i.ListRemove        list.o
    0x0000039c   0x00000030   Code   RO          252    i.ListRemoveFirst   list.o
    0x000003cc   0x00000004   Code   RO          253    i.NodeInit          list.o
    0x000003d0   0x0000002c   Code   RO          380    i.OSdelay           time.o
    0x000003fc   0x00000058   Code   RO          395    i.SysTickInit       cpu.o
    0x00000454   0x00000008   Code   RO          396    i.SysTick_Handler   cpu.o
    0x0000045c   0x00000010   Code   RO          474    i.SystemInit        system_armcm3.o
    0x0000046c   0x00000064   Code   RO          430    i.Task1             app.o
    0x000004d0   0x00000020   Code   RO          431    i.Task2             app.o
    0x000004f0   0x00000020   Code   RO          432    i.Task3             app.o
    0x00000510   0x0000000c   Code   RO            6    i.TaskEnterCritical  main.o
    0x0000051c   0x0000000a   Code   RO            7    i.TaskExitCritical  main.o
    0x00000526   0x00000002   PAD
    0x00000528   0x00000028   Code   RO            8    i.TaskHighestReady  main.o
    0x00000550   0x000000c0   Code   RO          323    i.TaskInit          task.o
    0x00000610   0x0000001c   Code   RO          168    i.TaskRun           switch.o
    0x0000062c   0x00000044   Code   RO            9    i.TaskSched         main.o
    0x00000670   0x00000034   Code   RO           12    i.TaskSchedInit     main.o
    0x000006a4   0x00000028   Code   RO           13    i.TaskSchedRdy      main.o
    0x000006cc   0x0000003c   Code   RO           15    i.TaskSchedUnRdy    main.o
    0x00000708   0x00000010   Code   RO          169    i.TaskSwitch        switch.o
    0x00000718   0x000000c0   Code   RO           16    i.TaskSystemTickHandler  main.o
    0x000007d8   0x0000007c   Code   RO           18    i.TimeTaskWait      main.o
    0x00000854   0x0000001c   Code   RO           19    i.TimeTaskWakeUp    main.o
    0x00000870   0x00000050   Code   RO           20    i.main              main.o
    0x000008c0   0x00000100   Data   RO          210    .constdata          bitmap.o
    0x000009c0   0x00000020   Data   RO          665    Region$$Table       anon$$obj.o


    Execution Region ER_RW (Base: 0x20000000, Size: 0x00000028, Max: 0xffffffff, ABSOLUTE)

    Base Addr    Size         Type   Attr      Idx    E Section Name        Object

    0x20000000   0x00000018   Data   RW           22    .data               main.o
    0x20000018   0x0000000c   Data   RW          434    .data               app.o
    0x20000024   0x00000004   Data   RW          475    .data               system_armcm3.o


    Execution Region ER_ZI (Base: 0x20000028, Size: 0x000052c0, Max: 0xffffffff, ABSOLUTE)

    Base Addr    Size         Type   Attr      Idx    E Section Name        Object

    0x20000028   0x000011b8   Zero   RW           21    .bss                main.o
    0x200011e0   0x000030a4   Zero   RW          433    .bss                app.o
    0x20004284   0x00000060   Zero   RW          539    .bss                c_w.l(libspace.o)
    0x200042e4   0x00000004   PAD
    0x200042e8   0x00000c00   Zero   RW          464    HEAP                startup_armcm3.o
    0x20004ee8   0x00000400   Zero   RW          463    STACK               startup_armcm3.o


==============================================================================

Image component sizes


      Code (inc. data)   RO Data    RW Data    ZI Data      Debug   Object Name

       260         58          0         12      12452       2742   app.o
       126          6        256          0          0       2752   bitmap.o
        96         14          0          0          0      24779   cpu.o
       164          0          0          0          0       4864   list.o
       710         98          0         24       4536      19457   main.o
        64         26        192          0       4096        876   startup_armcm3.o
        92         18          0          0          0       5173   switch.o
        16          8          0          4          0        735   system_armcm3.o
       192          0          0          0          0        767   task.o
        44          4          0          0          0        514   time.o

    ----------------------------------------------------------------------
      1770        232        480         40      21084      62659   Object Totals
         0          0         32          0          0          0   (incl. Generated)
         6          0          0          0          0          0   (incl. Padding)

    ----------------------------------------------------------------------

      Code (inc. data)   RO Data    RW Data    ZI Data      Debug   Library Member Name

         8          0          0          0          0         68   __main.o
         0          0          0          0          0          0   __rtentry.o
        12          0          0          0          0          0   __rtentry2.o
         6          0          0          0          0          0   __rtentry4.o
        52          8          0          0          0          0   __scatter.o
        26          0          0          0          0          0   __scatter_copy.o
        28          0          0          0          0          0   __scatter_zi.o
        18          0          0          0          0         80   exit.o
         6          0          0          0          0        152   heapauxi.o
         0          0          0          0          0          0   indicate_semi.o
         2          0          0          0          0          0   libinit.o
         2          0          0          0          0          0   libinit2.o
         2          0          0          0          0          0   libshutdown.o
         2          0          0          0          0          0   libshutdown2.o
         8          4          0          0         96         68   libspace.o
         2          0          0          0          0          0   rtexit.o
        10          0          0          0          0          0   rtexit2.o
        12          4          0          0          0         68   sys_exit.o
        74          0          0          0          0         80   sys_stackheap_outer.o
         2          0          0          0          0         68   use_no_semi.o

    ----------------------------------------------------------------------
       278         16          0          0        100        584   Library Totals
         6          0          0          0          4          0   (incl. Padding)

    ----------------------------------------------------------------------

      Code (inc. data)   RO Data    RW Data    ZI Data      Debug   Library Name

       272         16          0          0         96        584   c_w.l

    ----------------------------------------------------------------------
       278         16          0          0        100        584   Library Totals

    ----------------------------------------------------------------------

==============================================================================


      Code (inc. data)   RO Data    RW Data    ZI Data      Debug   

      2048        248        480         40      21184      61315   Grand Totals
      2048        248        480         40      21184      61315   ELF Image Totals
      2048        248        480         40          0          0   ROM Totals

==============================================================================

    Total RO  Size (Code + RO Data)                 2528 (   2.47kB)
    Total RW  Size (RW Data + ZI Data)             21224 (  20.73kB)
    Total ROM Size (Code + RO Data + RW Data)       2568 (   2.51kB)

==============================================================================

