Component: ARM Compiler 5.06 update 3 (build 300) Tool: armlink [4d35c9]

==============================================================================

Section Cross References

    main.o(i.main) refers to main.o(i.delay) for delay
    main.o(i.main) refers to main.o(.data) for flag
    startup_armcm3.o(RESET) refers to startup_armcm3.o(STACK) for __initial_sp
    startup_armcm3.o(RESET) refers to startup_armcm3.o(.text) for Reset_Handler
    startup_armcm3.o(.text) refers to system_armcm3.o(i.SystemInit) for SystemInit
    startup_armcm3.o(.text) refers to entry.o(.ARM.Collect$$$$00000000) for __main
    system_armcm3.o(i.SystemCoreClockUpdate) refers to system_armcm3.o(.data) for SystemCoreClock
    system_armcm3.o(i.SystemInit) refers to system_armcm3.o(.data) for SystemCoreClock
    entry.o(.ARM.Collect$$$$00000000) refers (Special) to entry10a.o(.ARM.Collect$$$$0000000D) for __rt_final_cpp
    entry.o(.ARM.Collect$$$$00000000) refers (Special) to entry11a.o(.ARM.Collect$$$$0000000F) for __rt_final_exit
    entry.o(.ARM.Collect$$$$00000000) refers (Special) to entry7b.o(.ARM.Collect$$$$00000008) for _main_clock
    entry.o(.ARM.Collect$$$$00000000) refers (Special) to entry8b.o(.ARM.Collect$$$$0000000A) for _main_cpp_init
    entry.o(.ARM.Collect$$$$00000000) refers (Special) to entry9a.o(.ARM.Collect$$$$0000000B) for _main_init
    entry.o(.ARM.Collect$$$$00000000) refers (Special) to entry5.o(.ARM.Collect$$$$00000004) for _main_scatterload
    entry.o(.ARM.Collect$$$$00000000) refers (Special) to entry2.o(.ARM.Collect$$$$00000001) for _main_stk
    entry2.o(.ARM.Collect$$$$00000001) refers to entry2.o(.ARM.Collect$$$$00002712) for __lit__00000000
    entry2.o(.ARM.Collect$$$$00002712) refers to startup_armcm3.o(STACK) for __initial_sp
    entry2.o(__vectab_stack_and_reset_area) refers to startup_armcm3.o(STACK) for __initial_sp
    entry2.o(__vectab_stack_and_reset_area) refers to entry.o(.ARM.Collect$$$$00000000) for __main
    entry5.o(.ARM.Collect$$$$00000004) refers to init.o(.text) for __scatterload
    entry9a.o(.ARM.Collect$$$$0000000B) refers to main.o(i.main) for main
    entry9b.o(.ARM.Collect$$$$0000000C) refers to main.o(i.main) for main
    init.o(.text) refers to entry5.o(.ARM.Collect$$$$00000004) for __main_after_scatterload


==============================================================================

Removing Unused input sections from the image.

    Removing startup_armcm3.o(HEAP), (3072 bytes).
    Removing system_armcm3.o(.rev16_text), (4 bytes).
    Removing system_armcm3.o(.revsh_text), (4 bytes).
    Removing system_armcm3.o(.rrx_text), (6 bytes).
    Removing system_armcm3.o(i.SystemCoreClockUpdate), (16 bytes).

5 unused section(s) (total 3102 bytes) removed from the image.

==============================================================================

Image Symbol Table

    Local Symbols

    Symbol Name                              Value     Ov Type        Size  Object(Section)

    RESET                                    0x00000000   Section      192  startup_armcm3.o(RESET)
    ../clib/microlib/init/entry.s            0x00000000   Number         0  entry9b.o ABSOLUTE
    ../clib/microlib/init/entry.s            0x00000000   Number         0  entry9a.o ABSOLUTE
    ../clib/microlib/init/entry.s            0x00000000   Number         0  entry8b.o ABSOLUTE
    ../clib/microlib/init/entry.s            0x00000000   Number         0  entry8a.o ABSOLUTE
    ../clib/microlib/init/entry.s            0x00000000   Number         0  entry.o ABSOLUTE
    ../clib/microlib/init/entry.s            0x00000000   Number         0  entry2.o ABSOLUTE
    ../clib/microlib/init/entry.s            0x00000000   Number         0  entry7a.o ABSOLUTE
    ../clib/microlib/init/entry.s            0x00000000   Number         0  entry7b.o ABSOLUTE
    ../clib/microlib/init/entry.s            0x00000000   Number         0  entry5.o ABSOLUTE
    ../clib/microlib/init/entry.s            0x00000000   Number         0  entry10a.o ABSOLUTE
    ../clib/microlib/init/entry.s            0x00000000   Number         0  entry10b.o ABSOLUTE
    ../clib/microlib/init/entry.s            0x00000000   Number         0  entry11a.o ABSOLUTE
    ../clib/microlib/init/entry.s            0x00000000   Number         0  entry11b.o ABSOLUTE
    RTE\Device\ARMCM3\startup_ARMCM3.s       0x00000000   Number         0  startup_armcm3.o ABSOLUTE
    RTE\Device\ARMCM3\system_ARMCM3.c        0x00000000   Number         0  system_armcm3.o ABSOLUTE
    RTE\\Device\\ARMCM3\\system_ARMCM3.c     0x00000000   Number         0  system_armcm3.o ABSOLUTE
    dc.s                                     0x00000000   Number         0  dc.o ABSOLUTE
    handlers.s                               0x00000000   Number         0  handlers.o ABSOLUTE
    init.s                                   0x00000000   Number         0  init.o ABSOLUTE
    main.c                                   0x00000000   Number         0  main.o ABSOLUTE
    .ARM.Collect$$$$00000000                 0x000000c0   Section        0  entry.o(.ARM.Collect$$$$00000000)
    .ARM.Collect$$$$00000001                 0x000000c0   Section        4  entry2.o(.ARM.Collect$$$$00000001)
    .ARM.Collect$$$$00000004                 0x000000c4   Section        4  entry5.o(.ARM.Collect$$$$00000004)
    .ARM.Collect$$$$00000008                 0x000000c8   Section        0  entry7b.o(.ARM.Collect$$$$00000008)
    .ARM.Collect$$$$0000000A                 0x000000c8   Section        0  entry8b.o(.ARM.Collect$$$$0000000A)
    .ARM.Collect$$$$0000000B                 0x000000c8   Section        8  entry9a.o(.ARM.Collect$$$$0000000B)
    .ARM.Collect$$$$0000000D                 0x000000d0   Section        0  entry10a.o(.ARM.Collect$$$$0000000D)
    .ARM.Collect$$$$0000000F                 0x000000d0   Section        0  entry11a.o(.ARM.Collect$$$$0000000F)
    .ARM.Collect$$$$00002712                 0x000000d0   Section        4  entry2.o(.ARM.Collect$$$$00002712)
    __lit__00000000                          0x000000d0   Data           4  entry2.o(.ARM.Collect$$$$00002712)
    .text                                    0x000000d4   Section       36  startup_armcm3.o(.text)
    .text                                    0x000000f8   Section       36  init.o(.text)
    i.SystemInit                             0x0000011c   Section        0  system_armcm3.o(i.SystemInit)
    i.__scatterload_copy                     0x0000012c   Section       14  handlers.o(i.__scatterload_copy)
    i.__scatterload_null                     0x0000013a   Section        2  handlers.o(i.__scatterload_null)
    i.__scatterload_zeroinit                 0x0000013c   Section       14  handlers.o(i.__scatterload_zeroinit)
    i.delay                                  0x0000014a   Section        0  main.o(i.delay)
    i.main                                   0x00000154   Section        0  main.o(i.main)
    .data                                    0x20000000   Section        4  main.o(.data)
    .data                                    0x20000004   Section        4  system_armcm3.o(.data)
    STACK                                    0x20000008   Section     1024  startup_armcm3.o(STACK)

    Global Symbols

    Symbol Name                              Value     Ov Type        Size  Object(Section)

    BuildAttributes$$THM_ISAv4$P$D$K$B$S$PE$A:L22UL41UL21$X:L11$S22US41US21$IEEE1$IW$USESV6$~STKCKD$USESV7$~SHL$OSPACE$EBA8$MICROLIB$REQ8$PRES8$EABIv2 0x00000000   Number         0  anon$$obj.o ABSOLUTE
    __ARM_use_no_argv                        0x00000000   Number         0  main.o ABSOLUTE
    __Vectors                                0x00000000   Data           4  startup_armcm3.o(RESET)
    __cpp_initialize__aeabi_                  - Undefined Weak Reference
    __cxa_finalize                            - Undefined Weak Reference
    __decompress                              - Undefined Weak Reference
    _clock_init                               - Undefined Weak Reference
    _microlib_exit                            - Undefined Weak Reference
    __Vectors_End                            0x000000c0   Data           0  startup_armcm3.o(RESET)
    __Vectors_Size                           0x000000c0   Number         0  startup_armcm3.o ABSOLUTE
    __main                                   0x000000c1   Thumb Code     0  entry.o(.ARM.Collect$$$$00000000)
    _main_stk                                0x000000c1   Thumb Code     0  entry2.o(.ARM.Collect$$$$00000001)
    _main_scatterload                        0x000000c5   Thumb Code     0  entry5.o(.ARM.Collect$$$$00000004)
    __main_after_scatterload                 0x000000c9   Thumb Code     0  entry5.o(.ARM.Collect$$$$00000004)
    _main_clock                              0x000000c9   Thumb Code     0  entry7b.o(.ARM.Collect$$$$00000008)
    _main_cpp_init                           0x000000c9   Thumb Code     0  entry8b.o(.ARM.Collect$$$$0000000A)
    _main_init                               0x000000c9   Thumb Code     0  entry9a.o(.ARM.Collect$$$$0000000B)
    __rt_final_cpp                           0x000000d1   Thumb Code     0  entry10a.o(.ARM.Collect$$$$0000000D)
    __rt_final_exit                          0x000000d1   Thumb Code     0  entry11a.o(.ARM.Collect$$$$0000000F)
    Reset_Handler                            0x000000d5   Thumb Code     8  startup_armcm3.o(.text)
    NMI_Handler                              0x000000dd   Thumb Code     2  startup_armcm3.o(.text)
    HardFault_Handler                        0x000000df   Thumb Code     2  startup_armcm3.o(.text)
    MemManage_Handler                        0x000000e1   Thumb Code     2  startup_armcm3.o(.text)
    BusFault_Handler                         0x000000e3   Thumb Code     2  startup_armcm3.o(.text)
    UsageFault_Handler                       0x000000e5   Thumb Code     2  startup_armcm3.o(.text)
    SVC_Handler                              0x000000e7   Thumb Code     2  startup_armcm3.o(.text)
    DebugMon_Handler                         0x000000e9   Thumb Code     2  startup_armcm3.o(.text)
    PendSV_Handler                           0x000000eb   Thumb Code     2  startup_armcm3.o(.text)
    SysTick_Handler                          0x000000ed   Thumb Code     2  startup_armcm3.o(.text)
    AACI_IRQHandler                          0x000000ef   Thumb Code     0  startup_armcm3.o(.text)
    CAN_IRQHandler                           0x000000ef   Thumb Code     0  startup_armcm3.o(.text)
    CHLCD_IRQHandler                         0x000000ef   Thumb Code     0  startup_armcm3.o(.text)
    CLCD_IRQHandler                          0x000000ef   Thumb Code     0  startup_armcm3.o(.text)
    CPU_CLCD_IRQHandler                      0x000000ef   Thumb Code     0  startup_armcm3.o(.text)
    ENET_IRQHandler                          0x000000ef   Thumb Code     0  startup_armcm3.o(.text)
    FLEXRAY_IRQHandler                       0x000000ef   Thumb Code     0  startup_armcm3.o(.text)
    I2C_IRQHandler                           0x000000ef   Thumb Code     0  startup_armcm3.o(.text)
    LIN_IRQHandler                           0x000000ef   Thumb Code     0  startup_armcm3.o(.text)
    MCIA_IRQHandler                          0x000000ef   Thumb Code     0  startup_armcm3.o(.text)
    MCIB_IRQHandler                          0x000000ef   Thumb Code     0  startup_armcm3.o(.text)
    RTC_IRQHandler                           0x000000ef   Thumb Code     0  startup_armcm3.o(.text)
    SPI_IRQHandler                           0x000000ef   Thumb Code     0  startup_armcm3.o(.text)
    TIM0_IRQHandler                          0x000000ef   Thumb Code     0  startup_armcm3.o(.text)
    TIM2_IRQHandler                          0x000000ef   Thumb Code     0  startup_armcm3.o(.text)
    UART0_IRQHandler                         0x000000ef   Thumb Code     0  startup_armcm3.o(.text)
    UART1_IRQHandler                         0x000000ef   Thumb Code     0  startup_armcm3.o(.text)
    UART2_IRQHandler                         0x000000ef   Thumb Code     0  startup_armcm3.o(.text)
    UART3_IRQHandler                         0x000000ef   Thumb Code     0  startup_armcm3.o(.text)
    UART4_IRQHandler                         0x000000ef   Thumb Code     0  startup_armcm3.o(.text)
    USBDC_IRQHandler                         0x000000ef   Thumb Code     0  startup_armcm3.o(.text)
    USBHC_IRQHandler                         0x000000ef   Thumb Code     0  startup_armcm3.o(.text)
    WDT_IRQHandler                           0x000000ef   Thumb Code     0  startup_armcm3.o(.text)
    __scatterload                            0x000000f9   Thumb Code    28  init.o(.text)
    __scatterload_rt2                        0x000000f9   Thumb Code     0  init.o(.text)
    SystemInit                               0x0000011d   Thumb Code     8  system_armcm3.o(i.SystemInit)
    __scatterload_copy                       0x0000012d   Thumb Code    14  handlers.o(i.__scatterload_copy)
    __scatterload_null                       0x0000013b   Thumb Code     2  handlers.o(i.__scatterload_null)
    __scatterload_zeroinit                   0x0000013d   Thumb Code    14  handlers.o(i.__scatterload_zeroinit)
    delay                                    0x0000014b   Thumb Code    10  main.o(i.delay)
    main                                     0x00000155   Thumb Code    28  main.o(i.main)
    Region$$Table$$Base                      0x00000174   Number         0  anon$$obj.o(Region$$Table)
    Region$$Table$$Limit                     0x00000194   Number         0  anon$$obj.o(Region$$Table)
    flag                                     0x20000000   Data           4  main.o(.data)
    SystemCoreClock                          0x20000004   Data           4  system_armcm3.o(.data)
    __initial_sp                             0x20000408   Data           0  startup_armcm3.o(STACK)



==============================================================================

Memory Map of the image

  Image Entry point : 0x000000d5

  Load Region LR_1 (Base: 0x00000000, Size: 0x0000019c, Max: 0xffffffff, ABSOLUTE)

    Execution Region ER_RO (Base: 0x00000000, Size: 0x00000194, Max: 0xffffffff, ABSOLUTE)

    Base Addr    Size         Type   Attr      Idx    E Section Name        Object

    0x00000000   0x000000c0   Data   RO           30    RESET               startup_armcm3.o
    0x000000c0   0x00000000   Code   RO           91  * .ARM.Collect$$$$00000000  mc_w.l(entry.o)
    0x000000c0   0x00000004   Code   RO           94    .ARM.Collect$$$$00000001  mc_w.l(entry2.o)
    0x000000c4   0x00000004   Code   RO           97    .ARM.Collect$$$$00000004  mc_w.l(entry5.o)
    0x000000c8   0x00000000   Code   RO           99    .ARM.Collect$$$$00000008  mc_w.l(entry7b.o)
    0x000000c8   0x00000000   Code   RO          101    .ARM.Collect$$$$0000000A  mc_w.l(entry8b.o)
    0x000000c8   0x00000008   Code   RO          102    .ARM.Collect$$$$0000000B  mc_w.l(entry9a.o)
    0x000000d0   0x00000000   Code   RO          104    .ARM.Collect$$$$0000000D  mc_w.l(entry10a.o)
    0x000000d0   0x00000000   Code   RO          106    .ARM.Collect$$$$0000000F  mc_w.l(entry11a.o)
    0x000000d0   0x00000004   Code   RO           95    .ARM.Collect$$$$00002712  mc_w.l(entry2.o)
    0x000000d4   0x00000024   Code   RO           31  * .text               startup_armcm3.o
    0x000000f8   0x00000024   Code   RO          108    .text               mc_w.l(init.o)
    0x0000011c   0x00000010   Code   RO           40    i.SystemInit        system_armcm3.o
    0x0000012c   0x0000000e   Code   RO          112    i.__scatterload_copy  mc_w.l(handlers.o)
    0x0000013a   0x00000002   Code   RO          113    i.__scatterload_null  mc_w.l(handlers.o)
    0x0000013c   0x0000000e   Code   RO          114    i.__scatterload_zeroinit  mc_w.l(handlers.o)
    0x0000014a   0x0000000a   Code   RO            1    i.delay             main.o
    0x00000154   0x00000020   Code   RO            2    i.main              main.o
    0x00000174   0x00000020   Data   RO          110    Region$$Table       anon$$obj.o


    Execution Region ER_RW (Base: 0x20000000, Size: 0x00000008, Max: 0xffffffff, ABSOLUTE)

    Base Addr    Size         Type   Attr      Idx    E Section Name        Object

    0x20000000   0x00000004   Data   RW            3    .data               main.o
    0x20000004   0x00000004   Data   RW           41    .data               system_armcm3.o


    Execution Region ER_ZI (Base: 0x20000008, Size: 0x00000400, Max: 0xffffffff, ABSOLUTE)

    Base Addr    Size         Type   Attr      Idx    E Section Name        Object

    0x20000008   0x00000400   Zero   RW           28    STACK               startup_armcm3.o


==============================================================================

Image component sizes


      Code (inc. data)   RO Data    RW Data    ZI Data      Debug   Object Name

        42          4          0          4          0       2478   main.o
        36          8        192          0       1024        832   startup_armcm3.o
        16          8          0          4          0       3751   system_armcm3.o

    ----------------------------------------------------------------------
        94         20        224          8       1024       7061   Object Totals
         0          0         32          0          0          0   (incl. Generated)
         0          0          0          0          0          0   (incl. Padding)

    ----------------------------------------------------------------------

      Code (inc. data)   RO Data    RW Data    ZI Data      Debug   Library Member Name

         0          0          0          0          0          0   entry.o
         0          0          0          0          0          0   entry10a.o
         0          0          0          0          0          0   entry11a.o
         8          4          0          0          0          0   entry2.o
         4          0          0          0          0          0   entry5.o
         0          0          0          0          0          0   entry7b.o
         0          0          0          0          0          0   entry8b.o
         8          4          0          0          0          0   entry9a.o
        30          0          0          0          0          0   handlers.o
        36          8          0          0          0         68   init.o

    ----------------------------------------------------------------------
        86         16          0          0          0         68   Library Totals
         0          0          0          0          0          0   (incl. Padding)

    ----------------------------------------------------------------------

      Code (inc. data)   RO Data    RW Data    ZI Data      Debug   Library Name

        86         16          0          0          0         68   mc_w.l

    ----------------------------------------------------------------------
        86         16          0          0          0         68   Library Totals

    ----------------------------------------------------------------------

==============================================================================


      Code (inc. data)   RO Data    RW Data    ZI Data      Debug   

       180         36        224          8       1024       7177   Grand Totals
       180         36        224          8       1024       7177   ELF Image Totals
       180         36        224          8          0          0   ROM Totals

==============================================================================

    Total RO  Size (Code + RO Data)                  404 (   0.39kB)
    Total RW  Size (RW Data + ZI Data)              1032 (   1.01kB)
    Total ROM Size (Code + RO Data + RW Data)        412 (   0.40kB)

==============================================================================

