Component: ARM Compiler 5.06 update 3 (build 300) Tool: armlink [4d35c9]

==============================================================================

Section Cross References

    main.o(i.TaskDelayedInit) refers to list.o(i.ListInit) for ListInit
    main.o(i.TaskDelayedInit) refers to main.o(.bss) for listTaskDelay
    main.o(i.TaskHighestReady) refers to bitmap.o(i.BitmapGetFirstSet) for BitmapGetFirstSet
    main.o(i.TaskHighestReady) refers to list.o(i.ListFirst) for ListFirst
    main.o(i.TaskHighestReady) refers to main.o(.data) for taskPrioBitmap
    main.o(i.TaskHighestReady) refers to main.o(.bss) for listTaskTable
    main.o(i.TaskSched) refers to main.o(i.TaskEnterCritical) for TaskEnterCritical
    main.o(i.TaskSched) refers to main.o(i.TaskExitCritical) for TaskExitCritical
    main.o(i.TaskSched) refers to main.o(i.TaskHighestReady) for TaskHighestReady
    main.o(i.TaskSched) refers to switch.o(i.TaskSwitch) for TaskSwitch
    main.o(i.TaskSched) refers to main.o(.data) for schedLockCount
    main.o(i.TaskSchedDisable) refers to main.o(i.TaskEnterCritical) for TaskEnterCritical
    main.o(i.TaskSchedDisable) refers to main.o(i.TaskExitCritical) for TaskExitCritical
    main.o(i.TaskSchedDisable) refers to main.o(.data) for schedLockCount
    main.o(i.TaskSchedEnable) refers to main.o(i.TaskEnterCritical) for TaskEnterCritical
    main.o(i.TaskSchedEnable) refers to main.o(i.TaskSched) for TaskSched
    main.o(i.TaskSchedEnable) refers to main.o(i.TaskExitCritical) for TaskExitCritical
    main.o(i.TaskSchedEnable) refers to main.o(.data) for schedLockCount
    main.o(i.TaskSchedInit) refers to bitmap.o(i.BitmapInit) for BitmapInit
    main.o(i.TaskSchedInit) refers to list.o(i.ListInit) for ListInit
    main.o(i.TaskSchedInit) refers to main.o(.data) for schedLockCount
    main.o(i.TaskSchedInit) refers to main.o(.bss) for listTaskTable
    main.o(i.TaskSchedRdy) refers to list.o(i.ListAddFirst) for ListAddFirst
    main.o(i.TaskSchedRdy) refers to bitmap.o(i.BitmapSet) for BitmapSet
    main.o(i.TaskSchedRdy) refers to main.o(.bss) for listTaskTable
    main.o(i.TaskSchedRdy) refers to main.o(.data) for taskPrioBitmap
    main.o(i.TaskSchedRemove) refers to list.o(i.ListRemove) for ListRemove
    main.o(i.TaskSchedRemove) refers to list.o(i.ListCount) for ListCount
    main.o(i.TaskSchedRemove) refers to bitmap.o(i.BitmapClear) for BitmapClear
    main.o(i.TaskSchedRemove) refers to main.o(.bss) for listTaskTable
    main.o(i.TaskSchedRemove) refers to main.o(.data) for taskPrioBitmap
    main.o(i.TaskSchedUnRdy) refers to list.o(i.ListRemove) for ListRemove
    main.o(i.TaskSchedUnRdy) refers to list.o(i.ListCount) for ListCount
    main.o(i.TaskSchedUnRdy) refers to bitmap.o(i.BitmapClear) for BitmapClear
    main.o(i.TaskSchedUnRdy) refers to main.o(.bss) for listTaskTable
    main.o(i.TaskSchedUnRdy) refers to main.o(.data) for taskPrioBitmap
    main.o(i.TaskSystemTickHandler) refers to main.o(i.TaskEnterCritical) for TaskEnterCritical
    main.o(i.TaskSystemTickHandler) refers to event.o(i.EventRemoveTask) for EventRemoveTask
    main.o(i.TaskSystemTickHandler) refers to main.o(i.TimeTaskWakeUp) for TimeTaskWakeUp
    main.o(i.TaskSystemTickHandler) refers to main.o(i.TaskSchedRdy) for TaskSchedRdy
    main.o(i.TaskSystemTickHandler) refers to list.o(i.ListRemoveFirst) for ListRemoveFirst
    main.o(i.TaskSystemTickHandler) refers to list.o(i.ListAddLast) for ListAddLast
    main.o(i.TaskSystemTickHandler) refers to main.o(i.TaskExitCritical) for TaskExitCritical
    main.o(i.TaskSystemTickHandler) refers to main.o(i.TaskSched) for TaskSched
    main.o(i.TaskSystemTickHandler) refers to main.o(.bss) for listTaskDelay
    main.o(i.TaskSystemTickHandler) refers to main.o(.data) for curTask
    main.o(i.TimeTaskRemove) refers to list.o(i.ListRemove) for ListRemove
    main.o(i.TimeTaskRemove) refers to main.o(.bss) for listTaskDelay
    main.o(i.TimeTaskWait) refers to list.o(i.ListAddLast) for ListAddLast
    main.o(i.TimeTaskWait) refers to main.o(.bss) for listTaskDelay
    main.o(i.TimeTaskWakeUp) refers to list.o(i.ListRemove) for ListRemove
    main.o(i.TimeTaskWakeUp) refers to main.o(.bss) for listTaskDelay
    main.o(i.main) refers to main.o(i.TaskSchedInit) for TaskSchedInit
    main.o(i.main) refers to list.o(i.ListInit) for ListInit
    main.o(i.main) refers to app.o(i.InitApp) for InitApp
    main.o(i.main) refers to task.o(i.TaskInit) for TaskInit
    main.o(i.main) refers to main.o(i.TaskHighestReady) for TaskHighestReady
    main.o(i.main) refers to switch.o(i.TaskRun) for TaskRun
    main.o(i.main) refers to main.o(.bss) for listTaskDelay
    main.o(i.main) refers to main.o(i.IdleTask) for IdleTask
    main.o(i.main) refers to main.o(.data) for idleTask
    switch.o(.emb_text) refers to main.o(.data) for curTask
    bitmap.o(i.BitmapGetFirstSet) refers to bitmap.o(i.BitmapPosCount) for BitmapPosCount
    bitmap.o(i.BitmapGetFirstSet) refers to bitmap.o(.constdata) for quickFindTable
    task.o(i.TaskDeleteSelf) refers to main.o(i.TaskEnterCritical) for TaskEnterCritical
    task.o(i.TaskDeleteSelf) refers to main.o(i.TaskSchedRemove) for TaskSchedRemove
    task.o(i.TaskDeleteSelf) refers to main.o(i.TaskSched) for TaskSched
    task.o(i.TaskDeleteSelf) refers to main.o(i.TaskExitCritical) for TaskExitCritical
    task.o(i.TaskDeleteSelf) refers to main.o(.data) for curTask
    task.o(i.TaskForceDelete) refers to main.o(i.TaskEnterCritical) for TaskEnterCritical
    task.o(i.TaskForceDelete) refers to main.o(i.TimeTaskRemove) for TimeTaskRemove
    task.o(i.TaskForceDelete) refers to main.o(i.TaskSchedRemove) for TaskSchedRemove
    task.o(i.TaskForceDelete) refers to main.o(i.TaskSched) for TaskSched
    task.o(i.TaskForceDelete) refers to main.o(i.TaskExitCritical) for TaskExitCritical
    task.o(i.TaskForceDelete) refers to main.o(.data) for curTask
    task.o(i.TaskGetInfo) refers to main.o(i.TaskEnterCritical) for TaskEnterCritical
    task.o(i.TaskGetInfo) refers to main.o(i.TaskExitCritical) for TaskExitCritical
    task.o(i.TaskInit) refers to list.o(i.NodeInit) for NodeInit
    task.o(i.TaskInit) refers to main.o(i.TaskSchedRdy) for TaskSchedRdy
    task.o(i.TaskIsRequestDeleted) refers to main.o(i.TaskEnterCritical) for TaskEnterCritical
    task.o(i.TaskIsRequestDeleted) refers to main.o(i.TaskExitCritical) for TaskExitCritical
    task.o(i.TaskIsRequestDeleted) refers to main.o(.data) for curTask
    task.o(i.TaskRequestDelete) refers to main.o(i.TaskEnterCritical) for TaskEnterCritical
    task.o(i.TaskRequestDelete) refers to main.o(i.TaskExitCritical) for TaskExitCritical
    task.o(i.TaskSuspend) refers to main.o(i.TaskEnterCritical) for TaskEnterCritical
    task.o(i.TaskSuspend) refers to main.o(i.TaskSchedUnRdy) for TaskSchedUnRdy
    task.o(i.TaskSuspend) refers to main.o(i.TaskSched) for TaskSched
    task.o(i.TaskSuspend) refers to main.o(i.TaskExitCritical) for TaskExitCritical
    task.o(i.TaskSuspend) refers to main.o(.data) for curTask
    task.o(i.TaskWakeUp) refers to main.o(i.TaskEnterCritical) for TaskEnterCritical
    task.o(i.TaskWakeUp) refers to main.o(i.TaskSchedRdy) for TaskSchedRdy
    task.o(i.TaskWakeUp) refers to main.o(i.TaskSched) for TaskSched
    task.o(i.TaskWakeUp) refers to main.o(i.TaskExitCritical) for TaskExitCritical
    time.o(i.OSdelay) refers to main.o(i.TaskEnterCritical) for TaskEnterCritical
    time.o(i.OSdelay) refers to main.o(i.TimeTaskWait) for TimeTaskWait
    time.o(i.OSdelay) refers to main.o(i.TaskSchedUnRdy) for TaskSchedUnRdy
    time.o(i.OSdelay) refers to main.o(i.TaskExitCritical) for TaskExitCritical
    time.o(i.OSdelay) refers to main.o(i.TaskSched) for TaskSched
    time.o(i.OSdelay) refers to main.o(.data) for curTask
    cpu.o(i.SysTickInit) refers to system_armcm3.o(.data) for SystemCoreClock
    cpu.o(i.SysTick_Handler) refers to main.o(i.TaskSystemTickHandler) for TaskSystemTickHandler
    app.o(i.InitApp) refers to task.o(i.TaskInit) for TaskInit
    app.o(i.InitApp) refers to app.o(.bss) for task1Env
    app.o(i.InitApp) refers to app.o(i.Task1) for Task1
    app.o(i.InitApp) refers to app.o(i.Task2) for Task2
    app.o(i.InitApp) refers to app.o(i.Task3) for Task3
    app.o(i.InitApp) refers to app.o(i.Task4) for Task4
    app.o(i.Task1) refers to cpu.o(i.SysTickInit) for SysTickInit
    app.o(i.Task1) refers to time.o(i.OSdelay) for OSdelay
    app.o(i.Task1) refers to app.o(.data) for task1Flag
    app.o(i.Task2) refers to time.o(i.OSdelay) for OSdelay
    app.o(i.Task2) refers to app.o(.data) for task2Flag
    app.o(i.Task3) refers to time.o(i.OSdelay) for OSdelay
    app.o(i.Task3) refers to app.o(.data) for task3Flag
    app.o(i.Task4) refers to time.o(i.OSdelay) for OSdelay
    app.o(i.Task4) refers to app.o(.data) for task4Flag
    event.o(i.EventInit) refers to list.o(i.ListInit) for ListInit
    event.o(i.EventRemoveAll) refers to list.o(i.ListCount) for ListCount
    event.o(i.EventRemoveAll) refers to main.o(i.TaskEnterCritical) for TaskEnterCritical
    event.o(i.EventRemoveAll) refers to main.o(i.TimeTaskWakeUp) for TimeTaskWakeUp
    event.o(i.EventRemoveAll) refers to main.o(i.TaskSchedRdy) for TaskSchedRdy
    event.o(i.EventRemoveAll) refers to list.o(i.ListRemoveFirst) for ListRemoveFirst
    event.o(i.EventRemoveAll) refers to main.o(i.TaskExitCritical) for TaskExitCritical
    event.o(i.EventRemoveTask) refers to main.o(i.TaskEnterCritical) for TaskEnterCritical
    event.o(i.EventRemoveTask) refers to list.o(i.ListRemove) for ListRemove
    event.o(i.EventRemoveTask) refers to main.o(i.TaskExitCritical) for TaskExitCritical
    event.o(i.EventWait) refers to main.o(i.TaskEnterCritical) for TaskEnterCritical
    event.o(i.EventWait) refers to main.o(i.TaskSchedUnRdy) for TaskSchedUnRdy
    event.o(i.EventWait) refers to list.o(i.ListAddLast) for ListAddLast
    event.o(i.EventWait) refers to main.o(i.TimeTaskWait) for TimeTaskWait
    event.o(i.EventWait) refers to main.o(i.TaskExitCritical) for TaskExitCritical
    event.o(i.EventWaitCount) refers to main.o(i.TaskEnterCritical) for TaskEnterCritical
    event.o(i.EventWaitCount) refers to list.o(i.ListCount) for ListCount
    event.o(i.EventWaitCount) refers to main.o(i.TaskExitCritical) for TaskExitCritical
    event.o(i.EventWakeUp) refers to main.o(i.TaskEnterCritical) for TaskEnterCritical
    event.o(i.EventWakeUp) refers to list.o(i.ListRemoveFirst) for ListRemoveFirst
    event.o(i.EventWakeUp) refers to main.o(i.TimeTaskWakeUp) for TimeTaskWakeUp
    event.o(i.EventWakeUp) refers to main.o(i.TaskSchedRdy) for TaskSchedRdy
    event.o(i.EventWakeUp) refers to main.o(i.TaskExitCritical) for TaskExitCritical
    sem.o(i.SemDestroy) refers to main.o(i.TaskEnterCritical) for TaskEnterCritical
    sem.o(i.SemDestroy) refers to event.o(i.EventRemoveAll) for EventRemoveAll
    sem.o(i.SemDestroy) refers to main.o(i.TaskExitCritical) for TaskExitCritical
    sem.o(i.SemDestroy) refers to main.o(i.TaskSched) for TaskSched
    sem.o(i.SemGetInfo) refers to main.o(i.TaskEnterCritical) for TaskEnterCritical
    sem.o(i.SemGetInfo) refers to event.o(i.EventWaitCount) for EventWaitCount
    sem.o(i.SemGetInfo) refers to main.o(i.TaskExitCritical) for TaskExitCritical
    sem.o(i.SemInit) refers to event.o(i.EventInit) for EventInit
    sem.o(i.SemNoWaitGet) refers to main.o(i.TaskEnterCritical) for TaskEnterCritical
    sem.o(i.SemNoWaitGet) refers to main.o(i.TaskExitCritical) for TaskExitCritical
    sem.o(i.SemNotify) refers to main.o(i.TaskEnterCritical) for TaskEnterCritical
    sem.o(i.SemNotify) refers to event.o(i.EventWaitCount) for EventWaitCount
    sem.o(i.SemNotify) refers to event.o(i.EventWakeUp) for EventWakeUp
    sem.o(i.SemNotify) refers to main.o(i.TaskSched) for TaskSched
    sem.o(i.SemNotify) refers to main.o(i.TaskExitCritical) for TaskExitCritical
    sem.o(i.SemNotify) refers to main.o(.data) for curTask
    sem.o(i.SemWait) refers to main.o(i.TaskEnterCritical) for TaskEnterCritical
    sem.o(i.SemWait) refers to main.o(i.TaskExitCritical) for TaskExitCritical
    sem.o(i.SemWait) refers to event.o(i.EventWait) for EventWait
    sem.o(i.SemWait) refers to main.o(i.TaskSched) for TaskSched
    sem.o(i.SemWait) refers to main.o(.data) for curTask
    mbox.o(i.MBoxDestroy) refers to main.o(i.TaskEnterCritical) for TaskEnterCritical
    mbox.o(i.MBoxDestroy) refers to event.o(i.EventRemoveAll) for EventRemoveAll
    mbox.o(i.MBoxDestroy) refers to main.o(i.TaskExitCritical) for TaskExitCritical
    mbox.o(i.MBoxDestroy) refers to main.o(i.TaskSched) for TaskSched
    mbox.o(i.MBoxEmpty) refers to main.o(i.TaskEnterCritical) for TaskEnterCritical
    mbox.o(i.MBoxEmpty) refers to main.o(i.TaskExitCritical) for TaskExitCritical
    mbox.o(i.MBoxGetInfo) refers to main.o(i.TaskEnterCritical) for TaskEnterCritical
    mbox.o(i.MBoxGetInfo) refers to event.o(i.EventWaitCount) for EventWaitCount
    mbox.o(i.MBoxGetInfo) refers to main.o(i.TaskExitCritical) for TaskExitCritical
    mbox.o(i.MBoxInit) refers to event.o(i.EventInit) for EventInit
    mbox.o(i.MBoxNoWaitGet) refers to main.o(i.TaskEnterCritical) for TaskEnterCritical
    mbox.o(i.MBoxNoWaitGet) refers to main.o(i.TaskExitCritical) for TaskExitCritical
    mbox.o(i.MBoxNotify) refers to main.o(i.TaskEnterCritical) for TaskEnterCritical
    mbox.o(i.MBoxNotify) refers to event.o(i.EventWaitCount) for EventWaitCount
    mbox.o(i.MBoxNotify) refers to event.o(i.EventWakeUp) for EventWakeUp
    mbox.o(i.MBoxNotify) refers to main.o(i.TaskSched) for TaskSched
    mbox.o(i.MBoxNotify) refers to main.o(i.TaskExitCritical) for TaskExitCritical
    mbox.o(i.MBoxNotify) refers to main.o(.data) for curTask
    mbox.o(i.MBoxWait) refers to main.o(i.TaskEnterCritical) for TaskEnterCritical
    mbox.o(i.MBoxWait) refers to main.o(i.TaskExitCritical) for TaskExitCritical
    mbox.o(i.MBoxWait) refers to event.o(i.EventWait) for EventWait
    mbox.o(i.MBoxWait) refers to main.o(i.TaskSched) for TaskSched
    mbox.o(i.MBoxWait) refers to main.o(.data) for curTask
    mem.o(i.MemBlockInit) refers to event.o(i.EventInit) for EventInit
    mem.o(i.MemBlockInit) refers to list.o(i.ListInit) for ListInit
    mem.o(i.MemBlockInit) refers to list.o(i.NodeInit) for NodeInit
    mem.o(i.MemBlockInit) refers to list.o(i.ListAddLast) for ListAddLast
    mem.o(i.memBlock_tDestroy) refers to main.o(i.TaskEnterCritical) for TaskEnterCritical
    mem.o(i.memBlock_tDestroy) refers to event.o(i.EventRemoveAll) for EventRemoveAll
    mem.o(i.memBlock_tDestroy) refers to main.o(i.TaskExitCritical) for TaskExitCritical
    mem.o(i.memBlock_tDestroy) refers to main.o(i.TaskSched) for TaskSched
    mem.o(i.memBlock_tGetInfo) refers to main.o(i.TaskEnterCritical) for TaskEnterCritical
    mem.o(i.memBlock_tGetInfo) refers to list.o(i.ListCount) for ListCount
    mem.o(i.memBlock_tGetInfo) refers to event.o(i.EventWaitCount) for EventWaitCount
    mem.o(i.memBlock_tGetInfo) refers to main.o(i.TaskExitCritical) for TaskExitCritical
    mem.o(i.memBlock_tNoWaitGet) refers to main.o(i.TaskEnterCritical) for TaskEnterCritical
    mem.o(i.memBlock_tNoWaitGet) refers to list.o(i.ListCount) for ListCount
    mem.o(i.memBlock_tNoWaitGet) refers to list.o(i.ListRemoveFirst) for ListRemoveFirst
    mem.o(i.memBlock_tNoWaitGet) refers to main.o(i.TaskExitCritical) for TaskExitCritical
    mem.o(i.memBlock_tNotify) refers to main.o(i.TaskEnterCritical) for TaskEnterCritical
    mem.o(i.memBlock_tNotify) refers to event.o(i.EventWaitCount) for EventWaitCount
    mem.o(i.memBlock_tNotify) refers to event.o(i.EventWakeUp) for EventWakeUp
    mem.o(i.memBlock_tNotify) refers to main.o(i.TaskSched) for TaskSched
    mem.o(i.memBlock_tNotify) refers to list.o(i.ListAddLast) for ListAddLast
    mem.o(i.memBlock_tNotify) refers to main.o(i.TaskExitCritical) for TaskExitCritical
    mem.o(i.memBlock_tNotify) refers to main.o(.data) for curTask
    mem.o(i.memBlock_tWait) refers to main.o(i.TaskEnterCritical) for TaskEnterCritical
    mem.o(i.memBlock_tWait) refers to list.o(i.ListCount) for ListCount
    mem.o(i.memBlock_tWait) refers to list.o(i.ListRemoveFirst) for ListRemoveFirst
    mem.o(i.memBlock_tWait) refers to main.o(i.TaskExitCritical) for TaskExitCritical
    mem.o(i.memBlock_tWait) refers to event.o(i.EventWait) for EventWait
    mem.o(i.memBlock_tWait) refers to main.o(i.TaskSched) for TaskSched
    mem.o(i.memBlock_tWait) refers to main.o(.data) for curTask
    startup_armcm3.o(STACK) refers (Special) to heapauxi.o(.text) for __use_two_region_memory
    startup_armcm3.o(HEAP) refers (Special) to heapauxi.o(.text) for __use_two_region_memory
    startup_armcm3.o(RESET) refers (Special) to heapauxi.o(.text) for __use_two_region_memory
    startup_armcm3.o(RESET) refers to startup_armcm3.o(STACK) for __initial_sp
    startup_armcm3.o(RESET) refers to startup_armcm3.o(.text) for Reset_Handler
    startup_armcm3.o(RESET) refers to switch.o(.emb_text) for PendSV_Handler
    startup_armcm3.o(RESET) refers to cpu.o(i.SysTick_Handler) for SysTick_Handler
    startup_armcm3.o(.text) refers (Special) to heapauxi.o(.text) for __use_two_region_memory
    startup_armcm3.o(.text) refers to system_armcm3.o(i.SystemInit) for SystemInit
    startup_armcm3.o(.text) refers to __main.o(!!!main) for __main
    startup_armcm3.o(.text) refers to startup_armcm3.o(HEAP) for Heap_Mem
    startup_armcm3.o(.text) refers to startup_armcm3.o(STACK) for Stack_Mem
    system_armcm3.o(i.SystemCoreClockUpdate) refers to system_armcm3.o(.data) for SystemCoreClock
    system_armcm3.o(i.SystemInit) refers to system_armcm3.o(.data) for SystemCoreClock
    __main.o(!!!main) refers to __rtentry.o(.ARM.Collect$$rtentry$$00000000) for __rt_entry
    __rtentry.o(.ARM.Collect$$rtentry$$00000000) refers (Special) to __rtentry2.o(.ARM.Collect$$rtentry$$0000000A) for __rt_entry_li
    __rtentry.o(.ARM.Collect$$rtentry$$00000000) refers (Special) to __rtentry2.o(.ARM.Collect$$rtentry$$0000000D) for __rt_entry_main
    __rtentry.o(.ARM.Collect$$rtentry$$00000000) refers (Special) to __rtentry2.o(.ARM.Collect$$rtentry$$0000000C) for __rt_entry_postli_1
    __rtentry.o(.ARM.Collect$$rtentry$$00000000) refers (Special) to __rtentry2.o(.ARM.Collect$$rtentry$$00000009) for __rt_entry_postsh_1
    __rtentry.o(.ARM.Collect$$rtentry$$00000000) refers (Special) to __rtentry2.o(.ARM.Collect$$rtentry$$00000002) for __rt_entry_presh_1
    __rtentry.o(.ARM.Collect$$rtentry$$00000000) refers (Special) to __rtentry4.o(.ARM.Collect$$rtentry$$00000004) for __rt_entry_sh
    __rtentry2.o(.ARM.Collect$$rtentry$$00000008) refers to boardinit2.o(.text) for _platform_post_stackheap_init
    __rtentry2.o(.ARM.Collect$$rtentry$$0000000A) refers to libinit.o(.ARM.Collect$$libinit$$00000000) for __rt_lib_init
    __rtentry2.o(.ARM.Collect$$rtentry$$0000000B) refers to boardinit3.o(.text) for _platform_post_lib_init
    __rtentry2.o(.ARM.Collect$$rtentry$$0000000D) refers to main.o(i.main) for main
    __rtentry2.o(.ARM.Collect$$rtentry$$0000000D) refers to exit.o(.text) for exit
    __rtentry2.o(.ARM.exidx) refers to __rtentry2.o(.ARM.Collect$$rtentry$$00000001) for .ARM.Collect$$rtentry$$00000001
    __rtentry2.o(.ARM.exidx) refers to __rtentry2.o(.ARM.Collect$$rtentry$$00000008) for .ARM.Collect$$rtentry$$00000008
    __rtentry2.o(.ARM.exidx) refers to __rtentry2.o(.ARM.Collect$$rtentry$$0000000A) for .ARM.Collect$$rtentry$$0000000A
    __rtentry2.o(.ARM.exidx) refers to __rtentry2.o(.ARM.Collect$$rtentry$$0000000B) for .ARM.Collect$$rtentry$$0000000B
    __rtentry2.o(.ARM.exidx) refers to __rtentry2.o(.ARM.Collect$$rtentry$$0000000D) for .ARM.Collect$$rtentry$$0000000D
    __rtentry4.o(.ARM.Collect$$rtentry$$00000004) refers to sys_stackheap_outer.o(.text) for __user_setup_stackheap
    __rtentry4.o(.ARM.exidx) refers to __rtentry4.o(.ARM.Collect$$rtentry$$00000004) for .ARM.Collect$$rtentry$$00000004
    sys_stackheap_outer.o(.text) refers to libspace.o(.text) for __user_perproc_libspace
    sys_stackheap_outer.o(.text) refers to startup_armcm3.o(.text) for __user_initial_stackheap
    exit.o(.text) refers to rtexit.o(.ARM.Collect$$rtexit$$00000000) for __rt_exit
    libinit.o(.ARM.Collect$$libinit$$00000000) refers (Special) to libinit2.o(.ARM.Collect$$libinit$$0000002E) for __rt_lib_init_alloca_1
    libinit.o(.ARM.Collect$$libinit$$00000000) refers (Special) to libinit2.o(.ARM.Collect$$libinit$$0000002C) for __rt_lib_init_argv_1
    libinit.o(.ARM.Collect$$libinit$$00000000) refers (Special) to libinit2.o(.ARM.Collect$$libinit$$0000001B) for __rt_lib_init_atexit_1
    libinit.o(.ARM.Collect$$libinit$$00000000) refers (Special) to libinit2.o(.ARM.Collect$$libinit$$00000021) for __rt_lib_init_clock_1
    libinit.o(.ARM.Collect$$libinit$$00000000) refers (Special) to libinit2.o(.ARM.Collect$$libinit$$00000032) for __rt_lib_init_cpp_1
    libinit.o(.ARM.Collect$$libinit$$00000000) refers (Special) to libinit2.o(.ARM.Collect$$libinit$$00000030) for __rt_lib_init_exceptions_1
    libinit.o(.ARM.Collect$$libinit$$00000000) refers (Special) to libinit2.o(.ARM.Collect$$libinit$$00000002) for __rt_lib_init_fp_1
    libinit.o(.ARM.Collect$$libinit$$00000000) refers (Special) to libinit2.o(.ARM.Collect$$libinit$$0000001F) for __rt_lib_init_fp_trap_1
    libinit.o(.ARM.Collect$$libinit$$00000000) refers (Special) to libinit2.o(.ARM.Collect$$libinit$$00000023) for __rt_lib_init_getenv_1
    libinit.o(.ARM.Collect$$libinit$$00000000) refers (Special) to libinit2.o(.ARM.Collect$$libinit$$0000000A) for __rt_lib_init_heap_1
    libinit.o(.ARM.Collect$$libinit$$00000000) refers (Special) to libinit2.o(.ARM.Collect$$libinit$$00000011) for __rt_lib_init_lc_collate_1
    libinit.o(.ARM.Collect$$libinit$$00000000) refers (Special) to libinit2.o(.ARM.Collect$$libinit$$00000013) for __rt_lib_init_lc_ctype_1
    libinit.o(.ARM.Collect$$libinit$$00000000) refers (Special) to libinit2.o(.ARM.Collect$$libinit$$00000015) for __rt_lib_init_lc_monetary_1
    libinit.o(.ARM.Collect$$libinit$$00000000) refers (Special) to libinit2.o(.ARM.Collect$$libinit$$00000017) for __rt_lib_init_lc_numeric_1
    libinit.o(.ARM.Collect$$libinit$$00000000) refers (Special) to libinit2.o(.ARM.Collect$$libinit$$00000019) for __rt_lib_init_lc_time_1
    libinit.o(.ARM.Collect$$libinit$$00000000) refers (Special) to libinit2.o(.ARM.Collect$$libinit$$00000004) for __rt_lib_init_preinit_1
    libinit.o(.ARM.Collect$$libinit$$00000000) refers (Special) to libinit2.o(.ARM.Collect$$libinit$$0000000E) for __rt_lib_init_rand_1
    libinit.o(.ARM.Collect$$libinit$$00000000) refers (Special) to libinit2.o(.ARM.Collect$$libinit$$00000033) for __rt_lib_init_return
    libinit.o(.ARM.Collect$$libinit$$00000000) refers (Special) to libinit2.o(.ARM.Collect$$libinit$$0000001D) for __rt_lib_init_signal_1
    libinit.o(.ARM.Collect$$libinit$$00000000) refers (Special) to libinit2.o(.ARM.Collect$$libinit$$00000025) for __rt_lib_init_stdio_1
    libinit.o(.ARM.Collect$$libinit$$00000000) refers (Special) to libinit2.o(.ARM.Collect$$libinit$$0000000C) for __rt_lib_init_user_alloc_1
    libspace.o(.text) refers to libspace.o(.bss) for __libspace_start
    rtexit.o(.ARM.Collect$$rtexit$$00000000) refers (Special) to rtexit2.o(.ARM.Collect$$rtexit$$00000004) for __rt_exit_exit
    rtexit.o(.ARM.Collect$$rtexit$$00000000) refers (Special) to rtexit2.o(.ARM.Collect$$rtexit$$00000003) for __rt_exit_ls
    rtexit.o(.ARM.Collect$$rtexit$$00000000) refers (Special) to rtexit2.o(.ARM.Collect$$rtexit$$00000002) for __rt_exit_prels_1
    rtexit.o(.ARM.exidx) refers (Special) to rtexit2.o(.ARM.Collect$$rtexit$$00000004) for __rt_exit_exit
    rtexit.o(.ARM.exidx) refers (Special) to rtexit2.o(.ARM.Collect$$rtexit$$00000003) for __rt_exit_ls
    rtexit.o(.ARM.exidx) refers (Special) to rtexit2.o(.ARM.Collect$$rtexit$$00000002) for __rt_exit_prels_1
    rtexit.o(.ARM.exidx) refers to rtexit.o(.ARM.Collect$$rtexit$$00000000) for .ARM.Collect$$rtexit$$00000000
    libinit2.o(.ARM.Collect$$libinit$$00000010) refers to libinit2.o(.ARM.Collect$$libinit$$0000000F) for .ARM.Collect$$libinit$$0000000F
    libinit2.o(.ARM.Collect$$libinit$$00000012) refers to libinit2.o(.ARM.Collect$$libinit$$0000000F) for .ARM.Collect$$libinit$$0000000F
    libinit2.o(.ARM.Collect$$libinit$$00000014) refers to libinit2.o(.ARM.Collect$$libinit$$0000000F) for .ARM.Collect$$libinit$$0000000F
    libinit2.o(.ARM.Collect$$libinit$$00000016) refers to libinit2.o(.ARM.Collect$$libinit$$0000000F) for .ARM.Collect$$libinit$$0000000F
    libinit2.o(.ARM.Collect$$libinit$$00000018) refers to libinit2.o(.ARM.Collect$$libinit$$0000000F) for .ARM.Collect$$libinit$$0000000F
    libinit2.o(.ARM.Collect$$libinit$$00000026) refers to argv_veneer.o(.emb_text) for __ARM_argv_veneer
    libinit2.o(.ARM.Collect$$libinit$$00000027) refers to argv_veneer.o(.emb_text) for __ARM_argv_veneer
    rtexit2.o(.ARM.Collect$$rtexit$$00000003) refers to libshutdown.o(.ARM.Collect$$libshutdown$$00000000) for __rt_lib_shutdown
    rtexit2.o(.ARM.Collect$$rtexit$$00000004) refers to sys_exit.o(.text) for _sys_exit
    rtexit2.o(.ARM.exidx) refers to rtexit2.o(.ARM.Collect$$rtexit$$00000001) for .ARM.Collect$$rtexit$$00000001
    rtexit2.o(.ARM.exidx) refers to rtexit2.o(.ARM.Collect$$rtexit$$00000003) for .ARM.Collect$$rtexit$$00000003
    rtexit2.o(.ARM.exidx) refers to rtexit2.o(.ARM.Collect$$rtexit$$00000004) for .ARM.Collect$$rtexit$$00000004
    argv_veneer.o(.emb_text) refers to no_argv.o(.text) for __ARM_get_argv
    sys_exit.o(.text) refers (Special) to use_no_semi.o(.text) for __I$use$semihosting
    sys_exit.o(.text) refers (Special) to indicate_semi.o(.text) for __semihosting_library_function
    _get_argv_nomalloc.o(.text) refers (Special) to hrguard.o(.text) for __heap_region$guard
    _get_argv_nomalloc.o(.text) refers to defsig_rtmem_outer.o(.text) for __rt_SIGRTMEM
    _get_argv_nomalloc.o(.text) refers to sys_command.o(.text) for _sys_command_string
    libshutdown.o(.ARM.Collect$$libshutdown$$00000000) refers (Special) to libshutdown2.o(.ARM.Collect$$libshutdown$$00000002) for __rt_lib_shutdown_cpp_1
    libshutdown.o(.ARM.Collect$$libshutdown$$00000000) refers (Special) to libshutdown2.o(.ARM.Collect$$libshutdown$$00000007) for __rt_lib_shutdown_fp_trap_1
    libshutdown.o(.ARM.Collect$$libshutdown$$00000000) refers (Special) to libshutdown2.o(.ARM.Collect$$libshutdown$$0000000F) for __rt_lib_shutdown_heap_1
    libshutdown.o(.ARM.Collect$$libshutdown$$00000000) refers (Special) to libshutdown2.o(.ARM.Collect$$libshutdown$$00000010) for __rt_lib_shutdown_return
    libshutdown.o(.ARM.Collect$$libshutdown$$00000000) refers (Special) to libshutdown2.o(.ARM.Collect$$libshutdown$$0000000A) for __rt_lib_shutdown_signal_1
    libshutdown.o(.ARM.Collect$$libshutdown$$00000000) refers (Special) to libshutdown2.o(.ARM.Collect$$libshutdown$$00000004) for __rt_lib_shutdown_stdio_1
    libshutdown.o(.ARM.Collect$$libshutdown$$00000000) refers (Special) to libshutdown2.o(.ARM.Collect$$libshutdown$$0000000C) for __rt_lib_shutdown_user_alloc_1
    sys_command.o(.text) refers (Special) to use_no_semi.o(.text) for __I$use$semihosting
    sys_command.o(.text) refers (Special) to indicate_semi.o(.text) for __semihosting_library_function
    defsig_rtmem_outer.o(.text) refers to defsig_rtmem_inner.o(.text) for __rt_SIGRTMEM_inner
    defsig_rtmem_outer.o(.text) refers to defsig_exit.o(.text) for __sig_exit
    defsig_rtmem_formal.o(.text) refers to rt_raise.o(.text) for __rt_raise
    rt_raise.o(.text) refers to __raise.o(.text) for __raise
    rt_raise.o(.text) refers to sys_exit.o(.text) for _sys_exit
    defsig_exit.o(.text) refers to sys_exit.o(.text) for _sys_exit
    defsig_rtmem_inner.o(.text) refers to defsig_general.o(.text) for __default_signal_display
    __raise.o(.text) refers to defsig.o(CL$$defsig) for __default_signal_handler
    defsig_general.o(.text) refers to sys_wrch.o(.text) for _ttywrch
    sys_wrch.o(.text) refers (Special) to use_no_semi.o(.text) for __I$use$semihosting
    sys_wrch.o(.text) refers (Special) to indicate_semi.o(.text) for __semihosting_library_function
    defsig.o(CL$$defsig) refers to defsig_rtmem_inner.o(.text) for __rt_SIGRTMEM_inner
    defsig_abrt_inner.o(.text) refers to defsig_general.o(.text) for __default_signal_display
    defsig_fpe_inner.o(.text) refers to defsig_general.o(.text) for __default_signal_display
    defsig_rtred_inner.o(.text) refers to defsig_general.o(.text) for __default_signal_display
    defsig_stak_inner.o(.text) refers to defsig_general.o(.text) for __default_signal_display
    defsig_pvfn_inner.o(.text) refers to defsig_general.o(.text) for __default_signal_display
    defsig_cppl_inner.o(.text) refers to defsig_general.o(.text) for __default_signal_display
    defsig_segv_inner.o(.text) refers to defsig_general.o(.text) for __default_signal_display
    defsig_other.o(.text) refers to defsig_general.o(.text) for __default_signal_display


==============================================================================

Removing Unused input sections from the image.

    Removing main.o(.rev16_text), (4 bytes).
    Removing main.o(.revsh_text), (4 bytes).
    Removing main.o(.rrx_text), (6 bytes).
    Removing main.o(i.TaskDelayedInit), (16 bytes).
    Removing main.o(i.TaskSchedDisable), (40 bytes).
    Removing main.o(i.TaskSchedEnable), (44 bytes).
    Removing main.o(i.TaskSchedRemove), (60 bytes).
    Removing main.o(i.TimeTaskRemove), (20 bytes).
    Removing switch.o(.rev16_text), (4 bytes).
    Removing switch.o(.revsh_text), (4 bytes).
    Removing switch.o(.rrx_text), (6 bytes).
    Removing list.o(i.ListInsertAfter), (20 bytes).
    Removing list.o(i.ListLast), (14 bytes).
    Removing list.o(i.ListPost), (16 bytes).
    Removing list.o(i.ListPre), (16 bytes).
    Removing list.o(i.ListRemoveAll), (34 bytes).
    Removing task.o(i.TaskDeleteSelf), (56 bytes).
    Removing task.o(i.TaskForceDelete), (76 bytes).
    Removing task.o(i.TaskGetInfo), (40 bytes).
    Removing task.o(i.TaskIsRequestDeleted), (32 bytes).
    Removing task.o(i.TaskRequestDelete), (24 bytes).
    Removing task.o(i.TaskSetCleanCallFunc), (6 bytes).
    Removing task.o(i.TaskSuspend), (68 bytes).
    Removing task.o(i.TaskWakeUp), (52 bytes).
    Removing cpu.o(.rev16_text), (4 bytes).
    Removing cpu.o(.revsh_text), (4 bytes).
    Removing cpu.o(.rrx_text), (6 bytes).
    Removing event.o(i.EventInit), (16 bytes).
    Removing event.o(i.EventRemoveAll), (86 bytes).
    Removing event.o(i.EventWait), (74 bytes).
    Removing event.o(i.EventWaitCount), (30 bytes).
    Removing event.o(i.EventWakeUp), (78 bytes).
    Removing sem.o(i.SemDestroy), (46 bytes).
    Removing sem.o(i.SemGetInfo), (36 bytes).
    Removing sem.o(i.SemInit), (32 bytes).
    Removing sem.o(i.SemNoWaitGet), (40 bytes).
    Removing sem.o(i.SemNotify), (84 bytes).
    Removing sem.o(i.SemWait), (72 bytes).
    Removing mbox.o(i.MBoxDestroy), (42 bytes).
    Removing mbox.o(i.MBoxEmpty), (30 bytes).
    Removing mbox.o(i.MBoxGetInfo), (36 bytes).
    Removing mbox.o(i.MBoxInit), (30 bytes).
    Removing mbox.o(i.MBoxNoWaitGet), (72 bytes).
    Removing mbox.o(i.MBoxNotify), (152 bytes).
    Removing mbox.o(i.MBoxWait), (108 bytes).
    Removing mem.o(i.MemBlockInit), (78 bytes).
    Removing mem.o(i.memBlock_tDestroy), (38 bytes).
    Removing mem.o(i.memBlock_tGetInfo), (46 bytes).
    Removing mem.o(i.memBlock_tNoWaitGet), (52 bytes).
    Removing mem.o(i.memBlock_tNotify), (76 bytes).
    Removing mem.o(i.memBlock_tWait), (92 bytes).
    Removing system_armcm3.o(.rev16_text), (4 bytes).
    Removing system_armcm3.o(.revsh_text), (4 bytes).
    Removing system_armcm3.o(.rrx_text), (6 bytes).
    Removing system_armcm3.o(i.SystemCoreClockUpdate), (16 bytes).

55 unused section(s) (total 2152 bytes) removed from the image.

==============================================================================

Image Symbol Table

    Local Symbols

    Symbol Name                              Value     Ov Type        Size  Object(Section)

    RESET                                    0x00000000   Section      192  startup_armcm3.o(RESET)
    ../clib/angel/boardlib.s                 0x00000000   Number         0  boardshut.o ABSOLUTE
    ../clib/angel/boardlib.s                 0x00000000   Number         0  boardinit1.o ABSOLUTE
    ../clib/angel/boardlib.s                 0x00000000   Number         0  boardinit2.o ABSOLUTE
    ../clib/angel/boardlib.s                 0x00000000   Number         0  boardinit3.o ABSOLUTE
    ../clib/angel/handlers.s                 0x00000000   Number         0  __scatter_copy.o ABSOLUTE
    ../clib/angel/handlers.s                 0x00000000   Number         0  __scatter_zi.o ABSOLUTE
    ../clib/angel/kernel.s                   0x00000000   Number         0  rtexit.o ABSOLUTE
    ../clib/angel/kernel.s                   0x00000000   Number         0  __rtentry4.o ABSOLUTE
    ../clib/angel/kernel.s                   0x00000000   Number         0  rtexit2.o ABSOLUTE
    ../clib/angel/kernel.s                   0x00000000   Number         0  __rtentry2.o ABSOLUTE
    ../clib/angel/kernel.s                   0x00000000   Number         0  __rtentry.o ABSOLUTE
    ../clib/angel/rt.s                       0x00000000   Number         0  rt_raise.o ABSOLUTE
    ../clib/angel/scatter.s                  0x00000000   Number         0  __scatter.o ABSOLUTE
    ../clib/angel/startup.s                  0x00000000   Number         0  __main.o ABSOLUTE
    ../clib/angel/sys.s                      0x00000000   Number         0  libspace.o ABSOLUTE
    ../clib/angel/sys.s                      0x00000000   Number         0  indicate_semi.o ABSOLUTE
    ../clib/angel/sys.s                      0x00000000   Number         0  use_no_semi.o ABSOLUTE
    ../clib/angel/sys.s                      0x00000000   Number         0  sys_stackheap_outer.o ABSOLUTE
    ../clib/angel/sysapp.c                   0x00000000   Number         0  sys_command.o ABSOLUTE
    ../clib/angel/sysapp.c                   0x00000000   Number         0  sys_exit.o ABSOLUTE
    ../clib/angel/sysapp.c                   0x00000000   Number         0  sys_wrch.o ABSOLUTE
    ../clib/armsys.c                         0x00000000   Number         0  no_argv.o ABSOLUTE
    ../clib/armsys.c                         0x00000000   Number         0  _get_argv_nomalloc.o ABSOLUTE
    ../clib/armsys.c                         0x00000000   Number         0  argv_veneer.o ABSOLUTE
    ../clib/armsys.c                         0x00000000   Number         0  argv_veneer.o ABSOLUTE
    ../clib/heapalloc.c                      0x00000000   Number         0  hrguard.o ABSOLUTE
    ../clib/heapaux.c                        0x00000000   Number         0  heapauxi.o ABSOLUTE
    ../clib/libinit.s                        0x00000000   Number         0  libinit.o ABSOLUTE
    ../clib/libinit.s                        0x00000000   Number         0  libshutdown.o ABSOLUTE
    ../clib/libinit.s                        0x00000000   Number         0  libinit2.o ABSOLUTE
    ../clib/libinit.s                        0x00000000   Number         0  libshutdown2.o ABSOLUTE
    ../clib/signal.c                         0x00000000   Number         0  defsig_rtmem_outer.o ABSOLUTE
    ../clib/signal.c                         0x00000000   Number         0  defsig_rtmem_formal.o ABSOLUTE
    ../clib/signal.c                         0x00000000   Number         0  defsig_other.o ABSOLUTE
    ../clib/signal.c                         0x00000000   Number         0  defsig_segv_inner.o ABSOLUTE
    ../clib/signal.c                         0x00000000   Number         0  defsig_cppl_inner.o ABSOLUTE
    ../clib/signal.c                         0x00000000   Number         0  defsig_pvfn_inner.o ABSOLUTE
    ../clib/signal.c                         0x00000000   Number         0  defsig_stak_inner.o ABSOLUTE
    ../clib/signal.c                         0x00000000   Number         0  defsig_fpe_inner.o ABSOLUTE
    ../clib/signal.c                         0x00000000   Number         0  defsig_abrt_inner.o ABSOLUTE
    ../clib/signal.c                         0x00000000   Number         0  defsig_general.o ABSOLUTE
    ../clib/signal.c                         0x00000000   Number         0  __raise.o ABSOLUTE
    ../clib/signal.c                         0x00000000   Number         0  defsig_rtmem_inner.o ABSOLUTE
    ../clib/signal.c                         0x00000000   Number         0  defsig_exit.o ABSOLUTE
    ../clib/signal.c                         0x00000000   Number         0  defsig_rtred_inner.o ABSOLUTE
    ../clib/signal.s                         0x00000000   Number         0  defsig.o ABSOLUTE
    ../clib/stdlib.c                         0x00000000   Number         0  exit.o ABSOLUTE
    ../fplib/fpinit.s                        0x00000000   Number         0  fpinit.o ABSOLUTE
    Bitmap.c                                 0x00000000   Number         0  bitmap.o ABSOLUTE
    RTE\Device\ARMCM3\startup_ARMCM3.s       0x00000000   Number         0  startup_armcm3.o ABSOLUTE
    RTE\Device\ARMCM3\system_ARMCM3.c        0x00000000   Number         0  system_armcm3.o ABSOLUTE
    RTE\\Device\\ARMCM3\\system_ARMCM3.c     0x00000000   Number         0  system_armcm3.o ABSOLUTE
    app.c                                    0x00000000   Number         0  app.o ABSOLUTE
    cpu.c                                    0x00000000   Number         0  cpu.o ABSOLUTE
    cpu.c                                    0x00000000   Number         0  cpu.o ABSOLUTE
    dc.s                                     0x00000000   Number         0  dc.o ABSOLUTE
    event.c                                  0x00000000   Number         0  event.o ABSOLUTE
    list.c                                   0x00000000   Number         0  list.o ABSOLUTE
    mBox.c                                   0x00000000   Number         0  mbox.o ABSOLUTE
    main.c                                   0x00000000   Number         0  main.o ABSOLUTE
    main.c                                   0x00000000   Number         0  main.o ABSOLUTE
    mem.c                                    0x00000000   Number         0  mem.o ABSOLUTE
    sem.c                                    0x00000000   Number         0  sem.o ABSOLUTE
    switch.c                                 0x00000000   Number         0  switch.o ABSOLUTE
    switch.c                                 0x00000000   Number         0  switch.o ABSOLUTE
    task.c                                   0x00000000   Number         0  task.o ABSOLUTE
    time.c                                   0x00000000   Number         0  time.o ABSOLUTE
    !!!main                                  0x000000c0   Section        8  __main.o(!!!main)
    !!!scatter                               0x000000c8   Section       52  __scatter.o(!!!scatter)
    !!handler_copy                           0x000000fc   Section       26  __scatter_copy.o(!!handler_copy)
    !!handler_zi                             0x00000118   Section       28  __scatter_zi.o(!!handler_zi)
    .ARM.Collect$$libinit$$00000000          0x00000134   Section        2  libinit.o(.ARM.Collect$$libinit$$00000000)
    .ARM.Collect$$libinit$$00000002          0x00000136   Section        0  libinit2.o(.ARM.Collect$$libinit$$00000002)
    .ARM.Collect$$libinit$$00000004          0x00000136   Section        0  libinit2.o(.ARM.Collect$$libinit$$00000004)
    .ARM.Collect$$libinit$$0000000A          0x00000136   Section        0  libinit2.o(.ARM.Collect$$libinit$$0000000A)
    .ARM.Collect$$libinit$$0000000C          0x00000136   Section        0  libinit2.o(.ARM.Collect$$libinit$$0000000C)
    .ARM.Collect$$libinit$$0000000E          0x00000136   Section        0  libinit2.o(.ARM.Collect$$libinit$$0000000E)
    .ARM.Collect$$libinit$$00000011          0x00000136   Section        0  libinit2.o(.ARM.Collect$$libinit$$00000011)
    .ARM.Collect$$libinit$$00000013          0x00000136   Section        0  libinit2.o(.ARM.Collect$$libinit$$00000013)
    .ARM.Collect$$libinit$$00000015          0x00000136   Section        0  libinit2.o(.ARM.Collect$$libinit$$00000015)
    .ARM.Collect$$libinit$$00000017          0x00000136   Section        0  libinit2.o(.ARM.Collect$$libinit$$00000017)
    .ARM.Collect$$libinit$$00000019          0x00000136   Section        0  libinit2.o(.ARM.Collect$$libinit$$00000019)
    .ARM.Collect$$libinit$$0000001B          0x00000136   Section        0  libinit2.o(.ARM.Collect$$libinit$$0000001B)
    .ARM.Collect$$libinit$$0000001D          0x00000136   Section        0  libinit2.o(.ARM.Collect$$libinit$$0000001D)
    .ARM.Collect$$libinit$$0000001F          0x00000136   Section        0  libinit2.o(.ARM.Collect$$libinit$$0000001F)
    .ARM.Collect$$libinit$$00000021          0x00000136   Section        0  libinit2.o(.ARM.Collect$$libinit$$00000021)
    .ARM.Collect$$libinit$$00000023          0x00000136   Section        0  libinit2.o(.ARM.Collect$$libinit$$00000023)
    .ARM.Collect$$libinit$$00000025          0x00000136   Section        0  libinit2.o(.ARM.Collect$$libinit$$00000025)
    .ARM.Collect$$libinit$$0000002C          0x00000136   Section        0  libinit2.o(.ARM.Collect$$libinit$$0000002C)
    .ARM.Collect$$libinit$$0000002E          0x00000136   Section        0  libinit2.o(.ARM.Collect$$libinit$$0000002E)
    .ARM.Collect$$libinit$$00000030          0x00000136   Section        0  libinit2.o(.ARM.Collect$$libinit$$00000030)
    .ARM.Collect$$libinit$$00000032          0x00000136   Section        0  libinit2.o(.ARM.Collect$$libinit$$00000032)
    .ARM.Collect$$libinit$$00000033          0x00000136   Section        2  libinit2.o(.ARM.Collect$$libinit$$00000033)
    .ARM.Collect$$libshutdown$$00000000      0x00000138   Section        2  libshutdown.o(.ARM.Collect$$libshutdown$$00000000)
    .ARM.Collect$$libshutdown$$00000002      0x0000013a   Section        0  libshutdown2.o(.ARM.Collect$$libshutdown$$00000002)
    .ARM.Collect$$libshutdown$$00000004      0x0000013a   Section        0  libshutdown2.o(.ARM.Collect$$libshutdown$$00000004)
    .ARM.Collect$$libshutdown$$00000007      0x0000013a   Section        0  libshutdown2.o(.ARM.Collect$$libshutdown$$00000007)
    .ARM.Collect$$libshutdown$$0000000A      0x0000013a   Section        0  libshutdown2.o(.ARM.Collect$$libshutdown$$0000000A)
    .ARM.Collect$$libshutdown$$0000000C      0x0000013a   Section        0  libshutdown2.o(.ARM.Collect$$libshutdown$$0000000C)
    .ARM.Collect$$libshutdown$$0000000F      0x0000013a   Section        0  libshutdown2.o(.ARM.Collect$$libshutdown$$0000000F)
    .ARM.Collect$$libshutdown$$00000010      0x0000013a   Section        2  libshutdown2.o(.ARM.Collect$$libshutdown$$00000010)
    .ARM.Collect$$rtentry$$00000000          0x0000013c   Section        0  __rtentry.o(.ARM.Collect$$rtentry$$00000000)
    .ARM.Collect$$rtentry$$00000002          0x0000013c   Section        0  __rtentry2.o(.ARM.Collect$$rtentry$$00000002)
    .ARM.Collect$$rtentry$$00000004          0x0000013c   Section        6  __rtentry4.o(.ARM.Collect$$rtentry$$00000004)
    .ARM.Collect$$rtentry$$00000009          0x00000142   Section        0  __rtentry2.o(.ARM.Collect$$rtentry$$00000009)
    .ARM.Collect$$rtentry$$0000000A          0x00000142   Section        4  __rtentry2.o(.ARM.Collect$$rtentry$$0000000A)
    .ARM.Collect$$rtentry$$0000000C          0x00000146   Section        0  __rtentry2.o(.ARM.Collect$$rtentry$$0000000C)
    .ARM.Collect$$rtentry$$0000000D          0x00000146   Section        8  __rtentry2.o(.ARM.Collect$$rtentry$$0000000D)
    .ARM.Collect$$rtexit$$00000000           0x0000014e   Section        2  rtexit.o(.ARM.Collect$$rtexit$$00000000)
    .ARM.Collect$$rtexit$$00000002           0x00000150   Section        0  rtexit2.o(.ARM.Collect$$rtexit$$00000002)
    .ARM.Collect$$rtexit$$00000003           0x00000150   Section        4  rtexit2.o(.ARM.Collect$$rtexit$$00000003)
    .ARM.Collect$$rtexit$$00000004           0x00000154   Section        6  rtexit2.o(.ARM.Collect$$rtexit$$00000004)
    .emb_text                                0x0000015c   Section       48  switch.o(.emb_text)
    .text                                    0x0000018c   Section       64  startup_armcm3.o(.text)
    .text                                    0x000001cc   Section        0  heapauxi.o(.text)
    .text                                    0x000001d2   Section       74  sys_stackheap_outer.o(.text)
    .text                                    0x0000021c   Section        0  exit.o(.text)
    .text                                    0x00000230   Section        8  libspace.o(.text)
    .text                                    0x00000238   Section        0  sys_exit.o(.text)
    .text                                    0x00000244   Section        2  use_no_semi.o(.text)
    .text                                    0x00000246   Section        0  indicate_semi.o(.text)
    i.BitmapClear                            0x00000246   Section        0  bitmap.o(i.BitmapClear)
    i.BitmapGetFirstSet                      0x00000254   Section        0  bitmap.o(i.BitmapGetFirstSet)
    i.BitmapInit                             0x000002b0   Section        0  bitmap.o(i.BitmapInit)
    i.BitmapPosCount                         0x000002b6   Section        0  bitmap.o(i.BitmapPosCount)
    i.BitmapSet                              0x000002ba   Section        0  bitmap.o(i.BitmapSet)
    i.EventRemoveTask                        0x000002c6   Section        0  event.o(i.EventRemoveTask)
    i.IdleTask                               0x000002fa   Section        0  main.o(i.IdleTask)
    i.InitApp                                0x00000300   Section        0  app.o(i.InitApp)
    i.ListAddFirst                           0x0000037c   Section        0  list.o(i.ListAddFirst)
    i.ListAddLast                            0x00000390   Section        0  list.o(i.ListAddLast)
    i.ListCount                              0x000003a4   Section        0  list.o(i.ListCount)
    i.ListFirst                              0x000003aa   Section        0  list.o(i.ListFirst)
    i.ListInit                               0x000003b8   Section        0  list.o(i.ListInit)
    i.ListRemove                             0x000003c2   Section        0  list.o(i.ListRemove)
    i.ListRemoveFirst                        0x000003d6   Section        0  list.o(i.ListRemoveFirst)
    i.NodeInit                               0x000003f6   Section        0  list.o(i.NodeInit)
    i.OSdelay                                0x000003fc   Section        0  time.o(i.OSdelay)
    i.SysTickInit                            0x00000428   Section        0  cpu.o(i.SysTickInit)
    i.SysTick_Handler                        0x00000480   Section        0  cpu.o(i.SysTick_Handler)
    i.SystemInit                             0x00000488   Section        0  system_armcm3.o(i.SystemInit)
    i.Task1                                  0x00000498   Section        0  app.o(i.Task1)
    i.Task2                                  0x000004bc   Section        0  app.o(i.Task2)
    i.Task3                                  0x000004dc   Section        0  app.o(i.Task3)
    i.Task4                                  0x000004fc   Section        0  app.o(i.Task4)
    i.TaskEnterCritical                      0x0000051c   Section        0  main.o(i.TaskEnterCritical)
    i.TaskExitCritical                       0x00000528   Section        0  main.o(i.TaskExitCritical)
    i.TaskHighestReady                       0x00000534   Section        0  main.o(i.TaskHighestReady)
    i.TaskInit                               0x0000055c   Section        0  task.o(i.TaskInit)
    i.TaskRun                                0x0000061c   Section        0  switch.o(i.TaskRun)
    i.TaskSched                              0x00000638   Section        0  main.o(i.TaskSched)
    i.TaskSchedInit                          0x0000067c   Section        0  main.o(i.TaskSchedInit)
    i.TaskSchedRdy                           0x000006b0   Section        0  main.o(i.TaskSchedRdy)
    i.TaskSchedUnRdy                         0x000006d8   Section        0  main.o(i.TaskSchedUnRdy)
    i.TaskSwitch                             0x00000714   Section        0  switch.o(i.TaskSwitch)
    i.TaskSystemTickHandler                  0x00000724   Section        0  main.o(i.TaskSystemTickHandler)
    i.TimeTaskWait                           0x000007d4   Section        0  main.o(i.TimeTaskWait)
    i.TimeTaskWakeUp                         0x000007f4   Section        0  main.o(i.TimeTaskWakeUp)
    i.main                                   0x00000810   Section        0  main.o(i.main)
    .constdata                               0x00000860   Section      256  bitmap.o(.constdata)
    quickFindTable                           0x00000860   Data         256  bitmap.o(.constdata)
    .data                                    0x20000000   Section       24  main.o(.data)
    .data                                    0x20000018   Section       16  app.o(.data)
    .data                                    0x20000028   Section        4  system_armcm3.o(.data)
    .bss                                     0x2000002c   Section     4556  main.o(.bss)
    .bss                                     0x200011f8   Section    16952  app.o(.bss)
    .bss                                     0x20005430   Section       96  libspace.o(.bss)
    HEAP                                     0x20005490   Section     3072  startup_armcm3.o(HEAP)
    Heap_Mem                                 0x20005490   Data        3072  startup_armcm3.o(HEAP)
    STACK                                    0x20006090   Section     1024  startup_armcm3.o(STACK)
    Stack_Mem                                0x20006090   Data        1024  startup_armcm3.o(STACK)
    __initial_sp                             0x20006490   Data           0  startup_armcm3.o(STACK)

    Global Symbols

    Symbol Name                              Value     Ov Type        Size  Object(Section)

    BuildAttributes$$THM_ISAv4$P$D$K$B$S$PE$A:L22UL41UL21$X:L11$S22US41US21$IEEE1$IW$USESV6$~STKCKD$USESV7$~SHL$OSPACE$ROPI$EBA8$UX$STANDARDLIB$REQ8$PRES8$EABIv2 0x00000000   Number         0  anon$$obj.o ABSOLUTE
    __ARM_use_no_argv                        0x00000000   Number         0  main.o ABSOLUTE
    __Vectors                                0x00000000   Data           4  startup_armcm3.o(RESET)
    __ARM_exceptions_init                     - Undefined Weak Reference
    __alloca_initialize                       - Undefined Weak Reference
    __arm_preinit_                            - Undefined Weak Reference
    __cpp_initialize__aeabi_                  - Undefined Weak Reference
    __cxa_finalize                            - Undefined Weak Reference
    __rt_locale                               - Undefined Weak Reference
    __sigvec_lookup                           - Undefined Weak Reference
    _atexit_init                              - Undefined Weak Reference
    _call_atexit_fns                          - Undefined Weak Reference
    _clock_init                               - Undefined Weak Reference
    _fp_trap_init                             - Undefined Weak Reference
    _fp_trap_shutdown                         - Undefined Weak Reference
    _get_lc_collate                           - Undefined Weak Reference
    _get_lc_ctype                             - Undefined Weak Reference
    _get_lc_monetary                          - Undefined Weak Reference
    _get_lc_numeric                           - Undefined Weak Reference
    _get_lc_time                              - Undefined Weak Reference
    _getenv_init                              - Undefined Weak Reference
    _handle_redirection                       - Undefined Weak Reference
    _init_alloc                               - Undefined Weak Reference
    _init_user_alloc                          - Undefined Weak Reference
    _initio                                   - Undefined Weak Reference
    _rand_init                                - Undefined Weak Reference
    _signal_finish                            - Undefined Weak Reference
    _signal_init                              - Undefined Weak Reference
    _terminate_alloc                          - Undefined Weak Reference
    _terminate_user_alloc                     - Undefined Weak Reference
    _terminateio                              - Undefined Weak Reference
    __Vectors_End                            0x000000c0   Data           0  startup_armcm3.o(RESET)
    __Vectors_Size                           0x000000c0   Number         0  startup_armcm3.o ABSOLUTE
    __main                                   0x000000c1   Thumb Code     8  __main.o(!!!main)
    __scatterload                            0x000000c9   Thumb Code     0  __scatter.o(!!!scatter)
    __scatterload_rt2                        0x000000c9   Thumb Code    44  __scatter.o(!!!scatter)
    __scatterload_rt2_thumb_only             0x000000c9   Thumb Code     0  __scatter.o(!!!scatter)
    __scatterload_null                       0x000000d7   Thumb Code     0  __scatter.o(!!!scatter)
    __scatterload_copy                       0x000000fd   Thumb Code    26  __scatter_copy.o(!!handler_copy)
    __scatterload_zeroinit                   0x00000119   Thumb Code    28  __scatter_zi.o(!!handler_zi)
    __rt_lib_init                            0x00000135   Thumb Code     0  libinit.o(.ARM.Collect$$libinit$$00000000)
    __rt_lib_init_alloca_1                   0x00000137   Thumb Code     0  libinit2.o(.ARM.Collect$$libinit$$0000002E)
    __rt_lib_init_argv_1                     0x00000137   Thumb Code     0  libinit2.o(.ARM.Collect$$libinit$$0000002C)
    __rt_lib_init_atexit_1                   0x00000137   Thumb Code     0  libinit2.o(.ARM.Collect$$libinit$$0000001B)
    __rt_lib_init_clock_1                    0x00000137   Thumb Code     0  libinit2.o(.ARM.Collect$$libinit$$00000021)
    __rt_lib_init_cpp_1                      0x00000137   Thumb Code     0  libinit2.o(.ARM.Collect$$libinit$$00000032)
    __rt_lib_init_exceptions_1               0x00000137   Thumb Code     0  libinit2.o(.ARM.Collect$$libinit$$00000030)
    __rt_lib_init_fp_1                       0x00000137   Thumb Code     0  libinit2.o(.ARM.Collect$$libinit$$00000002)
    __rt_lib_init_fp_trap_1                  0x00000137   Thumb Code     0  libinit2.o(.ARM.Collect$$libinit$$0000001F)
    __rt_lib_init_getenv_1                   0x00000137   Thumb Code     0  libinit2.o(.ARM.Collect$$libinit$$00000023)
    __rt_lib_init_heap_1                     0x00000137   Thumb Code     0  libinit2.o(.ARM.Collect$$libinit$$0000000A)
    __rt_lib_init_lc_collate_1               0x00000137   Thumb Code     0  libinit2.o(.ARM.Collect$$libinit$$00000011)
    __rt_lib_init_lc_ctype_1                 0x00000137   Thumb Code     0  libinit2.o(.ARM.Collect$$libinit$$00000013)
    __rt_lib_init_lc_monetary_1              0x00000137   Thumb Code     0  libinit2.o(.ARM.Collect$$libinit$$00000015)
    __rt_lib_init_lc_numeric_1               0x00000137   Thumb Code     0  libinit2.o(.ARM.Collect$$libinit$$00000017)
    __rt_lib_init_lc_time_1                  0x00000137   Thumb Code     0  libinit2.o(.ARM.Collect$$libinit$$00000019)
    __rt_lib_init_preinit_1                  0x00000137   Thumb Code     0  libinit2.o(.ARM.Collect$$libinit$$00000004)
    __rt_lib_init_rand_1                     0x00000137   Thumb Code     0  libinit2.o(.ARM.Collect$$libinit$$0000000E)
    __rt_lib_init_return                     0x00000137   Thumb Code     0  libinit2.o(.ARM.Collect$$libinit$$00000033)
    __rt_lib_init_signal_1                   0x00000137   Thumb Code     0  libinit2.o(.ARM.Collect$$libinit$$0000001D)
    __rt_lib_init_stdio_1                    0x00000137   Thumb Code     0  libinit2.o(.ARM.Collect$$libinit$$00000025)
    __rt_lib_init_user_alloc_1               0x00000137   Thumb Code     0  libinit2.o(.ARM.Collect$$libinit$$0000000C)
    __rt_lib_shutdown                        0x00000139   Thumb Code     0  libshutdown.o(.ARM.Collect$$libshutdown$$00000000)
    __rt_lib_shutdown_cpp_1                  0x0000013b   Thumb Code     0  libshutdown2.o(.ARM.Collect$$libshutdown$$00000002)
    __rt_lib_shutdown_fp_trap_1              0x0000013b   Thumb Code     0  libshutdown2.o(.ARM.Collect$$libshutdown$$00000007)
    __rt_lib_shutdown_heap_1                 0x0000013b   Thumb Code     0  libshutdown2.o(.ARM.Collect$$libshutdown$$0000000F)
    __rt_lib_shutdown_return                 0x0000013b   Thumb Code     0  libshutdown2.o(.ARM.Collect$$libshutdown$$00000010)
    __rt_lib_shutdown_signal_1               0x0000013b   Thumb Code     0  libshutdown2.o(.ARM.Collect$$libshutdown$$0000000A)
    __rt_lib_shutdown_stdio_1                0x0000013b   Thumb Code     0  libshutdown2.o(.ARM.Collect$$libshutdown$$00000004)
    __rt_lib_shutdown_user_alloc_1           0x0000013b   Thumb Code     0  libshutdown2.o(.ARM.Collect$$libshutdown$$0000000C)
    __rt_entry                               0x0000013d   Thumb Code     0  __rtentry.o(.ARM.Collect$$rtentry$$00000000)
    __rt_entry_presh_1                       0x0000013d   Thumb Code     0  __rtentry2.o(.ARM.Collect$$rtentry$$00000002)
    __rt_entry_sh                            0x0000013d   Thumb Code     0  __rtentry4.o(.ARM.Collect$$rtentry$$00000004)
    __rt_entry_li                            0x00000143   Thumb Code     0  __rtentry2.o(.ARM.Collect$$rtentry$$0000000A)
    __rt_entry_postsh_1                      0x00000143   Thumb Code     0  __rtentry2.o(.ARM.Collect$$rtentry$$00000009)
    __rt_entry_main                          0x00000147   Thumb Code     0  __rtentry2.o(.ARM.Collect$$rtentry$$0000000D)
    __rt_entry_postli_1                      0x00000147   Thumb Code     0  __rtentry2.o(.ARM.Collect$$rtentry$$0000000C)
    __rt_exit                                0x0000014f   Thumb Code     0  rtexit.o(.ARM.Collect$$rtexit$$00000000)
    __rt_exit_ls                             0x00000151   Thumb Code     0  rtexit2.o(.ARM.Collect$$rtexit$$00000003)
    __rt_exit_prels_1                        0x00000151   Thumb Code     0  rtexit2.o(.ARM.Collect$$rtexit$$00000002)
    __rt_exit_exit                           0x00000155   Thumb Code     0  rtexit2.o(.ARM.Collect$$rtexit$$00000004)
    PendSV_Handler                           0x0000015d   Thumb Code    40  switch.o(.emb_text)
    Reset_Handler                            0x0000018d   Thumb Code     8  startup_armcm3.o(.text)
    NMI_Handler                              0x00000195   Thumb Code     2  startup_armcm3.o(.text)
    HardFault_Handler                        0x00000197   Thumb Code     2  startup_armcm3.o(.text)
    MemManage_Handler                        0x00000199   Thumb Code     2  startup_armcm3.o(.text)
    BusFault_Handler                         0x0000019b   Thumb Code     2  startup_armcm3.o(.text)
    UsageFault_Handler                       0x0000019d   Thumb Code     2  startup_armcm3.o(.text)
    SVC_Handler                              0x0000019f   Thumb Code     2  startup_armcm3.o(.text)
    DebugMon_Handler                         0x000001a1   Thumb Code     2  startup_armcm3.o(.text)
    AACI_IRQHandler                          0x000001a7   Thumb Code     0  startup_armcm3.o(.text)
    CAN_IRQHandler                           0x000001a7   Thumb Code     0  startup_armcm3.o(.text)
    CHLCD_IRQHandler                         0x000001a7   Thumb Code     0  startup_armcm3.o(.text)
    CLCD_IRQHandler                          0x000001a7   Thumb Code     0  startup_armcm3.o(.text)
    CPU_CLCD_IRQHandler                      0x000001a7   Thumb Code     0  startup_armcm3.o(.text)
    ENET_IRQHandler                          0x000001a7   Thumb Code     0  startup_armcm3.o(.text)
    FLEXRAY_IRQHandler                       0x000001a7   Thumb Code     0  startup_armcm3.o(.text)
    I2C_IRQHandler                           0x000001a7   Thumb Code     0  startup_armcm3.o(.text)
    LIN_IRQHandler                           0x000001a7   Thumb Code     0  startup_armcm3.o(.text)
    MCIA_IRQHandler                          0x000001a7   Thumb Code     0  startup_armcm3.o(.text)
    MCIB_IRQHandler                          0x000001a7   Thumb Code     0  startup_armcm3.o(.text)
    RTC_IRQHandler                           0x000001a7   Thumb Code     0  startup_armcm3.o(.text)
    SPI_IRQHandler                           0x000001a7   Thumb Code     0  startup_armcm3.o(.text)
    TIM0_IRQHandler                          0x000001a7   Thumb Code     0  startup_armcm3.o(.text)
    TIM2_IRQHandler                          0x000001a7   Thumb Code     0  startup_armcm3.o(.text)
    UART0_IRQHandler                         0x000001a7   Thumb Code     0  startup_armcm3.o(.text)
    UART1_IRQHandler                         0x000001a7   Thumb Code     0  startup_armcm3.o(.text)
    UART2_IRQHandler                         0x000001a7   Thumb Code     0  startup_armcm3.o(.text)
    UART3_IRQHandler                         0x000001a7   Thumb Code     0  startup_armcm3.o(.text)
    UART4_IRQHandler                         0x000001a7   Thumb Code     0  startup_armcm3.o(.text)
    USBDC_IRQHandler                         0x000001a7   Thumb Code     0  startup_armcm3.o(.text)
    USBHC_IRQHandler                         0x000001a7   Thumb Code     0  startup_armcm3.o(.text)
    WDT_IRQHandler                           0x000001a7   Thumb Code     0  startup_armcm3.o(.text)
    __user_initial_stackheap                 0x000001a9   Thumb Code    10  startup_armcm3.o(.text)
    __use_two_region_memory                  0x000001cd   Thumb Code     2  heapauxi.o(.text)
    __rt_heap_escrow$2region                 0x000001cf   Thumb Code     2  heapauxi.o(.text)
    __rt_heap_expand$2region                 0x000001d1   Thumb Code     2  heapauxi.o(.text)
    __user_setup_stackheap                   0x000001d3   Thumb Code    74  sys_stackheap_outer.o(.text)
    exit                                     0x0000021d   Thumb Code    18  exit.o(.text)
    __user_libspace                          0x00000231   Thumb Code     8  libspace.o(.text)
    __user_perproc_libspace                  0x00000231   Thumb Code     0  libspace.o(.text)
    __user_perthread_libspace                0x00000231   Thumb Code     0  libspace.o(.text)
    _sys_exit                                0x00000239   Thumb Code     8  sys_exit.o(.text)
    __I$use$semihosting                      0x00000245   Thumb Code     0  use_no_semi.o(.text)
    __use_no_semihosting_swi                 0x00000245   Thumb Code     2  use_no_semi.o(.text)
    BitmapClear                              0x00000247   Thumb Code    12  bitmap.o(i.BitmapClear)
    __semihosting_library_function           0x00000247   Thumb Code     0  indicate_semi.o(.text)
    BitmapGetFirstSet                        0x00000255   Thumb Code    86  bitmap.o(i.BitmapGetFirstSet)
    BitmapInit                               0x000002b1   Thumb Code     6  bitmap.o(i.BitmapInit)
    BitmapPosCount                           0x000002b7   Thumb Code     4  bitmap.o(i.BitmapPosCount)
    BitmapSet                                0x000002bb   Thumb Code    12  bitmap.o(i.BitmapSet)
    EventRemoveTask                          0x000002c7   Thumb Code    52  event.o(i.EventRemoveTask)
    IdleTask                                 0x000002fb   Thumb Code     4  main.o(i.IdleTask)
    InitApp                                  0x00000301   Thumb Code    76  app.o(i.InitApp)
    ListAddFirst                             0x0000037d   Thumb Code    20  list.o(i.ListAddFirst)
    ListAddLast                              0x00000391   Thumb Code    20  list.o(i.ListAddLast)
    ListCount                                0x000003a5   Thumb Code     6  list.o(i.ListCount)
    ListFirst                                0x000003ab   Thumb Code    14  list.o(i.ListFirst)
    ListInit                                 0x000003b9   Thumb Code    10  list.o(i.ListInit)
    ListRemove                               0x000003c3   Thumb Code    20  list.o(i.ListRemove)
    ListRemoveFirst                          0x000003d7   Thumb Code    32  list.o(i.ListRemoveFirst)
    NodeInit                                 0x000003f7   Thumb Code     6  list.o(i.NodeInit)
    OSdelay                                  0x000003fd   Thumb Code    40  time.o(i.OSdelay)
    SysTickInit                              0x00000429   Thumb Code    74  cpu.o(i.SysTickInit)
    SysTick_Handler                          0x00000481   Thumb Code     8  cpu.o(i.SysTick_Handler)
    SystemInit                               0x00000489   Thumb Code     8  system_armcm3.o(i.SystemInit)
    Task1                                    0x00000499   Thumb Code    32  app.o(i.Task1)
    Task2                                    0x000004bd   Thumb Code    26  app.o(i.Task2)
    Task3                                    0x000004dd   Thumb Code    26  app.o(i.Task3)
    Task4                                    0x000004fd   Thumb Code    26  app.o(i.Task4)
    TaskEnterCritical                        0x0000051d   Thumb Code    12  main.o(i.TaskEnterCritical)
    TaskExitCritical                         0x00000529   Thumb Code    10  main.o(i.TaskExitCritical)
    TaskHighestReady                         0x00000535   Thumb Code    30  main.o(i.TaskHighestReady)
    TaskInit                                 0x0000055d   Thumb Code   192  task.o(i.TaskInit)
    TaskRun                                  0x0000061d   Thumb Code    24  switch.o(i.TaskRun)
    TaskSched                                0x00000639   Thumb Code    56  main.o(i.TaskSched)
    TaskSchedInit                            0x0000067d   Thumb Code    40  main.o(i.TaskSchedInit)
    TaskSchedRdy                             0x000006b1   Thumb Code    32  main.o(i.TaskSchedRdy)
    TaskSchedUnRdy                           0x000006d9   Thumb Code    50  main.o(i.TaskSchedUnRdy)
    TaskSwitch                               0x00000715   Thumb Code    10  switch.o(i.TaskSwitch)
    TaskSystemTickHandler                    0x00000725   Thumb Code   164  main.o(i.TaskSystemTickHandler)
    TimeTaskWait                             0x000007d5   Thumb Code    28  main.o(i.TimeTaskWait)
    TimeTaskWakeUp                           0x000007f5   Thumb Code    24  main.o(i.TimeTaskWakeUp)
    main                                     0x00000811   Thumb Code    54  main.o(i.main)
    Region$$Table$$Base                      0x00000960   Number         0  anon$$obj.o(Region$$Table)
    Region$$Table$$Limit                     0x00000980   Number         0  anon$$obj.o(Region$$Table)
    tickCounter                              0x20000000   Data           4  main.o(.data)
    curTask                                  0x20000004   Data           4  main.o(.data)
    nxtTask                                  0x20000008   Data           4  main.o(.data)
    taskPrioBitmap                           0x2000000c   Data           4  main.o(.data)
    idleTask                                 0x20000010   Data           4  main.o(.data)
    schedLockCount                           0x20000014   Data           4  main.o(.data)
    task1Flag                                0x20000018   Data           4  app.o(.data)
    task2Flag                                0x2000001c   Data           4  app.o(.data)
    task3Flag                                0x20000020   Data           4  app.o(.data)
    task4Flag                                0x20000024   Data           4  app.o(.data)
    SystemCoreClock                          0x20000028   Data           4  system_armcm3.o(.data)
    listTaskTable                            0x2000002c   Data         384  main.o(.bss)
    tcbIdle                                  0x200001ac   Data          64  main.o(.bss)
    IdleEnv                                  0x200001ec   Data        4096  main.o(.bss)
    listTaskDelay                            0x200011ec   Data          12  main.o(.bss)
    task1                                    0x200011f8   Data          64  app.o(.bss)
    task2                                    0x20001238   Data          64  app.o(.bss)
    task3                                    0x20001278   Data          64  app.o(.bss)
    task4                                    0x200012b8   Data          64  app.o(.bss)
    task1Env                                 0x200012f8   Data        4096  app.o(.bss)
    task2Env                                 0x200022f8   Data        4096  app.o(.bss)
    task3Env                                 0x200032f8   Data        4096  app.o(.bss)
    task4Env                                 0x200042f8   Data        4096  app.o(.bss)
    mbox1                                    0x200052f8   Data          36  app.o(.bss)
    mbox2                                    0x2000531c   Data          36  app.o(.bss)
    mBoxMsgBuffer1                           0x20005340   Data          80  app.o(.bss)
    mBoxMsgBuffer2                           0x20005390   Data          80  app.o(.bss)
    msg                                      0x200053e0   Data          80  app.o(.bss)
    __libspace_start                         0x20005430   Data          96  libspace.o(.bss)
    __temporary_stack_top$libspace           0x20005490   Data           0  libspace.o(.bss)



==============================================================================

Memory Map of the image

  Image Entry point : 0x0000018d

  Load Region LR_1 (Base: 0x00000000, Size: 0x000009ac, Max: 0xffffffff, ABSOLUTE)

    Execution Region ER_RO (Base: 0x00000000, Size: 0x00000980, Max: 0xffffffff, ABSOLUTE)

    Base Addr    Size         Type   Attr      Idx    E Section Name        Object

    0x00000000   0x000000c0   Data   RO          666    RESET               startup_armcm3.o
    0x000000c0   0x00000008   Code   RO          711  * !!!main             c_w.l(__main.o)
    0x000000c8   0x00000034   Code   RO          868    !!!scatter          c_w.l(__scatter.o)
    0x000000fc   0x0000001a   Code   RO          870    !!handler_copy      c_w.l(__scatter_copy.o)
    0x00000116   0x00000002   PAD
    0x00000118   0x0000001c   Code   RO          872    !!handler_zi        c_w.l(__scatter_zi.o)
    0x00000134   0x00000002   Code   RO          738    .ARM.Collect$$libinit$$00000000  c_w.l(libinit.o)
    0x00000136   0x00000000   Code   RO          745    .ARM.Collect$$libinit$$00000002  c_w.l(libinit2.o)
    0x00000136   0x00000000   Code   RO          747    .ARM.Collect$$libinit$$00000004  c_w.l(libinit2.o)
    0x00000136   0x00000000   Code   RO          750    .ARM.Collect$$libinit$$0000000A  c_w.l(libinit2.o)
    0x00000136   0x00000000   Code   RO          752    .ARM.Collect$$libinit$$0000000C  c_w.l(libinit2.o)
    0x00000136   0x00000000   Code   RO          754    .ARM.Collect$$libinit$$0000000E  c_w.l(libinit2.o)
    0x00000136   0x00000000   Code   RO          757    .ARM.Collect$$libinit$$00000011  c_w.l(libinit2.o)
    0x00000136   0x00000000   Code   RO          759    .ARM.Collect$$libinit$$00000013  c_w.l(libinit2.o)
    0x00000136   0x00000000   Code   RO          761    .ARM.Collect$$libinit$$00000015  c_w.l(libinit2.o)
    0x00000136   0x00000000   Code   RO          763    .ARM.Collect$$libinit$$00000017  c_w.l(libinit2.o)
    0x00000136   0x00000000   Code   RO          765    .ARM.Collect$$libinit$$00000019  c_w.l(libinit2.o)
    0x00000136   0x00000000   Code   RO          767    .ARM.Collect$$libinit$$0000001B  c_w.l(libinit2.o)
    0x00000136   0x00000000   Code   RO          769    .ARM.Collect$$libinit$$0000001D  c_w.l(libinit2.o)
    0x00000136   0x00000000   Code   RO          771    .ARM.Collect$$libinit$$0000001F  c_w.l(libinit2.o)
    0x00000136   0x00000000   Code   RO          773    .ARM.Collect$$libinit$$00000021  c_w.l(libinit2.o)
    0x00000136   0x00000000   Code   RO          775    .ARM.Collect$$libinit$$00000023  c_w.l(libinit2.o)
    0x00000136   0x00000000   Code   RO          777    .ARM.Collect$$libinit$$00000025  c_w.l(libinit2.o)
    0x00000136   0x00000000   Code   RO          781    .ARM.Collect$$libinit$$0000002C  c_w.l(libinit2.o)
    0x00000136   0x00000000   Code   RO          783    .ARM.Collect$$libinit$$0000002E  c_w.l(libinit2.o)
    0x00000136   0x00000000   Code   RO          785    .ARM.Collect$$libinit$$00000030  c_w.l(libinit2.o)
    0x00000136   0x00000000   Code   RO          787    .ARM.Collect$$libinit$$00000032  c_w.l(libinit2.o)
    0x00000136   0x00000002   Code   RO          788    .ARM.Collect$$libinit$$00000033  c_w.l(libinit2.o)
    0x00000138   0x00000002   Code   RO          808    .ARM.Collect$$libshutdown$$00000000  c_w.l(libshutdown.o)
    0x0000013a   0x00000000   Code   RO          821    .ARM.Collect$$libshutdown$$00000002  c_w.l(libshutdown2.o)
    0x0000013a   0x00000000   Code   RO          823    .ARM.Collect$$libshutdown$$00000004  c_w.l(libshutdown2.o)
    0x0000013a   0x00000000   Code   RO          826    .ARM.Collect$$libshutdown$$00000007  c_w.l(libshutdown2.o)
    0x0000013a   0x00000000   Code   RO          829    .ARM.Collect$$libshutdown$$0000000A  c_w.l(libshutdown2.o)
    0x0000013a   0x00000000   Code   RO          831    .ARM.Collect$$libshutdown$$0000000C  c_w.l(libshutdown2.o)
    0x0000013a   0x00000000   Code   RO          834    .ARM.Collect$$libshutdown$$0000000F  c_w.l(libshutdown2.o)
    0x0000013a   0x00000002   Code   RO          835    .ARM.Collect$$libshutdown$$00000010  c_w.l(libshutdown2.o)
    0x0000013c   0x00000000   Code   RO          713    .ARM.Collect$$rtentry$$00000000  c_w.l(__rtentry.o)
    0x0000013c   0x00000000   Code   RO          715    .ARM.Collect$$rtentry$$00000002  c_w.l(__rtentry2.o)
    0x0000013c   0x00000006   Code   RO          727    .ARM.Collect$$rtentry$$00000004  c_w.l(__rtentry4.o)
    0x00000142   0x00000000   Code   RO          717    .ARM.Collect$$rtentry$$00000009  c_w.l(__rtentry2.o)
    0x00000142   0x00000004   Code   RO          718    .ARM.Collect$$rtentry$$0000000A  c_w.l(__rtentry2.o)
    0x00000146   0x00000000   Code   RO          720    .ARM.Collect$$rtentry$$0000000C  c_w.l(__rtentry2.o)
    0x00000146   0x00000008   Code   RO          721    .ARM.Collect$$rtentry$$0000000D  c_w.l(__rtentry2.o)
    0x0000014e   0x00000002   Code   RO          742    .ARM.Collect$$rtexit$$00000000  c_w.l(rtexit.o)
    0x00000150   0x00000000   Code   RO          790    .ARM.Collect$$rtexit$$00000002  c_w.l(rtexit2.o)
    0x00000150   0x00000004   Code   RO          791    .ARM.Collect$$rtexit$$00000003  c_w.l(rtexit2.o)
    0x00000154   0x00000006   Code   RO          792    .ARM.Collect$$rtexit$$00000004  c_w.l(rtexit2.o)
    0x0000015a   0x00000002   PAD
    0x0000015c   0x00000030   Code   RO          182    .emb_text           switch.o
    0x0000018c   0x00000040   Code   RO          667  * .text               startup_armcm3.o
    0x000001cc   0x00000006   Code   RO          709    .text               c_w.l(heapauxi.o)
    0x000001d2   0x0000004a   Code   RO          729    .text               c_w.l(sys_stackheap_outer.o)
    0x0000021c   0x00000012   Code   RO          731    .text               c_w.l(exit.o)
    0x0000022e   0x00000002   PAD
    0x00000230   0x00000008   Code   RO          739    .text               c_w.l(libspace.o)
    0x00000238   0x0000000c   Code   RO          800    .text               c_w.l(sys_exit.o)
    0x00000244   0x00000002   Code   RO          811    .text               c_w.l(use_no_semi.o)
    0x00000246   0x00000000   Code   RO          813    .text               c_w.l(indicate_semi.o)
    0x00000246   0x0000000c   Code   RO          220    i.BitmapClear       bitmap.o
    0x00000252   0x00000002   PAD
    0x00000254   0x0000005c   Code   RO          221    i.BitmapGetFirstSet  bitmap.o
    0x000002b0   0x00000006   Code   RO          222    i.BitmapInit        bitmap.o
    0x000002b6   0x00000004   Code   RO          223    i.BitmapPosCount    bitmap.o
    0x000002ba   0x0000000c   Code   RO          224    i.BitmapSet         bitmap.o
    0x000002c6   0x00000034   Code   RO          492    i.EventRemoveTask   event.o
    0x000002fa   0x00000004   Code   RO            4    i.IdleTask          main.o
    0x000002fe   0x00000002   PAD
    0x00000300   0x0000007c   Code   RO          450    i.InitApp           app.o
    0x0000037c   0x00000014   Code   RO          257    i.ListAddFirst      list.o
    0x00000390   0x00000014   Code   RO          258    i.ListAddLast       list.o
    0x000003a4   0x00000006   Code   RO          259    i.ListCount         list.o
    0x000003aa   0x0000000e   Code   RO          260    i.ListFirst         list.o
    0x000003b8   0x0000000a   Code   RO          261    i.ListInit          list.o
    0x000003c2   0x00000014   Code   RO          266    i.ListRemove        list.o
    0x000003d6   0x00000020   Code   RO          268    i.ListRemoveFirst   list.o
    0x000003f6   0x00000006   Code   RO          269    i.NodeInit          list.o
    0x000003fc   0x0000002c   Code   RO          401    i.OSdelay           time.o
    0x00000428   0x00000058   Code   RO          416    i.SysTickInit       cpu.o
    0x00000480   0x00000008   Code   RO          417    i.SysTick_Handler   cpu.o
    0x00000488   0x00000010   Code   RO          675    i.SystemInit        system_armcm3.o
    0x00000498   0x00000024   Code   RO          451    i.Task1             app.o
    0x000004bc   0x00000020   Code   RO          452    i.Task2             app.o
    0x000004dc   0x00000020   Code   RO          453    i.Task3             app.o
    0x000004fc   0x00000020   Code   RO          454    i.Task4             app.o
    0x0000051c   0x0000000c   Code   RO            6    i.TaskEnterCritical  main.o
    0x00000528   0x0000000a   Code   RO            7    i.TaskExitCritical  main.o
    0x00000532   0x00000002   PAD
    0x00000534   0x00000028   Code   RO            8    i.TaskHighestReady  main.o
    0x0000055c   0x000000c0   Code   RO          344    i.TaskInit          task.o
    0x0000061c   0x0000001c   Code   RO          183    i.TaskRun           switch.o
    0x00000638   0x00000044   Code   RO            9    i.TaskSched         main.o
    0x0000067c   0x00000034   Code   RO           12    i.TaskSchedInit     main.o
    0x000006b0   0x00000028   Code   RO           13    i.TaskSchedRdy      main.o
    0x000006d8   0x0000003c   Code   RO           15    i.TaskSchedUnRdy    main.o
    0x00000714   0x00000010   Code   RO          184    i.TaskSwitch        switch.o
    0x00000724   0x000000b0   Code   RO           16    i.TaskSystemTickHandler  main.o
    0x000007d4   0x00000020   Code   RO           18    i.TimeTaskWait      main.o
    0x000007f4   0x0000001c   Code   RO           19    i.TimeTaskWakeUp    main.o
    0x00000810   0x00000050   Code   RO           20    i.main              main.o
    0x00000860   0x00000100   Data   RO          225    .constdata          bitmap.o
    0x00000960   0x00000020   Data   RO          866    Region$$Table       anon$$obj.o


    Execution Region ER_RW (Base: 0x20000000, Size: 0x0000002c, Max: 0xffffffff, ABSOLUTE)

    Base Addr    Size         Type   Attr      Idx    E Section Name        Object

    0x20000000   0x00000018   Data   RW           22    .data               main.o
    0x20000018   0x00000010   Data   RW          456    .data               app.o
    0x20000028   0x00000004   Data   RW          676    .data               system_armcm3.o


    Execution Region ER_ZI (Base: 0x2000002c, Size: 0x00006464, Max: 0xffffffff, ABSOLUTE)

    Base Addr    Size         Type   Attr      Idx    E Section Name        Object

    0x2000002c   0x000011cc   Zero   RW           21    .bss                main.o
    0x200011f8   0x00004238   Zero   RW          455    .bss                app.o
    0x20005430   0x00000060   Zero   RW          740    .bss                c_w.l(libspace.o)
    0x20005490   0x00000c00   Zero   RW          665    HEAP                startup_armcm3.o
    0x20006090   0x00000400   Zero   RW          664    STACK               startup_armcm3.o


==============================================================================

Image component sizes


      Code (inc. data)   RO Data    RW Data    ZI Data      Debug   Object Name

       256         70          0         16      16952       3146   app.o
       126          6        256          0          0       2616   bitmap.o
        96         14          0          0          0      24735   cpu.o
        52          0          0          0          0        874   event.o
       128          0          0          0          0       4014   list.o
       602         98          0         24       4556      19649   main.o
        64         26        192          0       4096        852   startup_armcm3.o
        92         18          0          0          0       3971   switch.o
        16          8          0          4          0        687   system_armcm3.o
       192          0          0          0          0        991   task.o
        44          4          0          0          0        490   time.o

    ----------------------------------------------------------------------
      1674        244        480         44      25604      62025   Object Totals
         0          0         32          0          0          0   (incl. Generated)
         6          0          0          0          0          0   (incl. Padding)

    ----------------------------------------------------------------------

      Code (inc. data)   RO Data    RW Data    ZI Data      Debug   Library Member Name

         8          0          0          0          0         68   __main.o
         0          0          0          0          0          0   __rtentry.o
        12          0          0          0          0          0   __rtentry2.o
         6          0          0          0          0          0   __rtentry4.o
        52          8          0          0          0          0   __scatter.o
        26          0          0          0          0          0   __scatter_copy.o
        28          0          0          0          0          0   __scatter_zi.o
        18          0          0          0          0         80   exit.o
         6          0          0          0          0        152   heapauxi.o
         0          0          0          0          0          0   indicate_semi.o
         2          0          0          0          0          0   libinit.o
         2          0          0          0          0          0   libinit2.o
         2          0          0          0          0          0   libshutdown.o
         2          0          0          0          0          0   libshutdown2.o
         8          4          0          0         96         68   libspace.o
         2          0          0          0          0          0   rtexit.o
        10          0          0          0          0          0   rtexit2.o
        12          4          0          0          0         68   sys_exit.o
        74          0          0          0          0         80   sys_stackheap_outer.o
         2          0          0          0          0         68   use_no_semi.o

    ----------------------------------------------------------------------
       278         16          0          0         96        584   Library Totals
         6          0          0          0          0          0   (incl. Padding)

    ----------------------------------------------------------------------

      Code (inc. data)   RO Data    RW Data    ZI Data      Debug   Library Name

       272         16          0          0         96        584   c_w.l

    ----------------------------------------------------------------------
       278         16          0          0         96        584   Library Totals

    ----------------------------------------------------------------------

==============================================================================


      Code (inc. data)   RO Data    RW Data    ZI Data      Debug   

      1952        260        480         44      25700      60629   Grand Totals
      1952        260        480         44      25700      60629   ELF Image Totals
      1952        260        480         44          0          0   ROM Totals

==============================================================================

    Total RO  Size (Code + RO Data)                 2432 (   2.38kB)
    Total RW  Size (RW Data + ZI Data)             25744 (  25.14kB)
    Total ROM Size (Code + RO Data + RW Data)       2476 (   2.42kB)

==============================================================================

