Component: ARM Compiler 5.06 update 3 (build 300) Tool: armlink [4d35c9]

==============================================================================

Section Cross References

    main.o(i.OSdelay) refers to main.o(i.TaskEnterCritical) for TaskEnterCritical
    main.o(i.OSdelay) refers to bitmap.o(i.BitmapClear) for BitmapClear
    main.o(i.OSdelay) refers to main.o(i.TaskExitCritical) for TaskExitCritical
    main.o(i.OSdelay) refers to main.o(i.TaskSched) for TaskSched
    main.o(i.OSdelay) refers to main.o(.data) for curTask
    main.o(i.SysTickInit) refers to system_armcm3.o(.data) for SystemCoreClock
    main.o(i.SysTick_Handler) refers to main.o(i.TaskEnterCritical) for TaskEnterCritical
    main.o(i.SysTick_Handler) refers to bitmap.o(i.BitmapSet) for BitmapSet
    main.o(i.SysTick_Handler) refers to main.o(i.TaskExitCritical) for TaskExitCritical
    main.o(i.SysTick_Handler) refers to main.o(i.TaskSched) for TaskSched
    main.o(i.SysTick_Handler) refers to main.o(.bss) for taskTable
    main.o(i.SysTick_Handler) refers to main.o(.data) for taskPrioBitmap
    main.o(i.Task1) refers to main.o(i.SysTickInit) for SysTickInit
    main.o(i.Task1) refers to main.o(i.OSdelay) for OSdelay
    main.o(i.Task1) refers to main.o(.data) for taks1Flag
    main.o(i.Task2) refers to main.o(i.OSdelay) for OSdelay
    main.o(i.Task2) refers to main.o(.data) for taks2Flag
    main.o(i.TaskHighestReady) refers to bitmap.o(i.BitmapGetFirstSet) for BitmapGetFirstSet
    main.o(i.TaskHighestReady) refers to main.o(.data) for taskPrioBitmap
    main.o(i.TaskHighestReady) refers to main.o(.bss) for taskTable
    main.o(i.TaskInit) refers to bitmap.o(i.BitmapSet) for BitmapSet
    main.o(i.TaskInit) refers to main.o(.bss) for taskTable
    main.o(i.TaskInit) refers to main.o(.data) for taskPrioBitmap
    main.o(i.TaskSched) refers to main.o(i.TaskEnterCritical) for TaskEnterCritical
    main.o(i.TaskSched) refers to main.o(i.TaskExitCritical) for TaskExitCritical
    main.o(i.TaskSched) refers to main.o(i.TaskHighestReady) for TaskHighestReady
    main.o(i.TaskSched) refers to switch.o(i.TaskSwitch) for TaskSwitch
    main.o(i.TaskSched) refers to main.o(.data) for schedLockCount
    main.o(i.TaskSchedInit) refers to bitmap.o(i.BitmapInit) for BitmapInit
    main.o(i.TaskSchedInit) refers to main.o(.data) for schedLockCount
    main.o(i.main) refers to main.o(i.TaskInit) for TaskInit
    main.o(i.main) refers to main.o(i.TaskHighestReady) for TaskHighestReady
    main.o(i.main) refers to switch.o(i.TaskRun) for TaskRun
    main.o(i.main) refers to main.o(.bss) for task1Env
    main.o(i.main) refers to main.o(i.Task1) for Task1
    main.o(i.main) refers to main.o(i.Task2) for Task2
    main.o(i.main) refers to main.o(i.IdleTask) for IdleTask
    main.o(i.main) refers to main.o(.data) for idleTask
    switch.o(.emb_text) refers to main.o(.data) for curTask
    bitmap.o(i.BitmapGetFirstSet) refers to bitmap.o(i.BitmapPosCount) for BitmapPosCount
    bitmap.o(i.BitmapGetFirstSet) refers to bitmap.o(.constdata) for quickFindTable
    startup_armcm3.o(STACK) refers (Special) to heapauxi.o(.text) for __use_two_region_memory
    startup_armcm3.o(HEAP) refers (Special) to heapauxi.o(.text) for __use_two_region_memory
    startup_armcm3.o(RESET) refers (Special) to heapauxi.o(.text) for __use_two_region_memory
    startup_armcm3.o(RESET) refers to startup_armcm3.o(STACK) for __initial_sp
    startup_armcm3.o(RESET) refers to startup_armcm3.o(.text) for Reset_Handler
    startup_armcm3.o(RESET) refers to switch.o(.emb_text) for PendSV_Handler
    startup_armcm3.o(RESET) refers to main.o(i.SysTick_Handler) for SysTick_Handler
    startup_armcm3.o(.text) refers (Special) to heapauxi.o(.text) for __use_two_region_memory
    startup_armcm3.o(.text) refers to system_armcm3.o(i.SystemInit) for SystemInit
    startup_armcm3.o(.text) refers to __main.o(!!!main) for __main
    startup_armcm3.o(.text) refers to startup_armcm3.o(HEAP) for Heap_Mem
    startup_armcm3.o(.text) refers to startup_armcm3.o(STACK) for Stack_Mem
    system_armcm3.o(i.SystemCoreClockUpdate) refers to system_armcm3.o(.data) for SystemCoreClock
    system_armcm3.o(i.SystemInit) refers to system_armcm3.o(.data) for SystemCoreClock
    __main.o(!!!main) refers to __rtentry.o(.ARM.Collect$$rtentry$$00000000) for __rt_entry
    __rtentry.o(.ARM.Collect$$rtentry$$00000000) refers (Special) to __rtentry2.o(.ARM.Collect$$rtentry$$0000000A) for __rt_entry_li
    __rtentry.o(.ARM.Collect$$rtentry$$00000000) refers (Special) to __rtentry2.o(.ARM.Collect$$rtentry$$0000000D) for __rt_entry_main
    __rtentry.o(.ARM.Collect$$rtentry$$00000000) refers (Special) to __rtentry2.o(.ARM.Collect$$rtentry$$0000000C) for __rt_entry_postli_1
    __rtentry.o(.ARM.Collect$$rtentry$$00000000) refers (Special) to __rtentry2.o(.ARM.Collect$$rtentry$$00000009) for __rt_entry_postsh_1
    __rtentry.o(.ARM.Collect$$rtentry$$00000000) refers (Special) to __rtentry2.o(.ARM.Collect$$rtentry$$00000002) for __rt_entry_presh_1
    __rtentry.o(.ARM.Collect$$rtentry$$00000000) refers (Special) to __rtentry4.o(.ARM.Collect$$rtentry$$00000004) for __rt_entry_sh
    __rtentry2.o(.ARM.Collect$$rtentry$$00000008) refers to boardinit2.o(.text) for _platform_post_stackheap_init
    __rtentry2.o(.ARM.Collect$$rtentry$$0000000A) refers to libinit.o(.ARM.Collect$$libinit$$00000000) for __rt_lib_init
    __rtentry2.o(.ARM.Collect$$rtentry$$0000000B) refers to boardinit3.o(.text) for _platform_post_lib_init
    __rtentry2.o(.ARM.Collect$$rtentry$$0000000D) refers to main.o(i.main) for main
    __rtentry2.o(.ARM.Collect$$rtentry$$0000000D) refers to exit.o(.text) for exit
    __rtentry2.o(.ARM.exidx) refers to __rtentry2.o(.ARM.Collect$$rtentry$$00000001) for .ARM.Collect$$rtentry$$00000001
    __rtentry2.o(.ARM.exidx) refers to __rtentry2.o(.ARM.Collect$$rtentry$$00000008) for .ARM.Collect$$rtentry$$00000008
    __rtentry2.o(.ARM.exidx) refers to __rtentry2.o(.ARM.Collect$$rtentry$$0000000A) for .ARM.Collect$$rtentry$$0000000A
    __rtentry2.o(.ARM.exidx) refers to __rtentry2.o(.ARM.Collect$$rtentry$$0000000B) for .ARM.Collect$$rtentry$$0000000B
    __rtentry2.o(.ARM.exidx) refers to __rtentry2.o(.ARM.Collect$$rtentry$$0000000D) for .ARM.Collect$$rtentry$$0000000D
    __rtentry4.o(.ARM.Collect$$rtentry$$00000004) refers to sys_stackheap_outer.o(.text) for __user_setup_stackheap
    __rtentry4.o(.ARM.exidx) refers to __rtentry4.o(.ARM.Collect$$rtentry$$00000004) for .ARM.Collect$$rtentry$$00000004
    sys_stackheap_outer.o(.text) refers to libspace.o(.text) for __user_perproc_libspace
    sys_stackheap_outer.o(.text) refers to startup_armcm3.o(.text) for __user_initial_stackheap
    exit.o(.text) refers to rtexit.o(.ARM.Collect$$rtexit$$00000000) for __rt_exit
    libinit.o(.ARM.Collect$$libinit$$00000000) refers (Special) to libinit2.o(.ARM.Collect$$libinit$$0000002E) for __rt_lib_init_alloca_1
    libinit.o(.ARM.Collect$$libinit$$00000000) refers (Special) to libinit2.o(.ARM.Collect$$libinit$$0000002C) for __rt_lib_init_argv_1
    libinit.o(.ARM.Collect$$libinit$$00000000) refers (Special) to libinit2.o(.ARM.Collect$$libinit$$0000001B) for __rt_lib_init_atexit_1
    libinit.o(.ARM.Collect$$libinit$$00000000) refers (Special) to libinit2.o(.ARM.Collect$$libinit$$00000021) for __rt_lib_init_clock_1
    libinit.o(.ARM.Collect$$libinit$$00000000) refers (Special) to libinit2.o(.ARM.Collect$$libinit$$00000032) for __rt_lib_init_cpp_1
    libinit.o(.ARM.Collect$$libinit$$00000000) refers (Special) to libinit2.o(.ARM.Collect$$libinit$$00000030) for __rt_lib_init_exceptions_1
    libinit.o(.ARM.Collect$$libinit$$00000000) refers (Special) to libinit2.o(.ARM.Collect$$libinit$$00000002) for __rt_lib_init_fp_1
    libinit.o(.ARM.Collect$$libinit$$00000000) refers (Special) to libinit2.o(.ARM.Collect$$libinit$$0000001F) for __rt_lib_init_fp_trap_1
    libinit.o(.ARM.Collect$$libinit$$00000000) refers (Special) to libinit2.o(.ARM.Collect$$libinit$$00000023) for __rt_lib_init_getenv_1
    libinit.o(.ARM.Collect$$libinit$$00000000) refers (Special) to libinit2.o(.ARM.Collect$$libinit$$0000000A) for __rt_lib_init_heap_1
    libinit.o(.ARM.Collect$$libinit$$00000000) refers (Special) to libinit2.o(.ARM.Collect$$libinit$$00000011) for __rt_lib_init_lc_collate_1
    libinit.o(.ARM.Collect$$libinit$$00000000) refers (Special) to libinit2.o(.ARM.Collect$$libinit$$00000013) for __rt_lib_init_lc_ctype_1
    libinit.o(.ARM.Collect$$libinit$$00000000) refers (Special) to libinit2.o(.ARM.Collect$$libinit$$00000015) for __rt_lib_init_lc_monetary_1
    libinit.o(.ARM.Collect$$libinit$$00000000) refers (Special) to libinit2.o(.ARM.Collect$$libinit$$00000017) for __rt_lib_init_lc_numeric_1
    libinit.o(.ARM.Collect$$libinit$$00000000) refers (Special) to libinit2.o(.ARM.Collect$$libinit$$00000019) for __rt_lib_init_lc_time_1
    libinit.o(.ARM.Collect$$libinit$$00000000) refers (Special) to libinit2.o(.ARM.Collect$$libinit$$00000004) for __rt_lib_init_preinit_1
    libinit.o(.ARM.Collect$$libinit$$00000000) refers (Special) to libinit2.o(.ARM.Collect$$libinit$$0000000E) for __rt_lib_init_rand_1
    libinit.o(.ARM.Collect$$libinit$$00000000) refers (Special) to libinit2.o(.ARM.Collect$$libinit$$00000033) for __rt_lib_init_return
    libinit.o(.ARM.Collect$$libinit$$00000000) refers (Special) to libinit2.o(.ARM.Collect$$libinit$$0000001D) for __rt_lib_init_signal_1
    libinit.o(.ARM.Collect$$libinit$$00000000) refers (Special) to libinit2.o(.ARM.Collect$$libinit$$00000025) for __rt_lib_init_stdio_1
    libinit.o(.ARM.Collect$$libinit$$00000000) refers (Special) to libinit2.o(.ARM.Collect$$libinit$$0000000C) for __rt_lib_init_user_alloc_1
    libspace.o(.text) refers to libspace.o(.bss) for __libspace_start
    rtexit.o(.ARM.Collect$$rtexit$$00000000) refers (Special) to rtexit2.o(.ARM.Collect$$rtexit$$00000004) for __rt_exit_exit
    rtexit.o(.ARM.Collect$$rtexit$$00000000) refers (Special) to rtexit2.o(.ARM.Collect$$rtexit$$00000003) for __rt_exit_ls
    rtexit.o(.ARM.Collect$$rtexit$$00000000) refers (Special) to rtexit2.o(.ARM.Collect$$rtexit$$00000002) for __rt_exit_prels_1
    rtexit.o(.ARM.exidx) refers (Special) to rtexit2.o(.ARM.Collect$$rtexit$$00000004) for __rt_exit_exit
    rtexit.o(.ARM.exidx) refers (Special) to rtexit2.o(.ARM.Collect$$rtexit$$00000003) for __rt_exit_ls
    rtexit.o(.ARM.exidx) refers (Special) to rtexit2.o(.ARM.Collect$$rtexit$$00000002) for __rt_exit_prels_1
    rtexit.o(.ARM.exidx) refers to rtexit.o(.ARM.Collect$$rtexit$$00000000) for .ARM.Collect$$rtexit$$00000000
    libinit2.o(.ARM.Collect$$libinit$$00000010) refers to libinit2.o(.ARM.Collect$$libinit$$0000000F) for .ARM.Collect$$libinit$$0000000F
    libinit2.o(.ARM.Collect$$libinit$$00000012) refers to libinit2.o(.ARM.Collect$$libinit$$0000000F) for .ARM.Collect$$libinit$$0000000F
    libinit2.o(.ARM.Collect$$libinit$$00000014) refers to libinit2.o(.ARM.Collect$$libinit$$0000000F) for .ARM.Collect$$libinit$$0000000F
    libinit2.o(.ARM.Collect$$libinit$$00000016) refers to libinit2.o(.ARM.Collect$$libinit$$0000000F) for .ARM.Collect$$libinit$$0000000F
    libinit2.o(.ARM.Collect$$libinit$$00000018) refers to libinit2.o(.ARM.Collect$$libinit$$0000000F) for .ARM.Collect$$libinit$$0000000F
    libinit2.o(.ARM.Collect$$libinit$$00000026) refers to argv_veneer.o(.emb_text) for __ARM_argv_veneer
    libinit2.o(.ARM.Collect$$libinit$$00000027) refers to argv_veneer.o(.emb_text) for __ARM_argv_veneer
    rtexit2.o(.ARM.Collect$$rtexit$$00000003) refers to libshutdown.o(.ARM.Collect$$libshutdown$$00000000) for __rt_lib_shutdown
    rtexit2.o(.ARM.Collect$$rtexit$$00000004) refers to sys_exit.o(.text) for _sys_exit
    rtexit2.o(.ARM.exidx) refers to rtexit2.o(.ARM.Collect$$rtexit$$00000001) for .ARM.Collect$$rtexit$$00000001
    rtexit2.o(.ARM.exidx) refers to rtexit2.o(.ARM.Collect$$rtexit$$00000003) for .ARM.Collect$$rtexit$$00000003
    rtexit2.o(.ARM.exidx) refers to rtexit2.o(.ARM.Collect$$rtexit$$00000004) for .ARM.Collect$$rtexit$$00000004
    argv_veneer.o(.emb_text) refers to no_argv.o(.text) for __ARM_get_argv
    sys_exit.o(.text) refers (Special) to use_no_semi.o(.text) for __I$use$semihosting
    sys_exit.o(.text) refers (Special) to indicate_semi.o(.text) for __semihosting_library_function
    _get_argv_nomalloc.o(.text) refers (Special) to hrguard.o(.text) for __heap_region$guard
    _get_argv_nomalloc.o(.text) refers to defsig_rtmem_outer.o(.text) for __rt_SIGRTMEM
    _get_argv_nomalloc.o(.text) refers to sys_command.o(.text) for _sys_command_string
    libshutdown.o(.ARM.Collect$$libshutdown$$00000000) refers (Special) to libshutdown2.o(.ARM.Collect$$libshutdown$$00000002) for __rt_lib_shutdown_cpp_1
    libshutdown.o(.ARM.Collect$$libshutdown$$00000000) refers (Special) to libshutdown2.o(.ARM.Collect$$libshutdown$$00000007) for __rt_lib_shutdown_fp_trap_1
    libshutdown.o(.ARM.Collect$$libshutdown$$00000000) refers (Special) to libshutdown2.o(.ARM.Collect$$libshutdown$$0000000F) for __rt_lib_shutdown_heap_1
    libshutdown.o(.ARM.Collect$$libshutdown$$00000000) refers (Special) to libshutdown2.o(.ARM.Collect$$libshutdown$$00000010) for __rt_lib_shutdown_return
    libshutdown.o(.ARM.Collect$$libshutdown$$00000000) refers (Special) to libshutdown2.o(.ARM.Collect$$libshutdown$$0000000A) for __rt_lib_shutdown_signal_1
    libshutdown.o(.ARM.Collect$$libshutdown$$00000000) refers (Special) to libshutdown2.o(.ARM.Collect$$libshutdown$$00000004) for __rt_lib_shutdown_stdio_1
    libshutdown.o(.ARM.Collect$$libshutdown$$00000000) refers (Special) to libshutdown2.o(.ARM.Collect$$libshutdown$$0000000C) for __rt_lib_shutdown_user_alloc_1
    sys_command.o(.text) refers (Special) to use_no_semi.o(.text) for __I$use$semihosting
    sys_command.o(.text) refers (Special) to indicate_semi.o(.text) for __semihosting_library_function
    defsig_rtmem_outer.o(.text) refers to defsig_rtmem_inner.o(.text) for __rt_SIGRTMEM_inner
    defsig_rtmem_outer.o(.text) refers to defsig_exit.o(.text) for __sig_exit
    defsig_rtmem_formal.o(.text) refers to rt_raise.o(.text) for __rt_raise
    rt_raise.o(.text) refers to __raise.o(.text) for __raise
    rt_raise.o(.text) refers to sys_exit.o(.text) for _sys_exit
    defsig_exit.o(.text) refers to sys_exit.o(.text) for _sys_exit
    defsig_rtmem_inner.o(.text) refers to defsig_general.o(.text) for __default_signal_display
    __raise.o(.text) refers to defsig.o(CL$$defsig) for __default_signal_handler
    defsig_general.o(.text) refers to sys_wrch.o(.text) for _ttywrch
    sys_wrch.o(.text) refers (Special) to use_no_semi.o(.text) for __I$use$semihosting
    sys_wrch.o(.text) refers (Special) to indicate_semi.o(.text) for __semihosting_library_function
    defsig.o(CL$$defsig) refers to defsig_rtmem_inner.o(.text) for __rt_SIGRTMEM_inner
    defsig_abrt_inner.o(.text) refers to defsig_general.o(.text) for __default_signal_display
    defsig_fpe_inner.o(.text) refers to defsig_general.o(.text) for __default_signal_display
    defsig_rtred_inner.o(.text) refers to defsig_general.o(.text) for __default_signal_display
    defsig_stak_inner.o(.text) refers to defsig_general.o(.text) for __default_signal_display
    defsig_pvfn_inner.o(.text) refers to defsig_general.o(.text) for __default_signal_display
    defsig_cppl_inner.o(.text) refers to defsig_general.o(.text) for __default_signal_display
    defsig_segv_inner.o(.text) refers to defsig_general.o(.text) for __default_signal_display
    defsig_other.o(.text) refers to defsig_general.o(.text) for __default_signal_display


==============================================================================

Removing Unused input sections from the image.

    Removing main.o(.rev16_text), (4 bytes).
    Removing main.o(.revsh_text), (4 bytes).
    Removing main.o(.rrx_text), (6 bytes).
    Removing main.o(i.TaskSchedInit), (24 bytes).
    Removing switch.o(.rev16_text), (4 bytes).
    Removing switch.o(.revsh_text), (4 bytes).
    Removing switch.o(.rrx_text), (6 bytes).
    Removing bitmap.o(i.BitmapInit), (6 bytes).
    Removing system_armcm3.o(.rev16_text), (4 bytes).
    Removing system_armcm3.o(.revsh_text), (4 bytes).
    Removing system_armcm3.o(.rrx_text), (6 bytes).
    Removing system_armcm3.o(i.SystemCoreClockUpdate), (16 bytes).

12 unused section(s) (total 88 bytes) removed from the image.

==============================================================================

Image Symbol Table

    Local Symbols

    Symbol Name                              Value     Ov Type        Size  Object(Section)

    RESET                                    0x00000000   Section      192  startup_armcm3.o(RESET)
    ../clib/angel/boardlib.s                 0x00000000   Number         0  boardinit3.o ABSOLUTE
    ../clib/angel/boardlib.s                 0x00000000   Number         0  boardshut.o ABSOLUTE
    ../clib/angel/boardlib.s                 0x00000000   Number         0  boardinit2.o ABSOLUTE
    ../clib/angel/boardlib.s                 0x00000000   Number         0  boardinit1.o ABSOLUTE
    ../clib/angel/handlers.s                 0x00000000   Number         0  __scatter_copy.o ABSOLUTE
    ../clib/angel/handlers.s                 0x00000000   Number         0  __scatter_zi.o ABSOLUTE
    ../clib/angel/kernel.s                   0x00000000   Number         0  rtexit.o ABSOLUTE
    ../clib/angel/kernel.s                   0x00000000   Number         0  __rtentry2.o ABSOLUTE
    ../clib/angel/kernel.s                   0x00000000   Number         0  __rtentry4.o ABSOLUTE
    ../clib/angel/kernel.s                   0x00000000   Number         0  rtexit2.o ABSOLUTE
    ../clib/angel/kernel.s                   0x00000000   Number         0  __rtentry.o ABSOLUTE
    ../clib/angel/rt.s                       0x00000000   Number         0  rt_raise.o ABSOLUTE
    ../clib/angel/scatter.s                  0x00000000   Number         0  __scatter.o ABSOLUTE
    ../clib/angel/startup.s                  0x00000000   Number         0  __main.o ABSOLUTE
    ../clib/angel/sys.s                      0x00000000   Number         0  libspace.o ABSOLUTE
    ../clib/angel/sys.s                      0x00000000   Number         0  use_no_semi.o ABSOLUTE
    ../clib/angel/sys.s                      0x00000000   Number         0  indicate_semi.o ABSOLUTE
    ../clib/angel/sys.s                      0x00000000   Number         0  sys_stackheap_outer.o ABSOLUTE
    ../clib/angel/sysapp.c                   0x00000000   Number         0  sys_exit.o ABSOLUTE
    ../clib/angel/sysapp.c                   0x00000000   Number         0  sys_command.o ABSOLUTE
    ../clib/angel/sysapp.c                   0x00000000   Number         0  sys_wrch.o ABSOLUTE
    ../clib/armsys.c                         0x00000000   Number         0  argv_veneer.o ABSOLUTE
    ../clib/armsys.c                         0x00000000   Number         0  no_argv.o ABSOLUTE
    ../clib/armsys.c                         0x00000000   Number         0  argv_veneer.o ABSOLUTE
    ../clib/armsys.c                         0x00000000   Number         0  _get_argv_nomalloc.o ABSOLUTE
    ../clib/heapalloc.c                      0x00000000   Number         0  hrguard.o ABSOLUTE
    ../clib/heapaux.c                        0x00000000   Number         0  heapauxi.o ABSOLUTE
    ../clib/libinit.s                        0x00000000   Number         0  libinit2.o ABSOLUTE
    ../clib/libinit.s                        0x00000000   Number         0  libinit.o ABSOLUTE
    ../clib/libinit.s                        0x00000000   Number         0  libshutdown2.o ABSOLUTE
    ../clib/libinit.s                        0x00000000   Number         0  libshutdown.o ABSOLUTE
    ../clib/signal.c                         0x00000000   Number         0  defsig_stak_inner.o ABSOLUTE
    ../clib/signal.c                         0x00000000   Number         0  defsig_rtred_inner.o ABSOLUTE
    ../clib/signal.c                         0x00000000   Number         0  defsig_rtmem_inner.o ABSOLUTE
    ../clib/signal.c                         0x00000000   Number         0  defsig_exit.o ABSOLUTE
    ../clib/signal.c                         0x00000000   Number         0  defsig_rtmem_outer.o ABSOLUTE
    ../clib/signal.c                         0x00000000   Number         0  defsig_rtmem_formal.o ABSOLUTE
    ../clib/signal.c                         0x00000000   Number         0  defsig_abrt_inner.o ABSOLUTE
    ../clib/signal.c                         0x00000000   Number         0  defsig_general.o ABSOLUTE
    ../clib/signal.c                         0x00000000   Number         0  __raise.o ABSOLUTE
    ../clib/signal.c                         0x00000000   Number         0  defsig_other.o ABSOLUTE
    ../clib/signal.c                         0x00000000   Number         0  defsig_segv_inner.o ABSOLUTE
    ../clib/signal.c                         0x00000000   Number         0  defsig_cppl_inner.o ABSOLUTE
    ../clib/signal.c                         0x00000000   Number         0  defsig_fpe_inner.o ABSOLUTE
    ../clib/signal.c                         0x00000000   Number         0  defsig_pvfn_inner.o ABSOLUTE
    ../clib/signal.s                         0x00000000   Number         0  defsig.o ABSOLUTE
    ../clib/stdlib.c                         0x00000000   Number         0  exit.o ABSOLUTE
    ../fplib/fpinit.s                        0x00000000   Number         0  fpinit.o ABSOLUTE
    Bitmap.c                                 0x00000000   Number         0  bitmap.o ABSOLUTE
    RTE\Device\ARMCM3\startup_ARMCM3.s       0x00000000   Number         0  startup_armcm3.o ABSOLUTE
    RTE\Device\ARMCM3\system_ARMCM3.c        0x00000000   Number         0  system_armcm3.o ABSOLUTE
    RTE\\Device\\ARMCM3\\system_ARMCM3.c     0x00000000   Number         0  system_armcm3.o ABSOLUTE
    dc.s                                     0x00000000   Number         0  dc.o ABSOLUTE
    main.c                                   0x00000000   Number         0  main.o ABSOLUTE
    main.c                                   0x00000000   Number         0  main.o ABSOLUTE
    switch.c                                 0x00000000   Number         0  switch.o ABSOLUTE
    switch.c                                 0x00000000   Number         0  switch.o ABSOLUTE
    !!!main                                  0x000000c0   Section        8  __main.o(!!!main)
    !!!scatter                               0x000000c8   Section       52  __scatter.o(!!!scatter)
    !!handler_copy                           0x000000fc   Section       26  __scatter_copy.o(!!handler_copy)
    !!handler_zi                             0x00000118   Section       28  __scatter_zi.o(!!handler_zi)
    .ARM.Collect$$libinit$$00000000          0x00000134   Section        2  libinit.o(.ARM.Collect$$libinit$$00000000)
    .ARM.Collect$$libinit$$00000002          0x00000136   Section        0  libinit2.o(.ARM.Collect$$libinit$$00000002)
    .ARM.Collect$$libinit$$00000004          0x00000136   Section        0  libinit2.o(.ARM.Collect$$libinit$$00000004)
    .ARM.Collect$$libinit$$0000000A          0x00000136   Section        0  libinit2.o(.ARM.Collect$$libinit$$0000000A)
    .ARM.Collect$$libinit$$0000000C          0x00000136   Section        0  libinit2.o(.ARM.Collect$$libinit$$0000000C)
    .ARM.Collect$$libinit$$0000000E          0x00000136   Section        0  libinit2.o(.ARM.Collect$$libinit$$0000000E)
    .ARM.Collect$$libinit$$00000011          0x00000136   Section        0  libinit2.o(.ARM.Collect$$libinit$$00000011)
    .ARM.Collect$$libinit$$00000013          0x00000136   Section        0  libinit2.o(.ARM.Collect$$libinit$$00000013)
    .ARM.Collect$$libinit$$00000015          0x00000136   Section        0  libinit2.o(.ARM.Collect$$libinit$$00000015)
    .ARM.Collect$$libinit$$00000017          0x00000136   Section        0  libinit2.o(.ARM.Collect$$libinit$$00000017)
    .ARM.Collect$$libinit$$00000019          0x00000136   Section        0  libinit2.o(.ARM.Collect$$libinit$$00000019)
    .ARM.Collect$$libinit$$0000001B          0x00000136   Section        0  libinit2.o(.ARM.Collect$$libinit$$0000001B)
    .ARM.Collect$$libinit$$0000001D          0x00000136   Section        0  libinit2.o(.ARM.Collect$$libinit$$0000001D)
    .ARM.Collect$$libinit$$0000001F          0x00000136   Section        0  libinit2.o(.ARM.Collect$$libinit$$0000001F)
    .ARM.Collect$$libinit$$00000021          0x00000136   Section        0  libinit2.o(.ARM.Collect$$libinit$$00000021)
    .ARM.Collect$$libinit$$00000023          0x00000136   Section        0  libinit2.o(.ARM.Collect$$libinit$$00000023)
    .ARM.Collect$$libinit$$00000025          0x00000136   Section        0  libinit2.o(.ARM.Collect$$libinit$$00000025)
    .ARM.Collect$$libinit$$0000002C          0x00000136   Section        0  libinit2.o(.ARM.Collect$$libinit$$0000002C)
    .ARM.Collect$$libinit$$0000002E          0x00000136   Section        0  libinit2.o(.ARM.Collect$$libinit$$0000002E)
    .ARM.Collect$$libinit$$00000030          0x00000136   Section        0  libinit2.o(.ARM.Collect$$libinit$$00000030)
    .ARM.Collect$$libinit$$00000032          0x00000136   Section        0  libinit2.o(.ARM.Collect$$libinit$$00000032)
    .ARM.Collect$$libinit$$00000033          0x00000136   Section        2  libinit2.o(.ARM.Collect$$libinit$$00000033)
    .ARM.Collect$$libshutdown$$00000000      0x00000138   Section        2  libshutdown.o(.ARM.Collect$$libshutdown$$00000000)
    .ARM.Collect$$libshutdown$$00000002      0x0000013a   Section        0  libshutdown2.o(.ARM.Collect$$libshutdown$$00000002)
    .ARM.Collect$$libshutdown$$00000004      0x0000013a   Section        0  libshutdown2.o(.ARM.Collect$$libshutdown$$00000004)
    .ARM.Collect$$libshutdown$$00000007      0x0000013a   Section        0  libshutdown2.o(.ARM.Collect$$libshutdown$$00000007)
    .ARM.Collect$$libshutdown$$0000000A      0x0000013a   Section        0  libshutdown2.o(.ARM.Collect$$libshutdown$$0000000A)
    .ARM.Collect$$libshutdown$$0000000C      0x0000013a   Section        0  libshutdown2.o(.ARM.Collect$$libshutdown$$0000000C)
    .ARM.Collect$$libshutdown$$0000000F      0x0000013a   Section        0  libshutdown2.o(.ARM.Collect$$libshutdown$$0000000F)
    .ARM.Collect$$libshutdown$$00000010      0x0000013a   Section        2  libshutdown2.o(.ARM.Collect$$libshutdown$$00000010)
    .ARM.Collect$$rtentry$$00000000          0x0000013c   Section        0  __rtentry.o(.ARM.Collect$$rtentry$$00000000)
    .ARM.Collect$$rtentry$$00000002          0x0000013c   Section        0  __rtentry2.o(.ARM.Collect$$rtentry$$00000002)
    .ARM.Collect$$rtentry$$00000004          0x0000013c   Section        6  __rtentry4.o(.ARM.Collect$$rtentry$$00000004)
    .ARM.Collect$$rtentry$$00000009          0x00000142   Section        0  __rtentry2.o(.ARM.Collect$$rtentry$$00000009)
    .ARM.Collect$$rtentry$$0000000A          0x00000142   Section        4  __rtentry2.o(.ARM.Collect$$rtentry$$0000000A)
    .ARM.Collect$$rtentry$$0000000C          0x00000146   Section        0  __rtentry2.o(.ARM.Collect$$rtentry$$0000000C)
    .ARM.Collect$$rtentry$$0000000D          0x00000146   Section        8  __rtentry2.o(.ARM.Collect$$rtentry$$0000000D)
    .ARM.Collect$$rtexit$$00000000           0x0000014e   Section        2  rtexit.o(.ARM.Collect$$rtexit$$00000000)
    .ARM.Collect$$rtexit$$00000002           0x00000150   Section        0  rtexit2.o(.ARM.Collect$$rtexit$$00000002)
    .ARM.Collect$$rtexit$$00000003           0x00000150   Section        4  rtexit2.o(.ARM.Collect$$rtexit$$00000003)
    .ARM.Collect$$rtexit$$00000004           0x00000154   Section        6  rtexit2.o(.ARM.Collect$$rtexit$$00000004)
    .emb_text                                0x0000015c   Section       48  switch.o(.emb_text)
    .text                                    0x0000018c   Section       64  startup_armcm3.o(.text)
    .text                                    0x000001cc   Section        0  heapauxi.o(.text)
    .text                                    0x000001d2   Section       74  sys_stackheap_outer.o(.text)
    .text                                    0x0000021c   Section        0  exit.o(.text)
    .text                                    0x00000230   Section        8  libspace.o(.text)
    .text                                    0x00000238   Section        0  sys_exit.o(.text)
    .text                                    0x00000244   Section        2  use_no_semi.o(.text)
    .text                                    0x00000246   Section        0  indicate_semi.o(.text)
    i.BitmapClear                            0x00000246   Section        0  bitmap.o(i.BitmapClear)
    i.BitmapGetFirstSet                      0x00000254   Section        0  bitmap.o(i.BitmapGetFirstSet)
    i.BitmapPosCount                         0x000002b0   Section        0  bitmap.o(i.BitmapPosCount)
    i.BitmapSet                              0x000002b4   Section        0  bitmap.o(i.BitmapSet)
    i.IdleTask                               0x000002c0   Section        0  main.o(i.IdleTask)
    i.OSdelay                                0x000002c4   Section        0  main.o(i.OSdelay)
    i.SysTickInit                            0x000002f4   Section        0  main.o(i.SysTickInit)
    i.SysTick_Handler                        0x0000034c   Section        0  main.o(i.SysTick_Handler)
    i.SystemInit                             0x00000398   Section        0  system_armcm3.o(i.SystemInit)
    i.Task1                                  0x000003a8   Section        0  main.o(i.Task1)
    i.Task2                                  0x000003cc   Section        0  main.o(i.Task2)
    i.TaskEnterCritical                      0x000003ec   Section        0  main.o(i.TaskEnterCritical)
    i.TaskExitCritical                       0x000003f8   Section        0  main.o(i.TaskExitCritical)
    i.TaskHighestReady                       0x00000404   Section        0  main.o(i.TaskHighestReady)
    i.TaskInit                               0x0000041c   Section        0  main.o(i.TaskInit)
    i.TaskRun                                0x000004cc   Section        0  switch.o(i.TaskRun)
    i.TaskSched                              0x000004e8   Section        0  main.o(i.TaskSched)
    i.TaskSwitch                             0x0000052c   Section        0  switch.o(i.TaskSwitch)
    i.main                                   0x0000053c   Section        0  main.o(i.main)
    .constdata                               0x000005b4   Section      256  bitmap.o(.constdata)
    quickFindTable                           0x000005b4   Data         256  bitmap.o(.constdata)
    .data                                    0x20000000   Section       36  main.o(.data)
    .data                                    0x20000024   Section        4  system_armcm3.o(.data)
    .bss                                     0x20000028   Section    12452  main.o(.bss)
    .bss                                     0x200030cc   Section       96  libspace.o(.bss)
    HEAP                                     0x20003130   Section     3072  startup_armcm3.o(HEAP)
    Heap_Mem                                 0x20003130   Data        3072  startup_armcm3.o(HEAP)
    STACK                                    0x20003d30   Section     1024  startup_armcm3.o(STACK)
    Stack_Mem                                0x20003d30   Data        1024  startup_armcm3.o(STACK)
    __initial_sp                             0x20004130   Data           0  startup_armcm3.o(STACK)

    Global Symbols

    Symbol Name                              Value     Ov Type        Size  Object(Section)

    BuildAttributes$$THM_ISAv4$P$D$K$B$S$PE$A:L22UL41UL21$X:L11$S22US41US21$IEEE1$IW$USESV6$~STKCKD$USESV7$~SHL$OSPACE$ROPI$EBA8$UX$STANDARDLIB$REQ8$PRES8$EABIv2 0x00000000   Number         0  anon$$obj.o ABSOLUTE
    __ARM_use_no_argv                        0x00000000   Number         0  main.o ABSOLUTE
    __Vectors                                0x00000000   Data           4  startup_armcm3.o(RESET)
    __ARM_exceptions_init                     - Undefined Weak Reference
    __alloca_initialize                       - Undefined Weak Reference
    __arm_preinit_                            - Undefined Weak Reference
    __cpp_initialize__aeabi_                  - Undefined Weak Reference
    __cxa_finalize                            - Undefined Weak Reference
    __rt_locale                               - Undefined Weak Reference
    __sigvec_lookup                           - Undefined Weak Reference
    _atexit_init                              - Undefined Weak Reference
    _call_atexit_fns                          - Undefined Weak Reference
    _clock_init                               - Undefined Weak Reference
    _fp_trap_init                             - Undefined Weak Reference
    _fp_trap_shutdown                         - Undefined Weak Reference
    _get_lc_collate                           - Undefined Weak Reference
    _get_lc_ctype                             - Undefined Weak Reference
    _get_lc_monetary                          - Undefined Weak Reference
    _get_lc_numeric                           - Undefined Weak Reference
    _get_lc_time                              - Undefined Weak Reference
    _getenv_init                              - Undefined Weak Reference
    _handle_redirection                       - Undefined Weak Reference
    _init_alloc                               - Undefined Weak Reference
    _init_user_alloc                          - Undefined Weak Reference
    _initio                                   - Undefined Weak Reference
    _rand_init                                - Undefined Weak Reference
    _signal_finish                            - Undefined Weak Reference
    _signal_init                              - Undefined Weak Reference
    _terminate_alloc                          - Undefined Weak Reference
    _terminate_user_alloc                     - Undefined Weak Reference
    _terminateio                              - Undefined Weak Reference
    __Vectors_End                            0x000000c0   Data           0  startup_armcm3.o(RESET)
    __Vectors_Size                           0x000000c0   Number         0  startup_armcm3.o ABSOLUTE
    __main                                   0x000000c1   Thumb Code     8  __main.o(!!!main)
    __scatterload                            0x000000c9   Thumb Code     0  __scatter.o(!!!scatter)
    __scatterload_rt2                        0x000000c9   Thumb Code    44  __scatter.o(!!!scatter)
    __scatterload_rt2_thumb_only             0x000000c9   Thumb Code     0  __scatter.o(!!!scatter)
    __scatterload_null                       0x000000d7   Thumb Code     0  __scatter.o(!!!scatter)
    __scatterload_copy                       0x000000fd   Thumb Code    26  __scatter_copy.o(!!handler_copy)
    __scatterload_zeroinit                   0x00000119   Thumb Code    28  __scatter_zi.o(!!handler_zi)
    __rt_lib_init                            0x00000135   Thumb Code     0  libinit.o(.ARM.Collect$$libinit$$00000000)
    __rt_lib_init_alloca_1                   0x00000137   Thumb Code     0  libinit2.o(.ARM.Collect$$libinit$$0000002E)
    __rt_lib_init_argv_1                     0x00000137   Thumb Code     0  libinit2.o(.ARM.Collect$$libinit$$0000002C)
    __rt_lib_init_atexit_1                   0x00000137   Thumb Code     0  libinit2.o(.ARM.Collect$$libinit$$0000001B)
    __rt_lib_init_clock_1                    0x00000137   Thumb Code     0  libinit2.o(.ARM.Collect$$libinit$$00000021)
    __rt_lib_init_cpp_1                      0x00000137   Thumb Code     0  libinit2.o(.ARM.Collect$$libinit$$00000032)
    __rt_lib_init_exceptions_1               0x00000137   Thumb Code     0  libinit2.o(.ARM.Collect$$libinit$$00000030)
    __rt_lib_init_fp_1                       0x00000137   Thumb Code     0  libinit2.o(.ARM.Collect$$libinit$$00000002)
    __rt_lib_init_fp_trap_1                  0x00000137   Thumb Code     0  libinit2.o(.ARM.Collect$$libinit$$0000001F)
    __rt_lib_init_getenv_1                   0x00000137   Thumb Code     0  libinit2.o(.ARM.Collect$$libinit$$00000023)
    __rt_lib_init_heap_1                     0x00000137   Thumb Code     0  libinit2.o(.ARM.Collect$$libinit$$0000000A)
    __rt_lib_init_lc_collate_1               0x00000137   Thumb Code     0  libinit2.o(.ARM.Collect$$libinit$$00000011)
    __rt_lib_init_lc_ctype_1                 0x00000137   Thumb Code     0  libinit2.o(.ARM.Collect$$libinit$$00000013)
    __rt_lib_init_lc_monetary_1              0x00000137   Thumb Code     0  libinit2.o(.ARM.Collect$$libinit$$00000015)
    __rt_lib_init_lc_numeric_1               0x00000137   Thumb Code     0  libinit2.o(.ARM.Collect$$libinit$$00000017)
    __rt_lib_init_lc_time_1                  0x00000137   Thumb Code     0  libinit2.o(.ARM.Collect$$libinit$$00000019)
    __rt_lib_init_preinit_1                  0x00000137   Thumb Code     0  libinit2.o(.ARM.Collect$$libinit$$00000004)
    __rt_lib_init_rand_1                     0x00000137   Thumb Code     0  libinit2.o(.ARM.Collect$$libinit$$0000000E)
    __rt_lib_init_return                     0x00000137   Thumb Code     0  libinit2.o(.ARM.Collect$$libinit$$00000033)
    __rt_lib_init_signal_1                   0x00000137   Thumb Code     0  libinit2.o(.ARM.Collect$$libinit$$0000001D)
    __rt_lib_init_stdio_1                    0x00000137   Thumb Code     0  libinit2.o(.ARM.Collect$$libinit$$00000025)
    __rt_lib_init_user_alloc_1               0x00000137   Thumb Code     0  libinit2.o(.ARM.Collect$$libinit$$0000000C)
    __rt_lib_shutdown                        0x00000139   Thumb Code     0  libshutdown.o(.ARM.Collect$$libshutdown$$00000000)
    __rt_lib_shutdown_cpp_1                  0x0000013b   Thumb Code     0  libshutdown2.o(.ARM.Collect$$libshutdown$$00000002)
    __rt_lib_shutdown_fp_trap_1              0x0000013b   Thumb Code     0  libshutdown2.o(.ARM.Collect$$libshutdown$$00000007)
    __rt_lib_shutdown_heap_1                 0x0000013b   Thumb Code     0  libshutdown2.o(.ARM.Collect$$libshutdown$$0000000F)
    __rt_lib_shutdown_return                 0x0000013b   Thumb Code     0  libshutdown2.o(.ARM.Collect$$libshutdown$$00000010)
    __rt_lib_shutdown_signal_1               0x0000013b   Thumb Code     0  libshutdown2.o(.ARM.Collect$$libshutdown$$0000000A)
    __rt_lib_shutdown_stdio_1                0x0000013b   Thumb Code     0  libshutdown2.o(.ARM.Collect$$libshutdown$$00000004)
    __rt_lib_shutdown_user_alloc_1           0x0000013b   Thumb Code     0  libshutdown2.o(.ARM.Collect$$libshutdown$$0000000C)
    __rt_entry                               0x0000013d   Thumb Code     0  __rtentry.o(.ARM.Collect$$rtentry$$00000000)
    __rt_entry_presh_1                       0x0000013d   Thumb Code     0  __rtentry2.o(.ARM.Collect$$rtentry$$00000002)
    __rt_entry_sh                            0x0000013d   Thumb Code     0  __rtentry4.o(.ARM.Collect$$rtentry$$00000004)
    __rt_entry_li                            0x00000143   Thumb Code     0  __rtentry2.o(.ARM.Collect$$rtentry$$0000000A)
    __rt_entry_postsh_1                      0x00000143   Thumb Code     0  __rtentry2.o(.ARM.Collect$$rtentry$$00000009)
    __rt_entry_main                          0x00000147   Thumb Code     0  __rtentry2.o(.ARM.Collect$$rtentry$$0000000D)
    __rt_entry_postli_1                      0x00000147   Thumb Code     0  __rtentry2.o(.ARM.Collect$$rtentry$$0000000C)
    __rt_exit                                0x0000014f   Thumb Code     0  rtexit.o(.ARM.Collect$$rtexit$$00000000)
    __rt_exit_ls                             0x00000151   Thumb Code     0  rtexit2.o(.ARM.Collect$$rtexit$$00000003)
    __rt_exit_prels_1                        0x00000151   Thumb Code     0  rtexit2.o(.ARM.Collect$$rtexit$$00000002)
    __rt_exit_exit                           0x00000155   Thumb Code     0  rtexit2.o(.ARM.Collect$$rtexit$$00000004)
    PendSV_Handler                           0x0000015d   Thumb Code    40  switch.o(.emb_text)
    Reset_Handler                            0x0000018d   Thumb Code     8  startup_armcm3.o(.text)
    NMI_Handler                              0x00000195   Thumb Code     2  startup_armcm3.o(.text)
    HardFault_Handler                        0x00000197   Thumb Code     2  startup_armcm3.o(.text)
    MemManage_Handler                        0x00000199   Thumb Code     2  startup_armcm3.o(.text)
    BusFault_Handler                         0x0000019b   Thumb Code     2  startup_armcm3.o(.text)
    UsageFault_Handler                       0x0000019d   Thumb Code     2  startup_armcm3.o(.text)
    SVC_Handler                              0x0000019f   Thumb Code     2  startup_armcm3.o(.text)
    DebugMon_Handler                         0x000001a1   Thumb Code     2  startup_armcm3.o(.text)
    AACI_IRQHandler                          0x000001a7   Thumb Code     0  startup_armcm3.o(.text)
    CAN_IRQHandler                           0x000001a7   Thumb Code     0  startup_armcm3.o(.text)
    CHLCD_IRQHandler                         0x000001a7   Thumb Code     0  startup_armcm3.o(.text)
    CLCD_IRQHandler                          0x000001a7   Thumb Code     0  startup_armcm3.o(.text)
    CPU_CLCD_IRQHandler                      0x000001a7   Thumb Code     0  startup_armcm3.o(.text)
    ENET_IRQHandler                          0x000001a7   Thumb Code     0  startup_armcm3.o(.text)
    FLEXRAY_IRQHandler                       0x000001a7   Thumb Code     0  startup_armcm3.o(.text)
    I2C_IRQHandler                           0x000001a7   Thumb Code     0  startup_armcm3.o(.text)
    LIN_IRQHandler                           0x000001a7   Thumb Code     0  startup_armcm3.o(.text)
    MCIA_IRQHandler                          0x000001a7   Thumb Code     0  startup_armcm3.o(.text)
    MCIB_IRQHandler                          0x000001a7   Thumb Code     0  startup_armcm3.o(.text)
    RTC_IRQHandler                           0x000001a7   Thumb Code     0  startup_armcm3.o(.text)
    SPI_IRQHandler                           0x000001a7   Thumb Code     0  startup_armcm3.o(.text)
    TIM0_IRQHandler                          0x000001a7   Thumb Code     0  startup_armcm3.o(.text)
    TIM2_IRQHandler                          0x000001a7   Thumb Code     0  startup_armcm3.o(.text)
    UART0_IRQHandler                         0x000001a7   Thumb Code     0  startup_armcm3.o(.text)
    UART1_IRQHandler                         0x000001a7   Thumb Code     0  startup_armcm3.o(.text)
    UART2_IRQHandler                         0x000001a7   Thumb Code     0  startup_armcm3.o(.text)
    UART3_IRQHandler                         0x000001a7   Thumb Code     0  startup_armcm3.o(.text)
    UART4_IRQHandler                         0x000001a7   Thumb Code     0  startup_armcm3.o(.text)
    USBDC_IRQHandler                         0x000001a7   Thumb Code     0  startup_armcm3.o(.text)
    USBHC_IRQHandler                         0x000001a7   Thumb Code     0  startup_armcm3.o(.text)
    WDT_IRQHandler                           0x000001a7   Thumb Code     0  startup_armcm3.o(.text)
    __user_initial_stackheap                 0x000001a9   Thumb Code    10  startup_armcm3.o(.text)
    __use_two_region_memory                  0x000001cd   Thumb Code     2  heapauxi.o(.text)
    __rt_heap_escrow$2region                 0x000001cf   Thumb Code     2  heapauxi.o(.text)
    __rt_heap_expand$2region                 0x000001d1   Thumb Code     2  heapauxi.o(.text)
    __user_setup_stackheap                   0x000001d3   Thumb Code    74  sys_stackheap_outer.o(.text)
    exit                                     0x0000021d   Thumb Code    18  exit.o(.text)
    __user_libspace                          0x00000231   Thumb Code     8  libspace.o(.text)
    __user_perproc_libspace                  0x00000231   Thumb Code     0  libspace.o(.text)
    __user_perthread_libspace                0x00000231   Thumb Code     0  libspace.o(.text)
    _sys_exit                                0x00000239   Thumb Code     8  sys_exit.o(.text)
    __I$use$semihosting                      0x00000245   Thumb Code     0  use_no_semi.o(.text)
    __use_no_semihosting_swi                 0x00000245   Thumb Code     2  use_no_semi.o(.text)
    BitmapClear                              0x00000247   Thumb Code    12  bitmap.o(i.BitmapClear)
    __semihosting_library_function           0x00000247   Thumb Code     0  indicate_semi.o(.text)
    BitmapGetFirstSet                        0x00000255   Thumb Code    86  bitmap.o(i.BitmapGetFirstSet)
    BitmapPosCount                           0x000002b1   Thumb Code     4  bitmap.o(i.BitmapPosCount)
    BitmapSet                                0x000002b5   Thumb Code    12  bitmap.o(i.BitmapSet)
    IdleTask                                 0x000002c1   Thumb Code     4  main.o(i.IdleTask)
    OSdelay                                  0x000002c5   Thumb Code    40  main.o(i.OSdelay)
    SysTickInit                              0x000002f5   Thumb Code    74  main.o(i.SysTickInit)
    SysTick_Handler                          0x0000034d   Thumb Code    68  main.o(i.SysTick_Handler)
    SystemInit                               0x00000399   Thumb Code     8  system_armcm3.o(i.SystemInit)
    Task1                                    0x000003a9   Thumb Code    32  main.o(i.Task1)
    Task2                                    0x000003cd   Thumb Code    26  main.o(i.Task2)
    TaskEnterCritical                        0x000003ed   Thumb Code    12  main.o(i.TaskEnterCritical)
    TaskExitCritical                         0x000003f9   Thumb Code    10  main.o(i.TaskExitCritical)
    TaskHighestReady                         0x00000405   Thumb Code    16  main.o(i.TaskHighestReady)
    TaskInit                                 0x0000041d   Thumb Code   168  main.o(i.TaskInit)
    TaskRun                                  0x000004cd   Thumb Code    24  switch.o(i.TaskRun)
    TaskSched                                0x000004e9   Thumb Code    56  main.o(i.TaskSched)
    TaskSwitch                               0x0000052d   Thumb Code    10  switch.o(i.TaskSwitch)
    main                                     0x0000053d   Thumb Code    76  main.o(i.main)
    Region$$Table$$Base                      0x000006b4   Number         0  anon$$obj.o(Region$$Table)
    Region$$Table$$Limit                     0x000006d4   Number         0  anon$$obj.o(Region$$Table)
    tickCounter                              0x20000000   Data           4  main.o(.data)
    curTask                                  0x20000004   Data           4  main.o(.data)
    nxtTask                                  0x20000008   Data           4  main.o(.data)
    taskPrioBitmap                           0x2000000c   Data           4  main.o(.data)
    idleTask                                 0x20000010   Data           4  main.o(.data)
    schedLockCount                           0x20000014   Data           4  main.o(.data)
    taks1Flag                                0x20000018   Data           4  main.o(.data)
    firstset                                 0x2000001c   Data           4  main.o(.data)
    taks2Flag                                0x20000020   Data           4  main.o(.data)
    SystemCoreClock                          0x20000024   Data           4  system_armcm3.o(.data)
    taskTable                                0x20000028   Data         128  main.o(.bss)
    tcbIdle                                  0x200000a8   Data          12  main.o(.bss)
    IdleEnv                                  0x200000b4   Data        4096  main.o(.bss)
    tcbtask1                                 0x200010b4   Data          12  main.o(.bss)
    tcbtask2                                 0x200010c0   Data          12  main.o(.bss)
    task1Env                                 0x200010cc   Data        4096  main.o(.bss)
    task2Env                                 0x200020cc   Data        4096  main.o(.bss)
    __libspace_start                         0x200030cc   Data          96  libspace.o(.bss)
    __temporary_stack_top$libspace           0x2000312c   Data           0  libspace.o(.bss)



==============================================================================

Memory Map of the image

  Image Entry point : 0x0000018d

  Load Region LR_1 (Base: 0x00000000, Size: 0x000006fc, Max: 0xffffffff, ABSOLUTE)

    Execution Region ER_RO (Base: 0x00000000, Size: 0x000006d4, Max: 0xffffffff, ABSOLUTE)

    Base Addr    Size         Type   Attr      Idx    E Section Name        Object

    0x00000000   0x000000c0   Data   RO          224    RESET               startup_armcm3.o
    0x000000c0   0x00000008   Code   RO          272  * !!!main             c_w.l(__main.o)
    0x000000c8   0x00000034   Code   RO          429    !!!scatter          c_w.l(__scatter.o)
    0x000000fc   0x0000001a   Code   RO          431    !!handler_copy      c_w.l(__scatter_copy.o)
    0x00000116   0x00000002   PAD
    0x00000118   0x0000001c   Code   RO          433    !!handler_zi        c_w.l(__scatter_zi.o)
    0x00000134   0x00000002   Code   RO          299    .ARM.Collect$$libinit$$00000000  c_w.l(libinit.o)
    0x00000136   0x00000000   Code   RO          306    .ARM.Collect$$libinit$$00000002  c_w.l(libinit2.o)
    0x00000136   0x00000000   Code   RO          308    .ARM.Collect$$libinit$$00000004  c_w.l(libinit2.o)
    0x00000136   0x00000000   Code   RO          311    .ARM.Collect$$libinit$$0000000A  c_w.l(libinit2.o)
    0x00000136   0x00000000   Code   RO          313    .ARM.Collect$$libinit$$0000000C  c_w.l(libinit2.o)
    0x00000136   0x00000000   Code   RO          315    .ARM.Collect$$libinit$$0000000E  c_w.l(libinit2.o)
    0x00000136   0x00000000   Code   RO          318    .ARM.Collect$$libinit$$00000011  c_w.l(libinit2.o)
    0x00000136   0x00000000   Code   RO          320    .ARM.Collect$$libinit$$00000013  c_w.l(libinit2.o)
    0x00000136   0x00000000   Code   RO          322    .ARM.Collect$$libinit$$00000015  c_w.l(libinit2.o)
    0x00000136   0x00000000   Code   RO          324    .ARM.Collect$$libinit$$00000017  c_w.l(libinit2.o)
    0x00000136   0x00000000   Code   RO          326    .ARM.Collect$$libinit$$00000019  c_w.l(libinit2.o)
    0x00000136   0x00000000   Code   RO          328    .ARM.Collect$$libinit$$0000001B  c_w.l(libinit2.o)
    0x00000136   0x00000000   Code   RO          330    .ARM.Collect$$libinit$$0000001D  c_w.l(libinit2.o)
    0x00000136   0x00000000   Code   RO          332    .ARM.Collect$$libinit$$0000001F  c_w.l(libinit2.o)
    0x00000136   0x00000000   Code   RO          334    .ARM.Collect$$libinit$$00000021  c_w.l(libinit2.o)
    0x00000136   0x00000000   Code   RO          336    .ARM.Collect$$libinit$$00000023  c_w.l(libinit2.o)
    0x00000136   0x00000000   Code   RO          338    .ARM.Collect$$libinit$$00000025  c_w.l(libinit2.o)
    0x00000136   0x00000000   Code   RO          342    .ARM.Collect$$libinit$$0000002C  c_w.l(libinit2.o)
    0x00000136   0x00000000   Code   RO          344    .ARM.Collect$$libinit$$0000002E  c_w.l(libinit2.o)
    0x00000136   0x00000000   Code   RO          346    .ARM.Collect$$libinit$$00000030  c_w.l(libinit2.o)
    0x00000136   0x00000000   Code   RO          348    .ARM.Collect$$libinit$$00000032  c_w.l(libinit2.o)
    0x00000136   0x00000002   Code   RO          349    .ARM.Collect$$libinit$$00000033  c_w.l(libinit2.o)
    0x00000138   0x00000002   Code   RO          369    .ARM.Collect$$libshutdown$$00000000  c_w.l(libshutdown.o)
    0x0000013a   0x00000000   Code   RO          382    .ARM.Collect$$libshutdown$$00000002  c_w.l(libshutdown2.o)
    0x0000013a   0x00000000   Code   RO          384    .ARM.Collect$$libshutdown$$00000004  c_w.l(libshutdown2.o)
    0x0000013a   0x00000000   Code   RO          387    .ARM.Collect$$libshutdown$$00000007  c_w.l(libshutdown2.o)
    0x0000013a   0x00000000   Code   RO          390    .ARM.Collect$$libshutdown$$0000000A  c_w.l(libshutdown2.o)
    0x0000013a   0x00000000   Code   RO          392    .ARM.Collect$$libshutdown$$0000000C  c_w.l(libshutdown2.o)
    0x0000013a   0x00000000   Code   RO          395    .ARM.Collect$$libshutdown$$0000000F  c_w.l(libshutdown2.o)
    0x0000013a   0x00000002   Code   RO          396    .ARM.Collect$$libshutdown$$00000010  c_w.l(libshutdown2.o)
    0x0000013c   0x00000000   Code   RO          274    .ARM.Collect$$rtentry$$00000000  c_w.l(__rtentry.o)
    0x0000013c   0x00000000   Code   RO          276    .ARM.Collect$$rtentry$$00000002  c_w.l(__rtentry2.o)
    0x0000013c   0x00000006   Code   RO          288    .ARM.Collect$$rtentry$$00000004  c_w.l(__rtentry4.o)
    0x00000142   0x00000000   Code   RO          278    .ARM.Collect$$rtentry$$00000009  c_w.l(__rtentry2.o)
    0x00000142   0x00000004   Code   RO          279    .ARM.Collect$$rtentry$$0000000A  c_w.l(__rtentry2.o)
    0x00000146   0x00000000   Code   RO          281    .ARM.Collect$$rtentry$$0000000C  c_w.l(__rtentry2.o)
    0x00000146   0x00000008   Code   RO          282    .ARM.Collect$$rtentry$$0000000D  c_w.l(__rtentry2.o)
    0x0000014e   0x00000002   Code   RO          303    .ARM.Collect$$rtexit$$00000000  c_w.l(rtexit.o)
    0x00000150   0x00000000   Code   RO          351    .ARM.Collect$$rtexit$$00000002  c_w.l(rtexit2.o)
    0x00000150   0x00000004   Code   RO          352    .ARM.Collect$$rtexit$$00000003  c_w.l(rtexit2.o)
    0x00000154   0x00000006   Code   RO          353    .ARM.Collect$$rtexit$$00000004  c_w.l(rtexit2.o)
    0x0000015a   0x00000002   PAD
    0x0000015c   0x00000030   Code   RO          143    .emb_text           switch.o
    0x0000018c   0x00000040   Code   RO          225  * .text               startup_armcm3.o
    0x000001cc   0x00000006   Code   RO          270    .text               c_w.l(heapauxi.o)
    0x000001d2   0x0000004a   Code   RO          290    .text               c_w.l(sys_stackheap_outer.o)
    0x0000021c   0x00000012   Code   RO          292    .text               c_w.l(exit.o)
    0x0000022e   0x00000002   PAD
    0x00000230   0x00000008   Code   RO          300    .text               c_w.l(libspace.o)
    0x00000238   0x0000000c   Code   RO          361    .text               c_w.l(sys_exit.o)
    0x00000244   0x00000002   Code   RO          372    .text               c_w.l(use_no_semi.o)
    0x00000246   0x00000000   Code   RO          374    .text               c_w.l(indicate_semi.o)
    0x00000246   0x0000000c   Code   RO          185    i.BitmapClear       bitmap.o
    0x00000252   0x00000002   PAD
    0x00000254   0x0000005c   Code   RO          186    i.BitmapGetFirstSet  bitmap.o
    0x000002b0   0x00000004   Code   RO          188    i.BitmapPosCount    bitmap.o
    0x000002b4   0x0000000c   Code   RO          189    i.BitmapSet         bitmap.o
    0x000002c0   0x00000004   Code   RO            4    i.IdleTask          main.o
    0x000002c4   0x00000030   Code   RO            5    i.OSdelay           main.o
    0x000002f4   0x00000058   Code   RO            6    i.SysTickInit       main.o
    0x0000034c   0x0000004c   Code   RO            7    i.SysTick_Handler   main.o
    0x00000398   0x00000010   Code   RO          233    i.SystemInit        system_armcm3.o
    0x000003a8   0x00000024   Code   RO            8    i.Task1             main.o
    0x000003cc   0x00000020   Code   RO            9    i.Task2             main.o
    0x000003ec   0x0000000c   Code   RO           10    i.TaskEnterCritical  main.o
    0x000003f8   0x0000000a   Code   RO           11    i.TaskExitCritical  main.o
    0x00000402   0x00000002   PAD
    0x00000404   0x00000018   Code   RO           12    i.TaskHighestReady  main.o
    0x0000041c   0x000000b0   Code   RO           13    i.TaskInit          main.o
    0x000004cc   0x0000001c   Code   RO          144    i.TaskRun           switch.o
    0x000004e8   0x00000044   Code   RO           14    i.TaskSched         main.o
    0x0000052c   0x00000010   Code   RO          145    i.TaskSwitch        switch.o
    0x0000053c   0x00000078   Code   RO           16    i.main              main.o
    0x000005b4   0x00000100   Data   RO          190    .constdata          bitmap.o
    0x000006b4   0x00000020   Data   RO          427    Region$$Table       anon$$obj.o


    Execution Region ER_RW (Base: 0x20000000, Size: 0x00000028, Max: 0xffffffff, ABSOLUTE)

    Base Addr    Size         Type   Attr      Idx    E Section Name        Object

    0x20000000   0x00000024   Data   RW           18    .data               main.o
    0x20000024   0x00000004   Data   RW          234    .data               system_armcm3.o


    Execution Region ER_ZI (Base: 0x20000028, Size: 0x00004108, Max: 0xffffffff, ABSOLUTE)

    Base Addr    Size         Type   Attr      Idx    E Section Name        Object

    0x20000028   0x000030a4   Zero   RW           17    .bss                main.o
    0x200030cc   0x00000060   Zero   RW          301    .bss                c_w.l(libspace.o)
    0x2000312c   0x00000004   PAD
    0x20003130   0x00000c00   Zero   RW          223    HEAP                startup_armcm3.o
    0x20003d30   0x00000400   Zero   RW          222    STACK               startup_armcm3.o


==============================================================================

Image component sizes


      Code (inc. data)   RO Data    RW Data    ZI Data      Debug   Object Name

       120          6        256          0          0       2195   bitmap.o
       694        112          0         36      12452      42268   main.o
        64         26        192          0       4096        852   startup_armcm3.o
        92         18          0          0          0       3971   switch.o
        16          8          0          4          0        687   system_armcm3.o

    ----------------------------------------------------------------------
       990        170        480         40      16548      49973   Object Totals
         0          0         32          0          0          0   (incl. Generated)
         4          0          0          0          0          0   (incl. Padding)

    ----------------------------------------------------------------------

      Code (inc. data)   RO Data    RW Data    ZI Data      Debug   Library Member Name

         8          0          0          0          0         68   __main.o
         0          0          0          0          0          0   __rtentry.o
        12          0          0          0          0          0   __rtentry2.o
         6          0          0          0          0          0   __rtentry4.o
        52          8          0          0          0          0   __scatter.o
        26          0          0          0          0          0   __scatter_copy.o
        28          0          0          0          0          0   __scatter_zi.o
        18          0          0          0          0         80   exit.o
         6          0          0          0          0        152   heapauxi.o
         0          0          0          0          0          0   indicate_semi.o
         2          0          0          0          0          0   libinit.o
         2          0          0          0          0          0   libinit2.o
         2          0          0          0          0          0   libshutdown.o
         2          0          0          0          0          0   libshutdown2.o
         8          4          0          0         96         68   libspace.o
         2          0          0          0          0          0   rtexit.o
        10          0          0          0          0          0   rtexit2.o
        12          4          0          0          0         68   sys_exit.o
        74          0          0          0          0         80   sys_stackheap_outer.o
         2          0          0          0          0         68   use_no_semi.o

    ----------------------------------------------------------------------
       278         16          0          0        100        584   Library Totals
         6          0          0          0          4          0   (incl. Padding)

    ----------------------------------------------------------------------

      Code (inc. data)   RO Data    RW Data    ZI Data      Debug   Library Name

       272         16          0          0         96        584   c_w.l

    ----------------------------------------------------------------------
       278         16          0          0        100        584   Library Totals

    ----------------------------------------------------------------------

==============================================================================


      Code (inc. data)   RO Data    RW Data    ZI Data      Debug   

      1268        186        480         40      16648      49565   Grand Totals
      1268        186        480         40      16648      49565   ELF Image Totals
      1268        186        480         40          0          0   ROM Totals

==============================================================================

    Total RO  Size (Code + RO Data)                 1748 (   1.71kB)
    Total RW  Size (RW Data + ZI Data)             16688 (  16.30kB)
    Total ROM Size (Code + RO Data + RW Data)       1788 (   1.75kB)

==============================================================================

